{
 "cells": [
  {
   "cell_type": "code",
   "execution_count": 5,
   "id": "6a865eed",
   "metadata": {},
   "outputs": [],
   "source": [
    "import tkinter as tk\n",
    "from tkinter import filedialog\n",
    "from tkinter import ttk\n",
    "import re\n",
    "from datetime import datetime\n",
    "\n",
    "def extract_lines():\n",
    "    user_condition = condition_entry.get()\n",
    "    pattern = rf'(\\w+ \\d+ \\d+:\\d+:\\d+ .*{re.escape(user_condition)}.*)'\n",
    "\n",
    "    file_path = filedialog.askopenfilename(filetypes=[('Text Files', '*.txt')])\n",
    "\n",
    "    if file_path:\n",
    "        with open(file_path, 'r', encoding='utf-8', errors='ignore') as file:\n",
    "            data = file.read()\n",
    "            matches = re.findall(pattern, data)\n",
    "            matches = sorted(matches, key=lambda x: extract_timestamp(x))\n",
    "\n",
    "            treeview.delete(*treeview.get_children())\n",
    "\n",
    "            start_time_str = start_time_entry.get()\n",
    "            end_time_str = end_time_entry.get()\n",
    "\n",
    "            start_time = datetime.strptime(start_time_str, '%b %d %H:%M:%S')\n",
    "            end_time = datetime.strptime(end_time_str, '%b %d %H:%M:%S')\n",
    "\n",
    "            error_count = 0 \n",
    "\n",
    "            for match in matches:\n",
    "                timestamp = extract_timestamp(match)\n",
    "                line = match.replace(timestamp, '', 1).strip()\n",
    "                line_time = datetime.strptime(timestamp, '%b %d %H:%M:%S')\n",
    "                if start_time <= line_time <= end_time:\n",
    "                    if 'error' in line.lower(): \n",
    "                        treeview.insert('', tk.END, values=(timestamp, line), tags=('error',))\n",
    "                        error_count += 1\n",
    "                    else:\n",
    "                        treeview.insert('', tk.END, values=(timestamp, line))\n",
    "\n",
    "            count_label.config(text=f\"Matches Found: {len(treeview.get_children())}\")\n",
    "            error_count_label.config(text=f\"Error Count: {error_count}\")\n",
    "\n",
    "            file_name_label.config(text=f\"Selected File: {file_path}\")\n",
    "\n",
    "\n",
    "def clear_results():\n",
    "    treeview.delete(*treeview.get_children())\n",
    "    count_label.config(text=\"Matches Found: 0\")\n",
    "    error_count_label.config(text=\"Error Count: 0\")\n",
    "\n",
    "def export_results():\n",
    "    file_path = filedialog.asksaveasfilename(defaultextension='.txt', filetypes=[('Text Files', '*.txt')])\n",
    "\n",
    "    if file_path:\n",
    "        with open(file_path, 'w') as file:\n",
    "            for item in treeview.get_children():\n",
    "                line = treeview.item(item)['values'][1] + '\\n'\n",
    "                file.write(line)\n",
    "\n",
    "def toggle_case_sensitivity():\n",
    "    global case_sensitive\n",
    "    case_sensitive = not case_sensitive\n",
    "    case_sensitivity_button.config(text=f\"Case Sensitivity: {'On' if case_sensitive else 'Off'}\")\n",
    "\n",
    "def extract_timestamp(line):\n",
    "    timestamp = re.search(r'^(\\w+ \\d+ \\d+:\\d+:\\d+)', line)\n",
    "    if timestamp:\n",
    "        return timestamp.group(1)\n",
    "    return ''\n",
    "\n",
    "window = tk.Tk()\n",
    "window.title(\"LogExtractor\")\n",
    "\n",
    "# Styling options\n",
    "window.geometry(\"800x600\")\n",
    "window.config(bg=\"#F0F0F0\")\n",
    "\n",
    "# Title label\n",
    "title_label = tk.Label(window, text=\"LogExtractor\", font=(\"Arial\", 18, \"bold\"), pady=10, bg=\"#F0F0F0\")\n",
    "title_label.pack()\n",
    "\n",
    "# Separator\n",
    "separator = ttk.Separator(window, orient=tk.HORIZONTAL)\n",
    "separator.pack(fill=tk.X, pady=10)\n",
    "\n",
    "# Frame for inputs\n",
    "input_frame = tk.Frame(window, bg=\"#F0F0F0\")\n",
    "input_frame.pack(pady=10)\n",
    "\n",
    "# Labels and entry boxes\n",
    "condition_label = tk.Label(input_frame, text=\"Enter the condition:\", font=(\"Arial\", 12), bg=\"#F0F0F0\")\n",
    "condition_label.grid(row=0, column=0, sticky='w', padx=10, pady=5)\n",
    "\n",
    "condition_entry = tk.Entry(input_frame, font=(\"Arial\", 12))\n",
    "condition_entry.grid(row=0, column=1, padx=10, pady=5)\n",
    "\n",
    "start_time_label = tk.Label(input_frame, text=\"Start Timestamp:\", font=(\"Arial\", 12), bg=\"#F0F0F0\")\n",
    "start_time_label.grid(row=1, column=0, sticky='w', padx=10, pady=5)\n",
    "\n",
    "start_time_entry = tk.Entry(input_frame, font=(\"Arial\", 12))\n",
    "start_time_entry.grid(row=1, column=1, padx=10, pady=5)\n",
    "\n",
    "end_time_label = tk.Label(input_frame, text=\"End Timestamp:\", font=(\"Arial\", 12), bg=\"#F0F0F0\")\n",
    "end_time_label.grid(row=2, column=0, sticky='w', padx=10, pady=5)\n",
    "\n",
    "end_time_entry = tk.Entry(input_frame, font=(\"Arial\", 12))\n",
    "end_time_entry.grid(row=2, column=1, padx=10, pady=5)\n",
    "\n",
    "# Select File button\n",
    "select_file_button = tk.Button(window, text=\"Select File\", command=extract_lines, font=(\"Arial\", 12), bg=\"#4287f5\", fg=\"white\")\n",
    "select_file_button.pack(pady=10)\n",
    "\n",
    "# Frame for treeview\n",
    "content_frame = tk.Frame(window)\n",
    "content_frame.pack(fill=tk.BOTH, expand=True)\n",
    "\n",
    "treeview = ttk.Treeview(content_frame, columns=('Timestamp', 'Line'), show='headings', selectmode='browse')\n",
    "treeview.heading('Timestamp', text='Timestamp', anchor='w')\n",
    "treeview.heading('Line', text='Line', anchor='w')\n",
    "\n",
    "treeview.column('Timestamp', width=200, anchor='w')\n",
    "treeview.column('Line', width=800, anchor='w')\n",
    "\n",
    "treeview.tag_configure(\"error\", background=\"yellow\")  # Configure tag for error messages\n",
    "\n",
    "scrollbar = ttk.Scrollbar(content_frame, orient=tk.VERTICAL, command=treeview.yview)\n",
    "treeview.configure(yscroll=scrollbar.set)\n",
    "\n",
    "treeview.pack(side=tk.LEFT, fill=tk.BOTH, expand=True)\n",
    "scrollbar.pack(side=tk.RIGHT, fill=tk.Y)\n",
    "\n",
    "count_label = tk.Label(window, text=\"Matches Found: 0\", font=(\"Arial\", 12), bg=\"#F0F0F0\")\n",
    "count_label.pack()\n",
    "\n",
    "error_count_label = tk.Label(window, text=\"Error Count: 0\", font=(\"Arial\", 12), bg=\"#F0F0F0\")\n",
    "error_count_label.pack()\n",
    "file_name_label = tk.Label(window, text=\"\", font=(\"Arial\", 12), bg=\"#F0F0F0\")\n",
    "file_name_label.pack()\n",
    "select_file_button.pack(pady=(0, 10))\n",
    "clear_results_button = tk.Button(window, text=\"Clear Results\", command=clear_results, font=(\"Arial\", 12))\n",
    "clear_results_button.pack(pady=5)\n",
    "\n",
    "export_results_button = tk.Button(window, text=\"Export Results\", command=export_results, font=(\"Arial\", 12))\n",
    "export_results_button.pack(pady=5)\n",
    "\n",
    "\n",
    "case_sensitive = False\n",
    "case_sensitivity_button = tk.Button(window, text=\"Case Sensitivity: Off\", command=toggle_case_sensitivity, font=(\"Arial\", 12))\n",
    "case_sensitivity_button.pack(pady=5)\n",
    "\n",
    "window.mainloop()\n"
   ]
  },
  {
   "cell_type": "code",
   "execution_count": null,
   "id": "de36de46",
   "metadata": {},
   "outputs": [],
   "source": []
  },
  {
   "cell_type": "code",
   "execution_count": 5,
   "id": "e49f4445",
   "metadata": {},
   "outputs": [
    {
     "name": "stdout",
     "output_type": "stream",
     "text": [
      "['Linux version 4.18.0-348.el8.x86_64 (mockbuild@x86-vm-09.build.eng.bos.redhat.com) (gcc version 8.5.0 20210514 (Red Hat 8.5.0-3) (GCC)) #1 SMP Mon Oct 4 12:17:22 EDT 2021', 'Command line: BOOT_IMAGE=(hd0,gpt4)/vmlinuz-4.18.0-348.el8.x86_64 root=/dev/mapper/rhel-root ro', \"x86/fpu: Supporting XSAVE feature 0x001: 'x87 floating point registers'\", \"x86/fpu: Supporting XSAVE feature 0x002: 'SSE registers'\", \"x86/fpu: Supporting XSAVE feature 0x004: 'AVX registers'\", \"x86/fpu: Supporting XSAVE feature 0x008: 'MPX bounds registers'\", \"x86/fpu: Supporting XSAVE feature 0x010: 'MPX CSR'\", \"x86/fpu: Supporting XSAVE feature 0x020: 'AVX-512 opmask'\", \"x86/fpu: Supporting XSAVE feature 0x040: 'AVX-512 Hi256'\", \"x86/fpu: Supporting XSAVE feature 0x080: 'AVX-512 ZMM_Hi256'\", \"x86/fpu: Supporting XSAVE feature 0x200: 'Protection Keys User registers'\", 'x86/fpu: xstate_offset[2]:  576, xstate_sizes[2]:  256', 'x86/fpu: xstate_offset[3]:  832, xstate_sizes[3]:   64', 'x86/fpu: xstate_offset[4]:  896, xstate_sizes[4]:   64', 'x86/fpu: xstate_offset[5]:  960, xstate_sizes[5]:   64', 'x86/fpu: xstate_offset[6]: 1024, xstate_sizes[6]:  512', 'x86/fpu: xstate_offset[7]: 1536, xstate_sizes[7]: 1024', 'x86/fpu: xstate_offset[9]: 2560, xstate_sizes[9]:    8', \"x86/fpu: Enabled xstate features 0x2ff, context size is 2568 bytes, using 'compacted' format.\", 'BIOS-provided physical RAM map:', 'BIOS-e820: [mem 0x0000000000000000-0x000000000009ffff] usable', 'BIOS-e820: [mem 0x00000000000a0000-0x00000000000fffff] reserved', 'BIOS-e820: [mem 0x0000000000100000-0x000000004fee9fff] usable', 'BIOS-e820: [mem 0x000000004feea000-0x0000000050021fff] reserved', 'BIOS-e820: [mem 0x0000000050022000-0x00000000682fefff] usable', 'BIOS-e820: [mem 0x00000000682ff000-0x000000006ebfefff] reserved', 'BIOS-e820: [mem 0x000000006ebff000-0x000000006f9fefff] ACPI NVS', 'BIOS-e820: [mem 0x000000006f9ff000-0x000000006fffefff] ACPI data', 'BIOS-e820: [mem 0x000000006ffff000-0x000000006fffffff] usable', 'BIOS-e820: [mem 0x0000000070000000-0x000000008fffffff] reserved', 'BIOS-e820: [mem 0x00000000fe000000-0x00000000fe010fff] reserved', 'BIOS-e820: [mem 0x0000000100000000-0x000000107fffffff] usable', 'NX (Execute Disable) protection: active', 'extended physical RAM map:', 'reserve setup_data: [mem 0x0000000000000000-0x000000000009ffff] usable', 'reserve setup_data: [mem 0x00000000000a0000-0x00000000000fffff] reserved', 'reserve setup_data: [mem 0x0000000000100000-0x000000004f5c701f] usable', 'reserve setup_data: [mem 0x000000004f5c7020-0x000000004f5f605f] usable', 'reserve setup_data: [mem 0x000000004f5f6060-0x000000004f5f701f] usable', 'reserve setup_data: [mem 0x000000004f5f7020-0x000000004f62fc5f] usable', 'reserve setup_data: [mem 0x000000004f62fc60-0x000000004f63001f] usable', 'reserve setup_data: [mem 0x000000004f630020-0x000000004f668c5f] usable', 'reserve setup_data: [mem 0x000000004f668c60-0x000000004f66901f] usable', 'reserve setup_data: [mem 0x000000004f669020-0x000000004f67105f] usable', 'reserve setup_data: [mem 0x000000004f671060-0x000000004f67201f] usable', 'reserve setup_data: [mem 0x000000004f672020-0x000000004f6a465f] usable', 'reserve setup_data: [mem 0x000000004f6a4660-0x000000004f6a501f] usable', 'reserve setup_data: [mem 0x000000004f6a5020-0x000000004f6d765f] usable', 'reserve setup_data: [mem 0x000000004f6d7660-0x000000004fee9fff] usable', 'reserve setup_data: [mem 0x000000004feea000-0x0000000050021fff] reserved', 'reserve setup_data: [mem 0x0000000050022000-0x00000000682fefff] usable', 'reserve setup_data: [mem 0x00000000682ff000-0x000000006ebfefff] reserved', 'reserve setup_data: [mem 0x000000006ebff000-0x000000006f9fefff] ACPI NVS', 'reserve setup_data: [mem 0x000000006f9ff000-0x000000006fffefff] ACPI data', 'reserve setup_data: [mem 0x000000006ffff000-0x000000006fffffff] usable', 'reserve setup_data: [mem 0x0000000070000000-0x000000008fffffff] reserved', 'reserve setup_data: [mem 0x00000000fe000000-0x00000000fe010fff] reserved', 'reserve setup_data: [mem 0x0000000100000000-0x000000107fffffff] usable', 'efi: EFI v2.70 by Dell Inc.', 'efi:  ACPI=0x6fffe000  ACPI 2.0=0x6fffe014  SMBIOS=0x68d36000  SMBIOS 3.0=0x68d34000  MEMATTR=0x65058020  MOKvar=0x683a2000  TPMEventLog=0x51e00020', '[Firmware Bug]: TPM Final Events table missing or invalid', 'secureboot: Secure boot disabled', 'SMBIOS 3.2.0 present.', 'DMI: Dell Inc. PowerEdge R740/06WXJT, BIOS 2.14.2 03/21/2022', 'tsc: Detected 3300.000 MHz processor', 'last_pfn = 0x1080000 max_arch_pfn = 0x400000000', 'x86/PAT: Configuration [0-7]: WB  WC  UC- UC  WB  WP  UC- WT', 'total RAM covered: 65472M', 'Found optimal setting for mtrr clean up', 'gran_size: 64K #011chunk_size: 512M #011num_reg: 7  #011lose cover RAM: 0G', 'x2apic: enabled by BIOS, switching to x2apic ops', 'last_pfn = 0x70000 max_arch_pfn = 0x400000000', 'Using GB pages for direct mapping', 'RAMDISK: [mem 0x2b4d4000-0x2e7fefff]', 'ACPI: Early table checksum verification disabled', 'ACPI: RSDP 0x000000006FFFE014 000024 (v02 DELL  )', 'ACPI: XSDT 0x000000006FC11188 000104 (v01 DELL   PE_SC3   00000000      01000013)', 'ACPI: FACP 0x000000006FFF6000 000114 (v06 DELL   PE_SC3   00000000 DELL 00000001)', 'ACPI: DSDT 0x000000006FCF8000 2EE3DC (v02 DELL   PE_SC3   00000003 DELL 00000001)', 'ACPI: FACS 0x000000006F56D000 000040', 'ACPI: SSDT 0x000000006FFFC000 0005F8 (v02 DELL   Tpm2Tabl 00001000 INTL 20180508)', 'ACPI: TPM2 0x000000006FFFB000 000038 (v04 DELL   PE_SC3   00000002      01000013)', 'ACPI: SSDT 0x000000006FFFA000 00046C (v02 INTEL  ADDRXLAT 00000001 INTL 20180508)', 'ACPI: MCEJ 0x000000006FFF9000 000130 (v01 DELL   PE_SC3   00000002 DELL 00000001)', 'ACPI: WD__ 0x000000006FFF8000 000134 (v01 DELL   PE_SC3   00000001 DELL 00000001)', 'ACPI: SLIC 0x000000006FFF7000 000024 (v01 DELL   PE_SC3   00000001 DELL 00000001)', 'ACPI: HPET 0x000000006FFF5000 000038 (v01 DELL   PE_SC3   00000001 DELL 00000001)', 'ACPI: APIC 0x000000006FFF3000 0016DE (v04 DELL   PE_SC3   00000000 DELL 00000001)', 'ACPI: MCFG 0x000000006FFF2000 00003C (v01 DELL   PE_SC3   00000001 DELL 00000001)', 'ACPI: MIGT 0x000000006FFF1000 000040 (v01 DELL   PE_SC3   00000000 DELL 00000001)', 'ACPI: MSCT 0x000000006FFF0000 000090 (v01 DELL   PE_SC3   00000001 DELL 00000001)', 'ACPI: PCAT 0x000000006FFEF000 000088 (v02 DELL   PE_SC3   00000002 DELL 00000001)', 'ACPI: PCCT 0x000000006FFEE000 00006E (v01 DELL   PE_SC3   00000002 DELL 00000001)', 'ACPI: RASF 0x000000006FFED000 000030 (v01 DELL   PE_SC3   00000001 DELL 00000001)', 'ACPI: SLIT 0x000000006FFEC000 00042C (v01 DELL   PE_SC3   00000001 DELL 00000001)', 'ACPI: SRAT 0x000000006FFE9000 002D30 (v03 DELL   PE_SC3   00000002 DELL 00000001)', 'ACPI: SVOS 0x000000006FFE8000 000032 (v01 DELL   PE_SC3   00000000 DELL 00000001)', 'ACPI: WSMT 0x000000006FFE7000 000028 (v01 DELL   PE_SC3   00000000 DELL 00000001)', 'ACPI: OEM4 0x000000006FC4A000 0AD1C1 (v02 INTEL  CPU  CST 00003000 INTL 20180508)', 'ACPI: SSDT 0x000000006FC12000 037465 (v02 INTEL  SSDT  PM 00004000 INTL 20180508)', 'ACPI: SSDT 0x000000006FFFD000 000A1F (v02 DELL   PE_SC3   00000000 DELL 00000001)', 'ACPI: SSDT 0x000000006FC0D000 00357F (v02 INTEL  SpsNm    00000002 INTL 20180508)', 'ACPI: DMAR 0x000000006FC0C000 000190 (v01 DELL   PE_SC3   00000001 DELL 00000001)', 'ACPI: HEST 0x000000006FC0B000 00017C (v01 DELL   PE_SC3   00000002 DELL 00000001)', 'ACPI: BERT 0x000000006FC0A000 000030 (v01 DELL   PE_SC3   00000002 DELL 00000001)', 'ACPI: ERST 0x000000006FC09000 000230 (v01 DELL   PE_SC3   00000002 DELL 00000001)', 'ACPI: EINJ 0x000000006FC08000 000150 (v01 DELL   PE_SC3   00000002 DELL 00000001)', 'ACPI: Reserving FACP table memory at [mem 0x6fff6000-0x6fff6113]', 'ACPI: Reserving DSDT table memory at [mem 0x6fcf8000-0x6ffe63db]', 'ACPI: Reserving FACS table memory at [mem 0x6f56d000-0x6f56d03f]', 'ACPI: Reserving SSDT table memory at [mem 0x6fffc000-0x6fffc5f7]', 'ACPI: Reserving TPM2 table memory at [mem 0x6fffb000-0x6fffb037]', 'ACPI: Reserving SSDT table memory at [mem 0x6fffa000-0x6fffa46b]', 'ACPI: Reserving MCEJ table memory at [mem 0x6fff9000-0x6fff912f]', 'ACPI: Reserving WD__ table memory at [mem 0x6fff8000-0x6fff8133]', 'ACPI: Reserving SLIC table memory at [mem 0x6fff7000-0x6fff7023]', 'ACPI: Reserving HPET table memory at [mem 0x6fff5000-0x6fff5037]', 'ACPI: Reserving APIC table memory at [mem 0x6fff3000-0x6fff46dd]', 'ACPI: Reserving MCFG table memory at [mem 0x6fff2000-0x6fff203b]', 'ACPI: Reserving MIGT table memory at [mem 0x6fff1000-0x6fff103f]', 'ACPI: Reserving MSCT table memory at [mem 0x6fff0000-0x6fff008f]', 'ACPI: Reserving PCAT table memory at [mem 0x6ffef000-0x6ffef087]', 'ACPI: Reserving PCCT table memory at [mem 0x6ffee000-0x6ffee06d]', 'ACPI: Reserving RASF table memory at [mem 0x6ffed000-0x6ffed02f]', 'ACPI: Reserving SLIT table memory at [mem 0x6ffec000-0x6ffec42b]', 'ACPI: Reserving SRAT table memory at [mem 0x6ffe9000-0x6ffebd2f]', 'ACPI: Reserving SVOS table memory at [mem 0x6ffe8000-0x6ffe8031]', 'ACPI: Reserving WSMT table memory at [mem 0x6ffe7000-0x6ffe7027]', 'ACPI: Reserving OEM4 table memory at [mem 0x6fc4a000-0x6fcf71c0]', 'ACPI: Reserving SSDT table memory at [mem 0x6fc12000-0x6fc49464]', 'ACPI: Reserving SSDT table memory at [mem 0x6fffd000-0x6fffda1e]', 'ACPI: Reserving SSDT table memory at [mem 0x6fc0d000-0x6fc1057e]', 'ACPI: Reserving DMAR table memory at [mem 0x6fc0c000-0x6fc0c18f]', 'ACPI: Reserving HEST table memory at [mem 0x6fc0b000-0x6fc0b17b]', 'ACPI: Reserving BERT table memory at [mem 0x6fc0a000-0x6fc0a02f]', 'ACPI: Reserving ERST table memory at [mem 0x6fc09000-0x6fc0922f]', 'ACPI: Reserving EINJ table memory at [mem 0x6fc08000-0x6fc0814f]', 'Setting APIC routing to cluster x2apic.', 'SRAT: PXM 0 -> APIC 0x0002 -> Node 0', 'SRAT: PXM 1 -> APIC 0x0044 -> Node 1', 'SRAT: PXM 0 -> APIC 0x0008 -> Node 0', 'SRAT: PXM 1 -> APIC 0x0056 -> Node 1', 'SRAT: PXM 0 -> APIC 0x0004 -> Node 0', 'SRAT: PXM 1 -> APIC 0x0050 -> Node 1', 'SRAT: PXM 0 -> APIC 0x0028 -> Node 0', 'SRAT: PXM 1 -> APIC 0x0068 -> Node 1', 'SRAT: PXM 0 -> APIC 0x0022 -> Node 0', 'SRAT: PXM 1 -> APIC 0x0062 -> Node 1', 'SRAT: PXM 0 -> APIC 0x0026 -> Node 0', 'SRAT: PXM 1 -> APIC 0x0076 -> Node 1', 'SRAT: PXM 0 -> APIC 0x0030 -> Node 0', 'SRAT: PXM 1 -> APIC 0x0072 -> Node 1', 'SRAT: PXM 0 -> APIC 0x0034 -> Node 0', 'SRAT: PXM 1 -> APIC 0x0074 -> Node 1', 'SRAT: PXM 0 -> APIC 0x0003 -> Node 0', 'SRAT: PXM 1 -> APIC 0x0045 -> Node 1', 'SRAT: PXM 0 -> APIC 0x0009 -> Node 0', 'SRAT: PXM 1 -> APIC 0x0057 -> Node 1', 'SRAT: PXM 0 -> APIC 0x0005 -> Node 0', 'SRAT: PXM 1 -> APIC 0x0051 -> Node 1', 'SRAT: PXM 0 -> APIC 0x0029 -> Node 0', 'SRAT: PXM 1 -> APIC 0x0069 -> Node 1', 'SRAT: PXM 0 -> APIC 0x0023 -> Node 0', 'SRAT: PXM 1 -> APIC 0x0063 -> Node 1', 'SRAT: PXM 0 -> APIC 0x0027 -> Node 0', 'SRAT: PXM 1 -> APIC 0x0077 -> Node 1', 'SRAT: PXM 0 -> APIC 0x0031 -> Node 0', 'SRAT: PXM 1 -> APIC 0x0073 -> Node 1', 'SRAT: PXM 0 -> APIC 0x0035 -> Node 0', 'SRAT: PXM 1 -> APIC 0x0075 -> Node 1', 'ACPI: SRAT: Node 0 PXM 0 [mem 0x00000000-0x7fffffff]', 'ACPI: SRAT: Node 0 PXM 0 [mem 0x100000000-0x87fffffff]', 'ACPI: SRAT: Node 1 PXM 1 [mem 0x880000000-0x107fffffff]', 'NUMA: Node 0 [mem 0x00000000-0x7fffffff] + [mem 0x100000000-0x87fffffff] -> [mem 0x00000000-0x87fffffff]', 'NODE_DATA(0) allocated [mem 0x87ffd5000-0x87fffffff]', 'NODE_DATA(1) allocated [mem 0x107ffd4000-0x107fffefff]', 'Zone ranges:', 'DMA      [mem 0x0000000000001000-0x0000000000ffffff]', 'DMA32    [mem 0x0000000001000000-0x00000000ffffffff]', 'Normal   [mem 0x0000000100000000-0x000000107fffffff]', 'Device   empty', 'Movable zone start for each node', 'Early memory node ranges', 'node   0: [mem 0x0000000000001000-0x000000000009ffff]', 'node   0: [mem 0x0000000000100000-0x000000004fee9fff]', 'node   0: [mem 0x0000000050022000-0x00000000682fefff]', 'node   0: [mem 0x000000006ffff000-0x000000006fffffff]', 'node   0: [mem 0x0000000100000000-0x000000087fffffff]', 'node   1: [mem 0x0000000880000000-0x000000107fffffff]', 'Zeroed struct page in unavailable ranges: 32409 pages', 'Initmem setup node 0 [mem 0x0000000000001000-0x000000087fffffff]', 'Initmem setup node 1 [mem 0x0000000880000000-0x000000107fffffff]', 'ACPI: PM-Timer IO Port: 0x508', 'ACPI: X2APIC_NMI (uid[0xffffffff] high level lint[0x1])', 'ACPI: LAPIC_NMI (acpi_id[0xff] high level lint[0x1])', 'IOAPIC[0]: apic_id 8, version 32, address 0xfec00000, GSI 0-23', 'IOAPIC[1]: apic_id 9, version 32, address 0xfec01000, GSI 24-31', 'IOAPIC[2]: apic_id 10, version 32, address 0xfec08000, GSI 32-39', 'IOAPIC[3]: apic_id 11, version 32, address 0xfec10000, GSI 40-47', 'IOAPIC[4]: apic_id 12, version 32, address 0xfec18000, GSI 48-55', 'IOAPIC[5]: apic_id 15, version 32, address 0xfec20000, GSI 72-79', 'IOAPIC[6]: apic_id 16, version 32, address 0xfec28000, GSI 80-87', 'IOAPIC[7]: apic_id 17, version 32, address 0xfec30000, GSI 88-95', 'IOAPIC[8]: apic_id 18, version 32, address 0xfec38000, GSI 96-103', 'ACPI: INT_SRC_OVR (bus 0 bus_irq 0 global_irq 2 dfl dfl)', 'ACPI: INT_SRC_OVR (bus 0 bus_irq 9 global_irq 9 high level)', 'Using ACPI (MADT) for SMP configuration information', 'ACPI: HPET id: 0x8086a701 base: 0xfed00000', 'smpboot: Allowing 32 CPUs, 0 hotplug CPUs', 'PM: Registered nosave memory: [mem 0x00000000-0x00000fff]', 'PM: Registered nosave memory: [mem 0x000a0000-0x000fffff]', 'PM: Registered nosave memory: [mem 0x4f5c7000-0x4f5c7fff]', 'PM: Registered nosave memory: [mem 0x4f5f6000-0x4f5f6fff]', 'PM: Registered nosave memory: [mem 0x4f5f7000-0x4f5f7fff]', 'PM: Registered nosave memory: [mem 0x4f62f000-0x4f62ffff]', 'PM: Registered nosave memory: [mem 0x4f630000-0x4f630fff]', 'PM: Registered nosave memory: [mem 0x4f668000-0x4f668fff]', 'PM: Registered nosave memory: [mem 0x4f669000-0x4f669fff]', 'PM: Registered nosave memory: [mem 0x4f671000-0x4f671fff]', 'PM: Registered nosave memory: [mem 0x4f672000-0x4f672fff]', 'PM: Registered nosave memory: [mem 0x4f6a4000-0x4f6a4fff]', 'PM: Registered nosave memory: [mem 0x4f6a5000-0x4f6a5fff]', 'PM: Registered nosave memory: [mem 0x4f6d7000-0x4f6d7fff]', 'PM: Registered nosave memory: [mem 0x4feea000-0x50021fff]', 'PM: Registered nosave memory: [mem 0x682ff000-0x6ebfefff]', 'PM: Registered nosave memory: [mem 0x6ebff000-0x6f9fefff]', 'PM: Registered nosave memory: [mem 0x6f9ff000-0x6fffefff]', 'PM: Registered nosave memory: [mem 0x70000000-0x8fffffff]', 'PM: Registered nosave memory: [mem 0x90000000-0xfdffffff]', 'PM: Registered nosave memory: [mem 0xfe000000-0xfe010fff]', 'PM: Registered nosave memory: [mem 0xfe011000-0xffffffff]', '[mem 0x90000000-0xfdffffff] available for PCI devices', 'Booting paravirtualized kernel on bare hardware', 'clocksource: refined-jiffies: mask: 0xffffffff max_cycles: 0xffffffff, max_idle_ns: 1910969940391419 ns', 'setup_percpu: NR_CPUS:8192 nr_cpumask_bits:32 nr_cpu_ids:32 nr_node_ids:2', 'percpu: Embedded 54 pages/cpu s184320 r8192 d28672 u262144', 'Built 2 zonelists, mobility grouping on.  Total pages: 16417472', 'Policy zone: Normal', 'Kernel command line: BOOT_IMAGE=(hd0,gpt4)/vmlinuz-4.18.0-348.el8.x86_64 root=/dev/mapper/rhel-root ro', 'Specific versions of hardware are certified with Red Hat Enterprise Linux 8. Please see the list of hardware certified with Red Hat Enterprise Linux 8 at https://catalog.redhat.com.', 'Memory: 1738532K/66717084K available (12293K kernel code, 2261K rwdata, 7872K rodata, 2492K init, 13944K bss, 1326348K reserved, 0K cma-reserved)', 'SLUB: HWalign=64, Order=0-3, MinObjects=0, CPUs=32, Nodes=2', 'ftrace: allocating 39481 entries in 155 pages', 'ftrace: allocated 155 pages with 5 groups', 'rcu: Hierarchical RCU implementation.', 'rcu: #011RCU restricting CPUs from NR_CPUS=8192 to nr_cpu_ids=32.', '#011Rude variant of Tasks RCU enabled.', '#011Tracing variant of Tasks RCU enabled.', 'rcu: RCU calculated value of scheduler-enlistment delay is 100 jiffies.', 'rcu: Adjusting geometry for rcu_fanout_leaf=16, nr_cpu_ids=32', 'NR_IRQS: 524544, nr_irqs: 2040, preallocated irqs: 16', \"random: crng done (trusting CPU's manufacturer)\", 'Console: colour dummy device 80x25', 'printk: console [tty0] enabled', 'mempolicy: Enabling automatic NUMA balancing. Configure with numa_balancing= or the kernel.numa_balancing sysctl', 'ACPI: Core revision 20210105', 'clocksource: hpet: mask: 0xffffffff max_cycles: 0xffffffff, max_idle_ns: 79635855245 ns', 'APIC: Switch to symmetric I/O mode setup', 'DMAR: Host address width 46', 'DMAR: DRHD base: 0x000000d37fc000 flags: 0x0', 'DMAR: dmar0: reg_base_addr d37fc000 ver 1:0 cap 8d2078c106f0466 ecap f020df', 'DMAR: DRHD base: 0x000000e0ffc000 flags: 0x0', 'DMAR: dmar1: reg_base_addr e0ffc000 ver 1:0 cap 8d2078c106f0466 ecap f020df', 'DMAR: DRHD base: 0x000000ee7fc000 flags: 0x0', 'DMAR: dmar2: reg_base_addr ee7fc000 ver 1:0 cap 8d2078c106f0466 ecap f020df', 'DMAR: DRHD base: 0x000000fbffc000 flags: 0x0', 'DMAR: dmar3: reg_base_addr fbffc000 ver 1:0 cap 8d2078c106f0466 ecap f020df', 'DMAR: DRHD base: 0x000000aaffc000 flags: 0x0', 'DMAR: dmar4: reg_base_addr aaffc000 ver 1:0 cap 8d2078c106f0466 ecap f020df', 'DMAR: DRHD base: 0x000000b87fc000 flags: 0x0', 'DMAR: dmar5: reg_base_addr b87fc000 ver 1:0 cap 8d2078c106f0466 ecap f020df', 'DMAR: DRHD base: 0x000000c5ffc000 flags: 0x0', 'DMAR: dmar6: reg_base_addr c5ffc000 ver 1:0 cap 8d2078c106f0466 ecap f020df', 'DMAR: DRHD base: 0x0000009d7fc000 flags: 0x1', 'DMAR: dmar7: reg_base_addr 9d7fc000 ver 1:0 cap 8d2078c106f0466 ecap f020df', 'DMAR: RMRR base: 0x0000006f55f000 end: 0x0000006f561fff', 'DMAR: [Firmware Bug]: No firmware reserved region can cover this RMRR [0x000000006f55f000-0x000000006f561fff], contact BIOS vendor for fixes', 'DMAR: [Firmware Bug]: Your BIOS is broken; bad RMRR [0x000000006f55f000-0x000000006f561fff]#012BIOS vendor: Dell Inc.; Ver: 2.14.2; Product Version:', 'DMAR: ATSR flags: 0x0', 'DMAR: ATSR flags: 0x0', 'DMAR-IR: IOAPIC id 12 under DRHD base  0xc5ffc000 IOMMU 6', 'DMAR-IR: IOAPIC id 11 under DRHD base  0xb87fc000 IOMMU 5', 'DMAR-IR: IOAPIC id 10 under DRHD base  0xaaffc000 IOMMU 4', 'DMAR-IR: IOAPIC id 18 under DRHD base  0xfbffc000 IOMMU 3', 'DMAR-IR: IOAPIC id 17 under DRHD base  0xee7fc000 IOMMU 2', 'DMAR-IR: IOAPIC id 16 under DRHD base  0xe0ffc000 IOMMU 1', 'DMAR-IR: IOAPIC id 15 under DRHD base  0xd37fc000 IOMMU 0', 'DMAR-IR: IOAPIC id 8 under DRHD base  0x9d7fc000 IOMMU 7', 'DMAR-IR: IOAPIC id 9 under DRHD base  0x9d7fc000 IOMMU 7', 'DMAR-IR: HPET id 0 under DRHD base 0x9d7fc000', 'DMAR-IR: Queued invalidation will be enabled to support x2apic and Intr-remapping.', 'DMAR-IR: Enabled IRQ remapping in x2apic mode', '..TIMER: vector=0x30 apic1=0 pin1=2 apic2=-1 pin2=-1', 'clocksource: tsc-early: mask: 0xffffffffffffffff max_cycles: 0x2f914c51abd, max_idle_ns: 440795298667 ns', 'Calibrating delay loop (skipped), value calculated using timer frequency.. 6600.00 BogoMIPS (lpj=3300000)', 'pid_max: default: 32768 minimum: 301', 'LSM: Security Framework initializing', 'Yama: becoming mindful.', 'SELinux:  Initializing.', 'LSM support for eBPF active', 'Dentry cache hash table entries: 8388608 (order: 14, 67108864 bytes, vmalloc)', 'Inode-cache hash table entries: 4194304 (order: 13, 33554432 bytes, vmalloc)', 'Mount-cache hash table entries: 131072 (order: 8, 1048576 bytes, vmalloc)', 'Mountpoint-cache hash table entries: 131072 (order: 8, 1048576 bytes, vmalloc)', 'CPU0: Thermal monitoring enabled (TM1)', 'process: using mwait in idle threads', 'Last level iTLB entries: 4KB 64, 2MB 8, 4MB 8', 'Last level dTLB entries: 4KB 64, 2MB 0, 4MB 0, 1GB 4', 'FEATURE SPEC_CTRL Present', 'FEATURE IBPB_SUPPORT Present', 'Spectre V1 : Mitigation: usercopy/swapgs barriers and __user pointer sanitization', 'Spectre V2 : Mitigation: Enhanced IBRS', 'Spectre V2 : Spectre v2 / SpectreRSB mitigation: Filling RSB on context switch', 'Spectre V2 : mitigation: Enabling conditional Indirect Branch Prediction Barrier', 'Speculative Store Bypass: Mitigation: Speculative Store Bypass disabled via prctl and seccomp', 'TAA: Mitigation: TSX disabled', 'Freeing SMP alternatives memory: 32K', 'smpboot: Estimated ratio of average max frequency by base frequency (times 1024): 1241', 'smpboot: CPU0: Intel(R) Xeon(R) Gold 6234 CPU @ 3.30GHz (family: 0x6, model: 0x55, stepping: 0x7)', 'Performance Events: PEBS fmt3+, Skylake events, 32-deep LBR, full-width counters, Intel PMU driver.', '... version:                4', '... bit width:              48', '... generic registers:      4', '... value mask:             0000ffffffffffff', '... max period:             00007fffffffffff', '... fixed-purpose events:   3', '... event mask:             000000070000000f', 'rcu: Hierarchical SRCU implementation.', 'NMI watchdog: Enabled. Permanently consumes one hw-PMU counter.', 'smp: Bringing up secondary CPUs ...', 'x86: Booting SMP configuration:', '.... node  #1, CPUs:        #1', 'smpboot: CPU 1 Converting physical 0 to logical die 1', '.... node  #0, CPUs:    #2', '.... node  #1, CPUs:    #3', '.... node  #0, CPUs:    #4', '.... node  #1, CPUs:    #5', '.... node  #0, CPUs:    #6', '.... node  #1, CPUs:    #7', '.... node  #0, CPUs:    #8', '.... node  #1, CPUs:    #9', '.... node  #0, CPUs:   #10', '.... node  #1, CPUs:   #11', '.... node  #0, CPUs:   #12', '.... node  #1, CPUs:   #13', '.... node  #0, CPUs:   #14', '.... node  #1, CPUs:   #15', '.... node  #0, CPUs:   #16', '.... node  #1, CPUs:   #17', '.... node  #0, CPUs:   #18', '.... node  #1, CPUs:   #19', '.... node  #0, CPUs:   #20', '.... node  #1, CPUs:   #21', '.... node  #0, CPUs:   #22', '.... node  #1, CPUs:   #23', '.... node  #0, CPUs:   #24', '.... node  #1, CPUs:   #25', '.... node  #0, CPUs:   #26', '.... node  #1, CPUs:   #27', '.... node  #0, CPUs:   #28', '.... node  #1, CPUs:   #29', '.... node  #0, CPUs:   #30', '.... node  #1, CPUs:   #31', 'smp: Brought up 2 nodes, 32 CPUs', 'smpboot: Max logical packages: 2', 'smpboot: Total of 32 processors activated (211299.64 BogoMIPS)', 'node 0 deferred pages initialised in 52ms', 'node 1 deferred pages initialised in 65ms', 'devtmpfs: initialized', 'x86/mm: Memory block size: 2048MB', 'PM: Registering ACPI NVS region [mem 0x6ebff000-0x6f9fefff] (14680064 bytes)', 'clocksource: jiffies: mask: 0xffffffff max_cycles: 0xffffffff, max_idle_ns: 1911260446275000 ns', 'futex hash table entries: 8192 (order: 7, 524288 bytes, vmalloc)', 'pinctrl core: initialized pinctrl subsystem', 'NET: Registered protocol family 16', 'DMA: preallocated 4096 KiB GFP_KERNEL pool for atomic allocations', 'DMA: preallocated 4096 KiB GFP_KERNEL|GFP_DMA pool for atomic allocations', 'DMA: preallocated 4096 KiB GFP_KERNEL|GFP_DMA32 pool for atomic allocations', 'audit: initializing netlink subsys (disabled)', 'audit: type=2000 audit(1656626023.267:1): state=initialized audit_enabled=0 res=1', 'cpuidle: using governor menu', 'Detected 1 PCC Subspaces', 'Registering PCC driver as Mailbox controller', \"ACPI FADT declares the system doesn't support PCIe ASPM, so disable it\", 'ACPI: bus type PCI registered', 'acpiphp: ACPI Hot Plug PCI Controller Driver version: 0.5', 'PCI: MMCONFIG for domain 0000 [bus 00-ff] at [mem 0x80000000-0x8fffffff] (base 0x80000000)', 'PCI: MMCONFIG at [mem 0x80000000-0x8fffffff] reserved in E820', 'PCI: Using configuration type 1 for base access', 'PCI: Dell System detected, enabling pci=bfsort.', 'HugeTLB registered 1.00 GiB page size, pre-allocated 0 pages', 'HugeTLB registered 2.00 MiB page size, pre-allocated 0 pages', 'cryptd: max_cpu_qlen set to 1000', 'fbcon: Taking over console', 'ACPI: Added _OSI(Module Device)', 'ACPI: Added _OSI(Processor Device)', 'ACPI: Added _OSI(3.0 _SCP Extensions)', 'ACPI: Added _OSI(Processor Aggregator Device)', 'ACPI: Added _OSI(Linux-Dell-Video)', 'ACPI: Added _OSI(Linux-Lenovo-NV-HDMI-Audio)', 'ACPI: Added _OSI(Linux-HPI-Hybrid-Graphics)', 'ACPI: 6 ACPI AML tables successfully acquired and loaded', 'ACPI: [Firmware Bug]: BIOS _OSI(Linux) query ignored', 'ACPI: Dynamic OEM Table Load:', 'ACPI: Interpreter enabled', 'ACPI: (supports S0 S5)', 'ACPI: Using IOAPIC for interrupt routing', 'HEST: Table parsing has been initialized.', 'PCI: Using host bridge windows from ACPI; if necessary, use \"pci=nocrs\" and report a bug', 'ACPI: Enabled 5 GPEs in block 00 to 7F', 'ACPI: PCI Root Bridge [PC00] (domain 0000 [bus 00-16])', 'acpi PNP0A08:00: _OSC: OS supports [ExtendedConfig ASPM ClockPM Segments MSI EDR HPX-Type3]', 'acpi PNP0A08:00: _OSC: platform does not support [SHPCHotplug AER LTR DPC]', 'acpi PNP0A08:00: _OSC: OS now controls [PCIeHotplug PME PCIeCapability]', 'acpi PNP0A08:00: FADT indicates ASPM is unsupported, using BIOS configuration', 'PCI host bridge to bus 0000:00', 'pci_bus 0000:00: root bus resource [io  0x0000-0x0cf7 window]', 'pci_bus 0000:00: root bus resource [io  0x1000-0x3fff window]', 'pci_bus 0000:00: root bus resource [mem 0x000a0000-0x000bffff window]', 'pci_bus 0000:00: root bus resource [mem 0x000c4000-0x000c7fff window]', 'pci_bus 0000:00: root bus resource [mem 0xfe010000-0xfe010fff window]', 'pci_bus 0000:00: root bus resource [mem 0x90000000-0x9d7fffff window]', 'pci_bus 0000:00: root bus resource [mem 0x380000000000-0x383fffffffff window]', 'pci_bus 0000:00: root bus resource [bus 00-16]', 'pci 0000:00:00.0: [8086:2020] type 00 class 0x060000', 'pci 0000:00:05.0: [8086:2024] type 00 class 0x088000', 'pci 0000:00:05.2: [8086:2025] type 00 class 0x088000', 'pci 0000:00:05.4: [8086:2026] type 00 class 0x080020', 'pci 0000:00:05.4: reg 0x10: [mem 0x92b20000-0x92b20fff]', 'pci 0000:00:08.0: [8086:2014] type 00 class 0x088000', 'pci 0000:00:08.1: [8086:2015] type 00 class 0x110100', 'pci 0000:00:08.2: [8086:2016] type 00 class 0x088000', 'pci 0000:00:11.0: [8086:a1ec] type 00 class 0xff0000', 'pci 0000:00:11.0: device has non-compliant BARs; disabling IO/MEM decoding', 'pci 0000:00:11.5: [8086:a1d2] type 00 class 0x010601', 'pci 0000:00:11.5: reg 0x10: [mem 0x92b16000-0x92b17fff]', 'pci 0000:00:11.5: reg 0x14: [mem 0x92b1f000-0x92b1f0ff]', 'pci 0000:00:11.5: reg 0x18: [io  0x2068-0x206f]', 'pci 0000:00:11.5: reg 0x1c: [io  0x2074-0x2077]', 'pci 0000:00:11.5: reg 0x20: [io  0x2040-0x205f]', 'pci 0000:00:11.5: reg 0x24: [mem 0x92a80000-0x92afffff]', 'pci 0000:00:11.5: PME# supported from D3hot', 'pci 0000:00:14.0: [8086:a1af] type 00 class 0x0c0330', 'pci 0000:00:14.0: reg 0x10: [mem 0x92b00000-0x92b0ffff 64bit]', 'pci 0000:00:14.0: PME# supported from D3hot D3cold', 'pci 0000:00:14.2: [8086:a1b1] type 00 class 0x118000', 'pci 0000:00:14.2: reg 0x10: [mem 0x92b1c000-0x92b1cfff 64bit]', 'pci 0000:00:16.0: [8086:a1ba] type 00 class 0x078000', 'pci 0000:00:16.0: reg 0x10: [mem 0x92b1b000-0x92b1bfff 64bit]', 'pci 0000:00:16.0: PME# supported from D3hot', 'pci 0000:00:16.1: [8086:a1bb] type 00 class 0x078000', 'pci 0000:00:16.1: reg 0x10: [mem 0x92b1a000-0x92b1afff 64bit]', 'pci 0000:00:16.1: PME# supported from D3hot', 'pci 0000:00:16.4: [8086:a1be] type 00 class 0x078000', 'pci 0000:00:16.4: reg 0x10: [mem 0x92b19000-0x92b19fff 64bit]', 'pci 0000:00:16.4: PME# supported from D3hot', 'pci 0000:00:17.0: [8086:a182] type 00 class 0x010601', 'pci 0000:00:17.0: reg 0x10: [mem 0x92b14000-0x92b15fff]', 'pci 0000:00:17.0: reg 0x14: [mem 0x92b1e000-0x92b1e0ff]', 'pci 0000:00:17.0: reg 0x18: [io  0x2060-0x2067]', 'pci 0000:00:17.0: reg 0x1c: [io  0x2070-0x2073]', 'pci 0000:00:17.0: reg 0x20: [io  0x2020-0x203f]', 'pci 0000:00:17.0: reg 0x24: [mem 0x92a00000-0x92a7ffff]', 'pci 0000:00:17.0: PME# supported from D3hot', 'pci 0000:00:1c.0: [8086:a190] type 01 class 0x060400', 'pci 0000:00:1c.0: PME# supported from D0 D3hot D3cold', 'pci 0000:00:1c.4: [8086:a194] type 01 class 0x060400', 'pci 0000:00:1c.4: PME# supported from D0 D3hot D3cold', 'pci 0000:00:1f.0: [8086:a1c1] type 00 class 0x060100', 'pci 0000:00:1f.2: [8086:a1a1] type 00 class 0x058000', 'pci 0000:00:1f.2: reg 0x10: [mem 0x92b10000-0x92b13fff]', 'pci 0000:00:1f.4: [8086:a1a3] type 00 class 0x0c0500', 'pci 0000:00:1f.4: reg 0x10: [mem 0x92b18000-0x92b180ff 64bit]', 'pci 0000:00:1f.4: reg 0x20: [io  0x2000-0x201f]', 'pci 0000:00:1f.5: [8086:a1a4] type 00 class 0x0c8000', 'pci 0000:00:1f.5: reg 0x10: [mem 0xfe010000-0xfe010fff]', 'pci 0000:01:00.0: [14e4:165f] type 00 class 0x020000', 'pci 0000:01:00.0: reg 0x10: [mem 0x92930000-0x9293ffff 64bit pref]', 'pci 0000:01:00.0: reg 0x18: [mem 0x92940000-0x9294ffff 64bit pref]', 'pci 0000:01:00.0: reg 0x20: [mem 0x92950000-0x9295ffff 64bit pref]', 'pci 0000:01:00.0: reg 0x30: [mem 0xfffc0000-0xffffffff pref]', 'pci 0000:01:00.0: PME# supported from D0 D3hot D3cold', 'pci 0000:01:00.1: [14e4:165f] type 00 class 0x020000', 'pci 0000:01:00.1: reg 0x10: [mem 0x92900000-0x9290ffff 64bit pref]', 'pci 0000:01:00.1: reg 0x18: [mem 0x92910000-0x9291ffff 64bit pref]', 'pci 0000:01:00.1: reg 0x20: [mem 0x92920000-0x9292ffff 64bit pref]', 'pci 0000:01:00.1: reg 0x30: [mem 0xfffc0000-0xffffffff pref]', 'pci 0000:01:00.1: PME# supported from D0 D3hot D3cold', 'pci 0000:00:1c.0: PCI bridge to [bus 01]', 'pci 0000:00:1c.0:   bridge window [mem 0x92900000-0x929fffff 64bit pref]', 'pci 0000:02:00.0: [1556:be00] type 01 class 0x060400', 'pci 0000:00:1c.4: PCI bridge to [bus 02-03]', 'pci 0000:00:1c.4:   bridge window [mem 0x92000000-0x928fffff]', 'pci 0000:00:1c.4:   bridge window [mem 0x91000000-0x91ffffff 64bit pref]', 'pci_bus 0000:03: extended config space not accessible', 'pci 0000:03:00.0: [102b:0536] type 00 class 0x030000', 'pci 0000:03:00.0: reg 0x10: [mem 0x91000000-0x91ffffff pref]', 'pci 0000:03:00.0: reg 0x14: [mem 0x92808000-0x9280bfff]', 'pci 0000:03:00.0: reg 0x18: [mem 0x92000000-0x927fffff]', 'pci 0000:03:00.0: BAR 0: assigned to efifb', 'pci 0000:02:00.0: PCI bridge to [bus 03]', 'pci 0000:02:00.0:   bridge window [mem 0x92000000-0x928fffff]', 'pci 0000:02:00.0:   bridge window [mem 0x91000000-0x91ffffff 64bit pref]', 'ACPI: PCI Interrupt Link [LNKA] (IRQs 3 4 5 6 10 *11 12 14 15)', 'ACPI: PCI Interrupt Link [LNKB] (IRQs 3 4 5 *6 10 11 12 14 15)', 'ACPI: PCI Interrupt Link [LNKC] (IRQs 3 4 *5 6 10 11 12 14 15)', 'ACPI: PCI Interrupt Link [LNKD] (IRQs 3 4 5 6 10 *11 12 14 15)', 'ACPI: PCI Interrupt Link [LNKE] (IRQs 3 4 5 6 10 *11 12 14 15)', 'ACPI: PCI Interrupt Link [LNKF] (IRQs 3 4 5 *6 10 11 12 14 15)', 'ACPI: PCI Interrupt Link [LNKG] (IRQs 3 4 *5 6 10 11 12 14 15)', 'ACPI: PCI Interrupt Link [LNKH] (IRQs 3 4 5 6 10 *11 12 14 15)', 'ACPI: PCI Root Bridge [PC01] (domain 0000 [bus 17-39])', 'acpi PNP0A08:01: _OSC: OS supports [ExtendedConfig ASPM ClockPM Segments MSI EDR HPX-Type3]', 'acpi PNP0A08:01: _OSC: platform does not support [SHPCHotplug AER LTR DPC]', 'acpi PNP0A08:01: _OSC: OS now controls [PCIeHotplug PME PCIeCapability]', 'acpi PNP0A08:01: FADT indicates ASPM is unsupported, using BIOS configuration', 'PCI host bridge to bus 0000:17', 'pci_bus 0000:17: root bus resource [io  0x4000-0x5fff window]', 'pci_bus 0000:17: root bus resource [mem 0x9d800000-0xaaffffff window]', 'pci_bus 0000:17: root bus resource [mem 0x384000000000-0x387fffffffff window]', 'pci_bus 0000:17: root bus resource [bus 17-39]', 'pci 0000:17:02.0: [8086:2032] type 01 class 0x060400', 'pci 0000:17:02.0: PME# supported from D0 D3hot D3cold', 'pci 0000:17:05.0: [8086:2034] type 00 class 0x088000', 'pci 0000:17:05.2: [8086:2035] type 00 class 0x088000', 'pci 0000:17:05.4: [8086:2036] type 00 class 0x080020', 'pci 0000:17:05.4: reg 0x10: [mem 0x9db00000-0x9db00fff]', 'pci 0000:17:08.0: [8086:208d] type 00 class 0x088000', 'pci 0000:17:08.1: [8086:208d] type 00 class 0x088000', 'pci 0000:17:08.2: [8086:208d] type 00 class 0x088000', 'pci 0000:17:08.3: [8086:208d] type 00 class 0x088000', 'pci 0000:17:08.4: [8086:208d] type 00 class 0x088000', 'pci 0000:17:08.5: [8086:208d] type 00 class 0x088000', 'pci 0000:17:08.6: [8086:208d] type 00 class 0x088000', 'pci 0000:17:08.7: [8086:208d] type 00 class 0x088000', 'pci 0000:17:09.0: [8086:208d] type 00 class 0x088000', 'pci 0000:17:09.1: [8086:208d] type 00 class 0x088000', 'pci 0000:17:09.2: [8086:208d] type 00 class 0x088000', 'pci 0000:17:09.3: [8086:208d] type 00 class 0x088000', 'pci 0000:17:09.4: [8086:208d] type 00 class 0x088000', 'pci 0000:17:09.5: [8086:208d] type 00 class 0x088000', 'pci 0000:17:09.6: [8086:208d] type 00 class 0x088000', 'pci 0000:17:09.7: [8086:208d] type 00 class 0x088000', 'pci 0000:17:0a.0: [8086:208d] type 00 class 0x088000', 'pci 0000:17:0a.1: [8086:208d] type 00 class 0x088000', 'pci 0000:17:0a.2: [8086:208d] type 00 class 0x088000', 'pci 0000:17:0a.3: [8086:208d] type 00 class 0x088000', 'pci 0000:17:0a.4: [8086:208d] type 00 class 0x088000', 'pci 0000:17:0a.5: [8086:208d] type 00 class 0x088000', 'pci 0000:17:0a.6: [8086:208d] type 00 class 0x088000', 'pci 0000:17:0a.7: [8086:208d] type 00 class 0x088000', 'pci 0000:17:0b.0: [8086:208d] type 00 class 0x088000', 'pci 0000:17:0b.1: [8086:208d] type 00 class 0x088000', 'pci 0000:17:0b.2: [8086:208d] type 00 class 0x088000', 'pci 0000:17:0b.3: [8086:208d] type 00 class 0x088000', 'pci 0000:17:0e.0: [8086:208e] type 00 class 0x088000', 'pci 0000:17:0e.1: [8086:208e] type 00 class 0x088000', 'pci 0000:17:0e.2: [8086:208e] type 00 class 0x088000', 'pci 0000:17:0e.3: [8086:208e] type 00 class 0x088000', 'pci 0000:17:0e.4: [8086:208e] type 00 class 0x088000', 'pci 0000:17:0e.5: [8086:208e] type 00 class 0x088000', 'pci 0000:17:0e.6: [8086:208e] type 00 class 0x088000', 'pci 0000:17:0e.7: [8086:208e] type 00 class 0x088000', 'pci 0000:17:0f.0: [8086:208e] type 00 class 0x088000', 'pci 0000:17:0f.1: [8086:208e] type 00 class 0x088000', 'pci 0000:17:0f.2: [8086:208e] type 00 class 0x088000', 'pci 0000:17:0f.3: [8086:208e] type 00 class 0x088000', 'pci 0000:17:0f.4: [8086:208e] type 00 class 0x088000', 'pci 0000:17:0f.5: [8086:208e] type 00 class 0x088000', 'pci 0000:17:0f.6: [8086:208e] type 00 class 0x088000', 'pci 0000:17:0f.7: [8086:208e] type 00 class 0x088000', 'pci 0000:17:10.0: [8086:208e] type 00 class 0x088000', 'pci 0000:17:10.1: [8086:208e] type 00 class 0x088000', 'pci 0000:17:10.2: [8086:208e] type 00 class 0x088000', 'pci 0000:17:10.3: [8086:208e] type 00 class 0x088000', 'pci 0000:17:10.4: [8086:208e] type 00 class 0x088000', 'pci 0000:17:10.5: [8086:208e] type 00 class 0x088000', 'pci 0000:17:10.6: [8086:208e] type 00 class 0x088000', 'pci 0000:17:10.7: [8086:208e] type 00 class 0x088000', 'pci 0000:17:11.0: [8086:208e] type 00 class 0x088000', 'pci 0000:17:11.1: [8086:208e] type 00 class 0x088000', 'pci 0000:17:11.2: [8086:208e] type 00 class 0x088000', 'pci 0000:17:11.3: [8086:208e] type 00 class 0x088000', 'pci 0000:17:1d.0: [8086:2054] type 00 class 0x088000', 'pci 0000:17:1d.1: [8086:2055] type 00 class 0x088000', 'pci 0000:17:1d.2: [8086:2056] type 00 class 0x088000', 'pci 0000:17:1d.3: [8086:2057] type 00 class 0x088000', 'pci 0000:17:1e.0: [8086:2080] type 00 class 0x088000', 'pci 0000:17:1e.1: [8086:2081] type 00 class 0x088000', 'pci 0000:17:1e.2: [8086:2082] type 00 class 0x088000', 'pci 0000:17:1e.3: [8086:2083] type 00 class 0x088000', 'pci 0000:17:1e.4: [8086:2084] type 00 class 0x088000', 'pci 0000:17:1e.5: [8086:2085] type 00 class 0x088000', 'pci 0000:17:1e.6: [8086:2086] type 00 class 0x088000', 'pci 0000:18:00.0: [14e4:16d6] type 00 class 0x020000', 'pci 0000:18:00.0: reg 0x10: [mem 0x9da10000-0x9da1ffff 64bit pref]', 'pci 0000:18:00.0: reg 0x18: [mem 0x9d900000-0x9d9fffff 64bit pref]', 'pci 0000:18:00.0: reg 0x20: [mem 0x9da22000-0x9da23fff 64bit pref]', 'pci 0000:18:00.0: reg 0x30: [mem 0xfffc0000-0xffffffff pref]', 'pci 0000:18:00.0: PME# supported from D0 D3hot D3cold', 'pci 0000:18:00.1: [14e4:16d6] type 00 class 0x020000', 'pci 0000:18:00.1: reg 0x10: [mem 0x9da00000-0x9da0ffff 64bit pref]', 'pci 0000:18:00.1: reg 0x18: [mem 0x9d800000-0x9d8fffff 64bit pref]', 'pci 0000:18:00.1: reg 0x20: [mem 0x9da20000-0x9da21fff 64bit pref]', 'pci 0000:18:00.1: reg 0x30: [mem 0xfffc0000-0xffffffff pref]', 'pci 0000:18:00.1: PME# supported from D0 D3hot D3cold', 'pci 0000:17:02.0: PCI bridge to [bus 18]', 'pci 0000:17:02.0:   bridge window [mem 0x9d800000-0x9dafffff 64bit pref]', 'ACPI: PCI Root Bridge [PC02] (domain 0000 [bus 3a-5c])', 'acpi PNP0A08:02: _OSC: OS supports [ExtendedConfig ASPM ClockPM Segments MSI EDR HPX-Type3]', 'acpi PNP0A08:02: _OSC: platform does not support [SHPCHotplug AER LTR DPC]', 'acpi PNP0A08:02: _OSC: OS now controls [PCIeHotplug PME PCIeCapability]', 'acpi PNP0A08:02: FADT indicates ASPM is unsupported, using BIOS configuration', 'PCI host bridge to bus 0000:3a', 'pci_bus 0000:3a: root bus resource [io  0x6000-0x7fff window]', 'pci_bus 0000:3a: root bus resource [mem 0xab000000-0xb87fffff window]', 'pci_bus 0000:3a: root bus resource [mem 0x388000000000-0x38bfffffffff window]', 'pci_bus 0000:3a: root bus resource [bus 3a-5c]', 'pci 0000:3a:05.0: [8086:2034] type 00 class 0x088000', 'pci 0000:3a:05.2: [8086:2035] type 00 class 0x088000', 'pci 0000:3a:05.4: [8086:2036] type 00 class 0x080020', 'pci 0000:3a:05.4: reg 0x10: [mem 0xab000000-0xab000fff]', 'pci 0000:3a:08.0: [8086:2066] type 00 class 0x088000', 'pci 0000:3a:09.0: [8086:2066] type 00 class 0x088000', 'pci 0000:3a:0a.0: [8086:2040] type 00 class 0x088000', 'pci 0000:3a:0a.1: [8086:2041] type 00 class 0x088000', 'pci 0000:3a:0a.2: [8086:2042] type 00 class 0x088000', 'pci 0000:3a:0a.3: [8086:2043] type 00 class 0x088000', 'pci 0000:3a:0a.4: [8086:2044] type 00 class 0x088000', 'pci 0000:3a:0a.5: [8086:2045] type 00 class 0x088000', 'pci 0000:3a:0a.6: [8086:2046] type 00 class 0x088000', 'pci 0000:3a:0a.7: [8086:2047] type 00 class 0x088000', 'pci 0000:3a:0b.0: [8086:2048] type 00 class 0x088000', 'pci 0000:3a:0b.1: [8086:2049] type 00 class 0x088000', 'pci 0000:3a:0b.2: [8086:204a] type 00 class 0x088000', 'pci 0000:3a:0b.3: [8086:204b] type 00 class 0x088000', 'pci 0000:3a:0c.0: [8086:2040] type 00 class 0x088000', 'pci 0000:3a:0c.1: [8086:2041] type 00 class 0x088000', 'pci 0000:3a:0c.2: [8086:2042] type 00 class 0x088000', 'pci 0000:3a:0c.3: [8086:2043] type 00 class 0x088000', 'pci 0000:3a:0c.4: [8086:2044] type 00 class 0x088000', 'pci 0000:3a:0c.5: [8086:2045] type 00 class 0x088000', 'pci 0000:3a:0c.6: [8086:2046] type 00 class 0x088000', 'pci 0000:3a:0c.7: [8086:2047] type 00 class 0x088000', 'pci 0000:3a:0d.0: [8086:2048] type 00 class 0x088000', 'pci 0000:3a:0d.1: [8086:2049] type 00 class 0x088000', 'pci 0000:3a:0d.2: [8086:204a] type 00 class 0x088000', 'pci 0000:3a:0d.3: [8086:204b] type 00 class 0x088000', 'ACPI: PCI Root Bridge [PC03] (domain 0000 [bus 5d-7f])', 'acpi PNP0A08:03: _OSC: OS supports [ExtendedConfig ASPM ClockPM Segments MSI EDR HPX-Type3]', 'acpi PNP0A08:03: _OSC: platform does not support [SHPCHotplug AER LTR DPC]', 'acpi PNP0A08:03: _OSC: OS now controls [PCIeHotplug PME PCIeCapability]', 'acpi PNP0A08:03: FADT indicates ASPM is unsupported, using BIOS configuration', 'PCI host bridge to bus 0000:5d', 'pci_bus 0000:5d: root bus resource [io  0x8000-0x9fff window]', 'pci_bus 0000:5d: root bus resource [mem 0xb8800000-0xc5ffffff window]', 'pci_bus 0000:5d: root bus resource [mem 0x38c000000000-0x38ffffffffff window]', 'pci_bus 0000:5d: root bus resource [bus 5d-7f]', 'pci 0000:5d:05.0: [8086:2034] type 00 class 0x088000', 'pci 0000:5d:05.2: [8086:2035] type 00 class 0x088000', 'pci 0000:5d:05.4: [8086:2036] type 00 class 0x080020', 'pci 0000:5d:05.4: reg 0x10: [mem 0xb8800000-0xb8800fff]', 'pci 0000:5d:0e.0: [8086:2058] type 00 class 0x110100', 'pci 0000:5d:0e.1: [8086:2059] type 00 class 0x088000', 'pci 0000:5d:0f.0: [8086:2058] type 00 class 0x110100', 'pci 0000:5d:0f.1: [8086:2059] type 00 class 0x088000', 'pci 0000:5d:10.0: [8086:2058] type 00 class 0x110100', 'pci 0000:5d:10.1: [8086:2059] type 00 class 0x088000', 'pci 0000:5d:12.0: [8086:204c] type 00 class 0x110100', 'pci 0000:5d:12.1: [8086:204d] type 00 class 0x110100', 'pci 0000:5d:12.2: [8086:204e] type 00 class 0x088000', 'pci 0000:5d:12.4: [8086:204c] type 00 class 0x110100', 'pci 0000:5d:12.5: [8086:204d] type 00 class 0x110100', 'pci 0000:5d:15.0: [8086:2018] type 00 class 0x088000', 'pci 0000:5d:15.1: [8086:2088] type 00 class 0x110100', 'pci 0000:5d:16.0: [8086:2018] type 00 class 0x088000', 'pci 0000:5d:16.1: [8086:2088] type 00 class 0x110100', 'pci 0000:5d:16.4: [8086:2018] type 00 class 0x088000', 'pci 0000:5d:16.5: [8086:2088] type 00 class 0x110100', 'pci 0000:5d:17.0: [8086:2018] type 00 class 0x088000', 'pci 0000:5d:17.1: [8086:2088] type 00 class 0x110100', 'ACPI: PCI Root Bridge [PC06] (domain 0000 [bus 80-84])', 'acpi PNP0A08:06: _OSC: OS supports [ExtendedConfig ASPM ClockPM Segments MSI EDR HPX-Type3]', 'acpi PNP0A08:06: _OSC: platform does not support [SHPCHotplug AER LTR DPC]', 'acpi PNP0A08:06: _OSC: OS now controls [PCIeHotplug PME PCIeCapability]', 'acpi PNP0A08:06: FADT indicates ASPM is unsupported, using BIOS configuration', 'acpi PNP0A08:06: host bridge window [io  0x0000 window] (ignored, not CPU addressable)', 'PCI host bridge to bus 0000:80', 'pci_bus 0000:80: root bus resource [mem 0xc6000000-0xd37fffff window]', 'pci_bus 0000:80: root bus resource [mem 0x390000000000-0x393fffffffff window]', 'pci_bus 0000:80: root bus resource [bus 80-84]', 'pci 0000:80:05.0: [8086:2024] type 00 class 0x088000', 'pci 0000:80:05.2: [8086:2025] type 00 class 0x088000', 'pci 0000:80:05.4: [8086:2026] type 00 class 0x080020', 'pci 0000:80:05.4: reg 0x10: [mem 0xc6000000-0xc6000fff]', 'pci 0000:80:08.0: [8086:2014] type 00 class 0x088000', 'pci 0000:80:08.1: [8086:2015] type 00 class 0x110100', 'pci 0000:80:08.2: [8086:2016] type 00 class 0x088000', 'ACPI: PCI Root Bridge [PC07] (domain 0000 [bus 85-ad])', 'acpi PNP0A08:07: _OSC: OS supports [ExtendedConfig ASPM ClockPM Segments MSI EDR HPX-Type3]', 'acpi PNP0A08:07: _OSC: platform does not support [SHPCHotplug AER LTR DPC]', 'acpi PNP0A08:07: _OSC: OS now controls [PCIeHotplug PME PCIeCapability]', 'acpi PNP0A08:07: FADT indicates ASPM is unsupported, using BIOS configuration', 'PCI host bridge to bus 0000:85', 'pci_bus 0000:85: root bus resource [io  0xa000-0xbfff window]', 'pci_bus 0000:85: root bus resource [mem 0xd3800000-0xe0ffffff window]', 'pci_bus 0000:85: root bus resource [mem 0x394000000000-0x397fffffffff window]', 'pci_bus 0000:85: root bus resource [bus 85-ad]', 'pci 0000:85:05.0: [8086:2034] type 00 class 0x088000', 'pci 0000:85:05.2: [8086:2035] type 00 class 0x088000', 'pci 0000:85:05.4: [8086:2036] type 00 class 0x080020', 'pci 0000:85:05.4: reg 0x10: [mem 0xd3800000-0xd3800fff]', 'pci 0000:85:08.0: [8086:208d] type 00 class 0x088000', 'pci 0000:85:08.1: [8086:208d] type 00 class 0x088000', 'pci 0000:85:08.2: [8086:208d] type 00 class 0x088000', 'pci 0000:85:08.3: [8086:208d] type 00 class 0x088000', 'pci 0000:85:08.4: [8086:208d] type 00 class 0x088000', 'pci 0000:85:08.5: [8086:208d] type 00 class 0x088000', 'pci 0000:85:08.6: [8086:208d] type 00 class 0x088000', 'pci 0000:85:08.7: [8086:208d] type 00 class 0x088000', 'pci 0000:85:09.0: [8086:208d] type 00 class 0x088000', 'pci 0000:85:09.1: [8086:208d] type 00 class 0x088000', 'pci 0000:85:09.2: [8086:208d] type 00 class 0x088000', 'pci 0000:85:09.3: [8086:208d] type 00 class 0x088000', 'pci 0000:85:09.4: [8086:208d] type 00 class 0x088000', 'pci 0000:85:09.5: [8086:208d] type 00 class 0x088000', 'pci 0000:85:09.6: [8086:208d] type 00 class 0x088000', 'pci 0000:85:09.7: [8086:208d] type 00 class 0x088000', 'pci 0000:85:0a.0: [8086:208d] type 00 class 0x088000', 'pci 0000:85:0a.1: [8086:208d] type 00 class 0x088000', 'pci 0000:85:0a.2: [8086:208d] type 00 class 0x088000', 'pci 0000:85:0a.3: [8086:208d] type 00 class 0x088000', 'pci 0000:85:0a.4: [8086:208d] type 00 class 0x088000', 'pci 0000:85:0a.5: [8086:208d] type 00 class 0x088000', 'pci 0000:85:0a.6: [8086:208d] type 00 class 0x088000', 'pci 0000:85:0a.7: [8086:208d] type 00 class 0x088000', 'pci 0000:85:0b.0: [8086:208d] type 00 class 0x088000', 'pci 0000:85:0b.1: [8086:208d] type 00 class 0x088000', 'pci 0000:85:0b.2: [8086:208d] type 00 class 0x088000', 'pci 0000:85:0b.3: [8086:208d] type 00 class 0x088000', 'pci 0000:85:0e.0: [8086:208e] type 00 class 0x088000', 'pci 0000:85:0e.1: [8086:208e] type 00 class 0x088000', 'pci 0000:85:0e.2: [8086:208e] type 00 class 0x088000', 'pci 0000:85:0e.3: [8086:208e] type 00 class 0x088000', 'pci 0000:85:0e.4: [8086:208e] type 00 class 0x088000', 'pci 0000:85:0e.5: [8086:208e] type 00 class 0x088000', 'pci 0000:85:0e.6: [8086:208e] type 00 class 0x088000', 'pci 0000:85:0e.7: [8086:208e] type 00 class 0x088000', 'pci 0000:85:0f.0: [8086:208e] type 00 class 0x088000', 'pci 0000:85:0f.1: [8086:208e] type 00 class 0x088000', 'pci 0000:85:0f.2: [8086:208e] type 00 class 0x088000', 'pci 0000:85:0f.3: [8086:208e] type 00 class 0x088000', 'pci 0000:85:0f.4: [8086:208e] type 00 class 0x088000', 'pci 0000:85:0f.5: [8086:208e] type 00 class 0x088000', 'pci 0000:85:0f.6: [8086:208e] type 00 class 0x088000', 'pci 0000:85:0f.7: [8086:208e] type 00 class 0x088000', 'pci 0000:85:10.0: [8086:208e] type 00 class 0x088000', 'pci 0000:85:10.1: [8086:208e] type 00 class 0x088000', 'pci 0000:85:10.2: [8086:208e] type 00 class 0x088000', 'pci 0000:85:10.3: [8086:208e] type 00 class 0x088000', 'pci 0000:85:10.4: [8086:208e] type 00 class 0x088000', 'pci 0000:85:10.5: [8086:208e] type 00 class 0x088000', 'pci 0000:85:10.6: [8086:208e] type 00 class 0x088000', 'pci 0000:85:10.7: [8086:208e] type 00 class 0x088000', 'pci 0000:85:11.0: [8086:208e] type 00 class 0x088000', 'pci 0000:85:11.1: [8086:208e] type 00 class 0x088000', 'pci 0000:85:11.2: [8086:208e] type 00 class 0x088000', 'pci 0000:85:11.3: [8086:208e] type 00 class 0x088000', 'pci 0000:85:1d.0: [8086:2054] type 00 class 0x088000', 'pci 0000:85:1d.1: [8086:2055] type 00 class 0x088000', 'pci 0000:85:1d.2: [8086:2056] type 00 class 0x088000', 'pci 0000:85:1d.3: [8086:2057] type 00 class 0x088000', 'pci 0000:85:1e.0: [8086:2080] type 00 class 0x088000', 'pci 0000:85:1e.1: [8086:2081] type 00 class 0x088000', 'pci 0000:85:1e.2: [8086:2082] type 00 class 0x088000', 'pci 0000:85:1e.3: [8086:2083] type 00 class 0x088000', 'pci 0000:85:1e.4: [8086:2084] type 00 class 0x088000', 'pci 0000:85:1e.5: [8086:2085] type 00 class 0x088000', 'pci 0000:85:1e.6: [8086:2086] type 00 class 0x088000', 'ACPI: PCI Root Bridge [PC08] (domain 0000 [bus ae-d6])', 'acpi PNP0A08:08: _OSC: OS supports [ExtendedConfig ASPM ClockPM Segments MSI EDR HPX-Type3]', 'acpi PNP0A08:08: _OSC: platform does not support [SHPCHotplug AER LTR DPC]', 'acpi PNP0A08:08: _OSC: OS now controls [PCIeHotplug PME PCIeCapability]', 'acpi PNP0A08:08: FADT indicates ASPM is unsupported, using BIOS configuration', 'PCI host bridge to bus 0000:ae', 'pci_bus 0000:ae: root bus resource [io  0xc000-0xdfff window]', 'pci_bus 0000:ae: root bus resource [mem 0xe1000000-0xee7fffff window]', 'pci_bus 0000:ae: root bus resource [mem 0x398000000000-0x39bfffffffff window]', 'pci_bus 0000:ae: root bus resource [bus ae-d6]', 'pci 0000:ae:00.0: [8086:2030] type 01 class 0x060400', 'pci 0000:ae:00.0: PME# supported from D0 D3hot D3cold', 'pci 0000:ae:05.0: [8086:2034] type 00 class 0x088000', 'pci 0000:ae:05.2: [8086:2035] type 00 class 0x088000', 'pci 0000:ae:05.4: [8086:2036] type 00 class 0x080020', 'pci 0000:ae:05.4: reg 0x10: [mem 0xe1300000-0xe1300fff]', 'pci 0000:ae:08.0: [8086:2066] type 00 class 0x088000', 'pci 0000:ae:09.0: [8086:2066] type 00 class 0x088000', 'pci 0000:ae:0a.0: [8086:2040] type 00 class 0x088000', 'pci 0000:ae:0a.1: [8086:2041] type 00 class 0x088000', 'pci 0000:ae:0a.2: [8086:2042] type 00 class 0x088000', 'pci 0000:ae:0a.3: [8086:2043] type 00 class 0x088000', 'pci 0000:ae:0a.4: [8086:2044] type 00 class 0x088000', 'pci 0000:ae:0a.5: [8086:2045] type 00 class 0x088000', 'pci 0000:ae:0a.6: [8086:2046] type 00 class 0x088000', 'pci 0000:ae:0a.7: [8086:2047] type 00 class 0x088000', 'pci 0000:ae:0b.0: [8086:2048] type 00 class 0x088000', 'pci 0000:ae:0b.1: [8086:2049] type 00 class 0x088000', 'pci 0000:ae:0b.2: [8086:204a] type 00 class 0x088000', 'pci 0000:ae:0b.3: [8086:204b] type 00 class 0x088000', 'pci 0000:ae:0c.0: [8086:2040] type 00 class 0x088000', 'pci 0000:ae:0c.1: [8086:2041] type 00 class 0x088000', 'pci 0000:ae:0c.2: [8086:2042] type 00 class 0x088000', 'pci 0000:ae:0c.3: [8086:2043] type 00 class 0x088000', 'pci 0000:ae:0c.4: [8086:2044] type 00 class 0x088000', 'pci 0000:ae:0c.5: [8086:2045] type 00 class 0x088000', 'pci 0000:ae:0c.6: [8086:2046] type 00 class 0x088000', 'pci 0000:ae:0c.7: [8086:2047] type 00 class 0x088000', 'pci 0000:ae:0d.0: [8086:2048] type 00 class 0x088000', 'pci 0000:ae:0d.1: [8086:2049] type 00 class 0x088000', 'pci 0000:ae:0d.2: [8086:204a] type 00 class 0x088000', 'pci 0000:ae:0d.3: [8086:204b] type 00 class 0x088000', 'pci 0000:af:00.0: [1000:10e2] type 00 class 0x010400', 'pci 0000:af:00.0: reg 0x10: [mem 0xe1000000-0xe10fffff 64bit pref]', 'pci 0000:af:00.0: reg 0x18: [mem 0xe1100000-0xe11fffff 64bit pref]', 'pci 0000:af:00.0: reg 0x20: [mem 0xe1200000-0xe12fffff]', 'pci 0000:af:00.0: reg 0x24: [io  0xc000-0xc0ff]', 'pci 0000:af:00.0: reg 0x30: [mem 0xfff00000-0xffffffff pref]', 'pci 0000:af:00.0: supports D1 D2', 'pci 0000:af:00.0: 63.008 Gb/s available PCIe bandwidth, limited by 8.0 GT/s PCIe x8 link at 0000:ae:00.0 (capable of 126.024 Gb/s with 16.0 GT/s PCIe x8 link)', 'pci 0000:ae:00.0: PCI bridge to [bus af]', 'pci 0000:ae:00.0:   bridge window [io  0xc000-0xcfff]', 'pci 0000:ae:00.0:   bridge window [mem 0xe1200000-0xe12fffff]', 'pci 0000:ae:00.0:   bridge window [mem 0xe1000000-0xe11fffff 64bit pref]', 'ACPI: PCI Root Bridge [PC09] (domain 0000 [bus d7-ff])', 'acpi PNP0A08:09: _OSC: OS supports [ExtendedConfig ASPM ClockPM Segments MSI EDR HPX-Type3]', 'acpi PNP0A08:09: _OSC: platform does not support [SHPCHotplug AER LTR DPC]', 'acpi PNP0A08:09: _OSC: OS now controls [PCIeHotplug PME PCIeCapability]', 'acpi PNP0A08:09: FADT indicates ASPM is unsupported, using BIOS configuration', 'PCI host bridge to bus 0000:d7', 'pci_bus 0000:d7: root bus resource [io  0xe000-0xffff window]', 'pci_bus 0000:d7: root bus resource [mem 0xee800000-0xfbffffff window]', 'pci_bus 0000:d7: root bus resource [mem 0x39c000000000-0x39ffffffffff window]', 'pci_bus 0000:d7: root bus resource [bus d7-ff]', 'pci 0000:d7:05.0: [8086:2034] type 00 class 0x088000', 'pci 0000:d7:05.2: [8086:2035] type 00 class 0x088000', 'pci 0000:d7:05.4: [8086:2036] type 00 class 0x080020', 'pci 0000:d7:05.4: reg 0x10: [mem 0xee800000-0xee800fff]', 'pci 0000:d7:0e.0: [8086:2058] type 00 class 0x110100', 'pci 0000:d7:0e.1: [8086:2059] type 00 class 0x088000', 'pci 0000:d7:0f.0: [8086:2058] type 00 class 0x110100', 'pci 0000:d7:0f.1: [8086:2059] type 00 class 0x088000', 'pci 0000:d7:10.0: [8086:2058] type 00 class 0x110100', 'pci 0000:d7:10.1: [8086:2059] type 00 class 0x088000', 'pci 0000:d7:12.0: [8086:204c] type 00 class 0x110100', 'pci 0000:d7:12.1: [8086:204d] type 00 class 0x110100', 'pci 0000:d7:12.2: [8086:204e] type 00 class 0x088000', 'pci 0000:d7:12.4: [8086:204c] type 00 class 0x110100', 'pci 0000:d7:12.5: [8086:204d] type 00 class 0x110100', 'pci 0000:d7:15.0: [8086:2018] type 00 class 0x088000', 'pci 0000:d7:15.1: [8086:2088] type 00 class 0x110100', 'pci 0000:d7:16.0: [8086:2018] type 00 class 0x088000', 'pci 0000:d7:16.1: [8086:2088] type 00 class 0x110100', 'pci 0000:d7:16.4: [8086:2018] type 00 class 0x088000', 'pci 0000:d7:16.5: [8086:2088] type 00 class 0x110100', 'pci 0000:d7:17.0: [8086:2018] type 00 class 0x088000', 'pci 0000:d7:17.1: [8086:2088] type 00 class 0x110100', 'iommu: Default domain type: Passthrough', 'pci 0000:03:00.0: vgaarb: setting as boot VGA device', 'pci 0000:03:00.0: vgaarb: VGA device added: decodes=io+mem,owns=io+mem,locks=none', 'pci 0000:03:00.0: vgaarb: bridge control possible', 'vgaarb: loaded', 'SCSI subsystem initialized', 'ACPI: bus type USB registered', 'usbcore: registered new interface driver usbfs', 'usbcore: registered new interface driver hub', 'usbcore: registered new device driver usb', 'pps_core: LinuxPPS API ver. 1 registered', 'pps_core: Software ver. 5.3.6 - Copyright 2005-2007 Rodolfo Giometti <giometti@linux.it>', 'PTP clock support registered', 'EDAC MC: Ver: 3.0.0', 'Registered efivars operations', 'PCI: Using ACPI for IRQ routing', 'NetLabel: Initializing', 'NetLabel:  domain hash size = 128', 'NetLabel:  protocols = UNLABELED CIPSOv4 CALIPSO', 'NetLabel:  unlabeled traffic allowed by default', 'hpet0: at MMIO 0xfed00000, IRQs 2, 8, 0, 0, 0, 0, 0, 0', 'hpet0: 8 comparators, 64-bit 24.000000 MHz counter', 'clocksource: Switched to clocksource tsc-early', 'VFS: Disk quotas dquot_6.6.0', 'VFS: Dquot-cache hash table entries: 512 (order 0, 4096 bytes)', 'pnp: PnP ACPI init', 'system 00:01: [io  0x0500-0x05fe] has been reserved', 'system 00:01: [io  0x0400-0x047f] has been reserved', 'system 00:01: [io  0x0600-0x061f] has been reserved', 'system 00:01: [io  0x0ca0-0x0ca5] has been reserved', 'system 00:01: [io  0x0880-0x0883] has been reserved', 'system 00:01: [io  0x0800-0x081f] has been reserved', 'system 00:01: [mem 0xfed1c000-0xfed3ffff] has been reserved', 'system 00:01: [mem 0xfed45000-0xfed8bfff] has been reserved', 'system 00:01: [mem 0xff000000-0xffffffff] has been reserved', 'system 00:01: [mem 0xfee00000-0xfeefffff] has been reserved', 'system 00:01: [mem 0xfed12000-0xfed1200f] has been reserved', 'system 00:01: [mem 0xfed12010-0xfed1201f] has been reserved', 'system 00:01: [mem 0xfed1b000-0xfed1bfff] has been reserved', 'system 00:04: [mem 0xfd000000-0xfdabffff] has been reserved', 'system 00:04: [mem 0xfdad0000-0xfdadffff] has been reserved', 'system 00:04: [mem 0xfdb00000-0xfdffffff] has been reserved', 'system 00:04: [mem 0xfe000000-0xfe00ffff] has been reserved', 'system 00:04: [mem 0xfe011000-0xfe01ffff] has been reserved', 'system 00:04: [mem 0xfe036000-0xfe03bfff] has been reserved', 'system 00:04: [mem 0xfe03d000-0xfe3fffff] has been reserved', 'system 00:04: [mem 0xfe410000-0xfe7fffff] has been reserved', 'system 00:05: [io  0x1000-0x10fe] has been reserved', 'pnp: PnP ACPI: found 6 devices', 'clocksource: acpi_pm: mask: 0xffffff max_cycles: 0xffffff, max_idle_ns: 2085701024 ns', \"pci 0000:01:00.0: can't claim BAR 6 [mem 0xfffc0000-0xffffffff pref]: no compatible bridge window\", \"pci 0000:01:00.1: can't claim BAR 6 [mem 0xfffc0000-0xffffffff pref]: no compatible bridge window\", \"pci 0000:18:00.0: can't claim BAR 6 [mem 0xfffc0000-0xffffffff pref]: no compatible bridge window\", \"pci 0000:18:00.1: can't claim BAR 6 [mem 0xfffc0000-0xffffffff pref]: no compatible bridge window\", \"pci 0000:af:00.0: can't claim BAR 6 [mem 0xfff00000-0xffffffff pref]: no compatible bridge window\", 'pci 0000:00:1c.0: BAR 14: assigned [mem 0x90000000-0x900fffff]', 'pci 0000:01:00.0: BAR 6: assigned [mem 0x90000000-0x9003ffff pref]', 'pci 0000:01:00.1: BAR 6: assigned [mem 0x90040000-0x9007ffff pref]', 'pci 0000:00:1c.0: PCI bridge to [bus 01]', 'pci 0000:00:1c.0:   bridge window [mem 0x90000000-0x900fffff]', 'pci 0000:00:1c.0:   bridge window [mem 0x92900000-0x929fffff 64bit pref]', 'pci 0000:02:00.0: PCI bridge to [bus 03]', 'pci 0000:02:00.0:   bridge window [mem 0x92000000-0x928fffff]', 'pci 0000:02:00.0:   bridge window [mem 0x91000000-0x91ffffff 64bit pref]', 'pci 0000:00:1c.4: PCI bridge to [bus 02-03]', 'pci 0000:00:1c.4:   bridge window [mem 0x92000000-0x928fffff]', 'pci 0000:00:1c.4:   bridge window [mem 0x91000000-0x91ffffff 64bit pref]', 'pci_bus 0000:00: resource 4 [io  0x0000-0x0cf7 window]', 'pci_bus 0000:00: resource 5 [io  0x1000-0x3fff window]', 'pci_bus 0000:00: resource 6 [mem 0x000a0000-0x000bffff window]', 'pci_bus 0000:00: resource 7 [mem 0x000c4000-0x000c7fff window]', 'pci_bus 0000:00: resource 8 [mem 0xfe010000-0xfe010fff window]', 'pci_bus 0000:00: resource 9 [mem 0x90000000-0x9d7fffff window]', 'pci_bus 0000:00: resource 10 [mem 0x380000000000-0x383fffffffff window]', 'pci_bus 0000:01: resource 1 [mem 0x90000000-0x900fffff]', 'pci_bus 0000:01: resource 2 [mem 0x92900000-0x929fffff 64bit pref]', 'pci_bus 0000:02: resource 1 [mem 0x92000000-0x928fffff]', 'pci_bus 0000:02: resource 2 [mem 0x91000000-0x91ffffff 64bit pref]', 'pci_bus 0000:03: resource 1 [mem 0x92000000-0x928fffff]', 'pci_bus 0000:03: resource 2 [mem 0x91000000-0x91ffffff 64bit pref]', 'pci 0000:17:02.0: BAR 14: assigned [mem 0x9dc00000-0x9dcfffff]', 'pci 0000:18:00.0: BAR 6: assigned [mem 0x9dc00000-0x9dc3ffff pref]', 'pci 0000:18:00.1: BAR 6: assigned [mem 0x9dc40000-0x9dc7ffff pref]', 'pci 0000:17:02.0: PCI bridge to [bus 18]', 'pci 0000:17:02.0:   bridge window [mem 0x9dc00000-0x9dcfffff]', 'pci 0000:17:02.0:   bridge window [mem 0x9d800000-0x9dafffff 64bit pref]', 'pci_bus 0000:17: resource 4 [io  0x4000-0x5fff window]', 'pci_bus 0000:17: resource 5 [mem 0x9d800000-0xaaffffff window]', 'pci_bus 0000:17: resource 6 [mem 0x384000000000-0x387fffffffff window]', 'pci_bus 0000:18: resource 1 [mem 0x9dc00000-0x9dcfffff]', 'pci_bus 0000:18: resource 2 [mem 0x9d800000-0x9dafffff 64bit pref]', 'pci_bus 0000:3a: resource 4 [io  0x6000-0x7fff window]', 'pci_bus 0000:3a: resource 5 [mem 0xab000000-0xb87fffff window]', 'pci_bus 0000:3a: resource 6 [mem 0x388000000000-0x38bfffffffff window]', 'pci_bus 0000:5d: resource 4 [io  0x8000-0x9fff window]', 'pci_bus 0000:5d: resource 5 [mem 0xb8800000-0xc5ffffff window]', 'pci_bus 0000:5d: resource 6 [mem 0x38c000000000-0x38ffffffffff window]', 'pci_bus 0000:80: resource 4 [mem 0xc6000000-0xd37fffff window]', 'pci_bus 0000:80: resource 5 [mem 0x390000000000-0x393fffffffff window]', 'pci_bus 0000:85: resource 4 [io  0xa000-0xbfff window]', 'pci_bus 0000:85: resource 5 [mem 0xd3800000-0xe0ffffff window]', 'pci_bus 0000:85: resource 6 [mem 0x394000000000-0x397fffffffff window]', 'pci 0000:af:00.0: BAR 6: no space for [mem size 0x00100000 pref]', 'pci 0000:af:00.0: BAR 6: failed to assign [mem size 0x00100000 pref]', 'pci 0000:ae:00.0: PCI bridge to [bus af]', 'pci 0000:ae:00.0:   bridge window [io  0xc000-0xcfff]', 'pci 0000:ae:00.0:   bridge window [mem 0xe1200000-0xe12fffff]', 'pci 0000:ae:00.0:   bridge window [mem 0xe1000000-0xe11fffff 64bit pref]', 'pci_bus 0000:ae: resource 4 [io  0xc000-0xdfff window]', 'pci_bus 0000:ae: resource 5 [mem 0xe1000000-0xee7fffff window]', 'pci_bus 0000:ae: resource 6 [mem 0x398000000000-0x39bfffffffff window]', 'pci_bus 0000:af: resource 0 [io  0xc000-0xcfff]', 'pci_bus 0000:af: resource 1 [mem 0xe1200000-0xe12fffff]', 'pci_bus 0000:af: resource 2 [mem 0xe1000000-0xe11fffff 64bit pref]', 'pci_bus 0000:d7: resource 4 [io  0xe000-0xffff window]', 'pci_bus 0000:d7: resource 5 [mem 0xee800000-0xfbffffff window]', 'pci_bus 0000:d7: resource 6 [mem 0x39c000000000-0x39ffffffffff window]', 'NET: Registered protocol family 2', 'tcp_listen_portaddr_hash hash table entries: 32768 (order: 7, 524288 bytes, vmalloc)', 'TCP established hash table entries: 524288 (order: 10, 4194304 bytes, vmalloc)', 'TCP bind hash table entries: 65536 (order: 8, 1048576 bytes, vmalloc)', 'TCP: Hash tables configured (established 524288 bind 65536)', 'MPTCP token hash table entries: 65536 (order: 8, 1572864 bytes, vmalloc)', 'UDP hash table entries: 32768 (order: 8, 1048576 bytes, vmalloc)', 'UDP-Lite hash table entries: 32768 (order: 8, 1048576 bytes, vmalloc)', 'NET: Registered protocol family 1', 'NET: Registered protocol family 44', 'pci 0000:03:00.0: Video device with shadowed ROM at [mem 0x000c0000-0x000dffff]', 'pci 0000:17:05.0: disabled boot interrupts on device [8086:2034]', 'pci 0000:3a:05.0: disabled boot interrupts on device [8086:2034]', 'pci 0000:5d:05.0: disabled boot interrupts on device [8086:2034]', 'pci 0000:85:05.0: disabled boot interrupts on device [8086:2034]', 'pci 0000:ae:05.0: disabled boot interrupts on device [8086:2034]', 'pci 0000:d7:05.0: disabled boot interrupts on device [8086:2034]', 'PCI: CLS 0 bytes, default 64', 'Unpacking initramfs...', 'Freeing initrd memory: 52396K', 'PCI-DMA: Using software bounce buffering for IO (SWIOTLB)', 'software IO TLB: mapped [mem 0x0000000061058000-0x0000000065058000] (64MB)', 'Initialise system trusted keyrings', 'Key type blacklist registered', 'workingset: timestamp_bits=36 max_order=24 bucket_order=0', 'zbud: loaded', 'pstore: using deflate compression', 'Platform Keyring initialized', 'NET: Registered protocol family 38', 'Key type asymmetric registered', \"Asymmetric key parser 'x509' registered\", 'Block layer SCSI generic (bsg) driver version 0.4 loaded (major 247)', 'io scheduler mq-deadline registered', 'io scheduler kyber registered', 'io scheduler bfq registered', 'atomic64_test: passed for x86-64 platform with CX8 and with SSE', 'pcieport 0000:00:1c.0: Signaling with IRQ 24', 'pcieport 0000:00:1c.4: Signaling with IRQ 25', 'pcieport 0000:17:02.0: Signaling with IRQ 27', 'pcieport 0000:ae:00.0: Signaling with IRQ 29', 'shpchp: Standard Hot Plug PCI Controller Driver version: 0.4', 'efifb: probing for efifb', 'efifb: framebuffer at 0x91000000, using 3072k, total 3072k', 'efifb: mode is 1024x768x32, linelength=4096, pages=1', 'efifb: scrolling: redraw', 'efifb: Truecolor: size=8:8:8:8, shift=24:16:8:0', 'Console: switching to colour frame buffer device 128x48', 'fb0: EFI VGA frame buffer device', 'input: Power Button as /devices/LNXSYSTM:00/LNXPWRBN:00/input/input0', 'ACPI: Power Button [PWRF]', 'ERST: Error Record Serialization Table (ERST) support is initialized.', 'pstore: Registered erst as persistent store backend', 'GHES: APEI firmware first mode is enabled by APEI bit and WHEA _OSC.', 'Serial: 8250/16550 driver, 4 ports, IRQ sharing enabled', '00:02: ttyS1 at I/O 0x2f8 (irq = 3, base_baud = 115200) is a 16550A', '00:03: ttyS0 at I/O 0x3f8 (irq = 4, base_baud = 115200) is a 16550A', 'Non-volatile memory driver v1.3', 'tpm_tis MSFT0101:00: 2.0 TPM (device-id 0xFC, rev-id 1)', 'rdac: device handler registered', 'hp_sw: device handler registered', 'emc: device handler registered', 'alua: device handler registered', 'libphy: Fixed MDIO Bus: probed', \"ehci_hcd: USB 2.0 'Enhanced' Host Controller (EHCI) Driver\", 'ehci-pci: EHCI PCI platform driver', \"ohci_hcd: USB 1.1 'Open' Host Controller (OHCI) Driver\", 'ohci-pci: OHCI PCI platform driver', 'uhci_hcd: USB Universal Host Controller Interface driver', 'xhci_hcd 0000:00:14.0: xHCI Host Controller', 'xhci_hcd 0000:00:14.0: new USB bus registered, assigned bus number 1', 'xhci_hcd 0000:00:14.0: hcc params 0x200077c1 hci version 0x100 quirks 0x0000000000009810', 'xhci_hcd 0000:00:14.0: cache line size of 64 is not supported', 'usb usb1: New USB device found, idVendor=1d6b, idProduct=0002, bcdDevice= 4.18', 'usb usb1: New USB device strings: Mfr=3, Product=2, SerialNumber=1', 'usb usb1: Product: xHCI Host Controller', 'usb usb1: Manufacturer: Linux 4.18.0-348.el8.x86_64 xhci-hcd', 'usb usb1: SerialNumber: 0000:00:14.0', 'hub 1-0:1.0: USB hub found', 'hub 1-0:1.0: 16 ports detected', 'xhci_hcd 0000:00:14.0: xHCI Host Controller', 'xhci_hcd 0000:00:14.0: new USB bus registered, assigned bus number 2', 'xhci_hcd 0000:00:14.0: Host supports USB 3.0 SuperSpeed', 'usb usb2: New USB device found, idVendor=1d6b, idProduct=0003, bcdDevice= 4.18', 'usb usb2: New USB device strings: Mfr=3, Product=2, SerialNumber=1', 'usb usb2: Product: xHCI Host Controller', 'usb usb2: Manufacturer: Linux 4.18.0-348.el8.x86_64 xhci-hcd', 'usb usb2: SerialNumber: 0000:00:14.0', 'hub 2-0:1.0: USB hub found', 'hub 2-0:1.0: 10 ports detected', 'usb: port power management may be unreliable', 'usbcore: registered new interface driver usbserial_generic', 'usbserial: USB Serial support registered for generic', 'i8042: PNP: No PS/2 controller found.', 'mousedev: PS/2 mouse device common for all mice', 'rtc_cmos 00:00: RTC can wake from S4', 'rtc_cmos 00:00: registered as rtc0', 'rtc_cmos 00:00: alarms up to one month, y3k, 114 bytes nvram, hpet irqs', 'intel_pstate: P-states controlled by the platform', 'EFI Variables Facility v0.08 2004-May-17', 'hid: raw HID events driver (C) Jiri Kosina', 'usbcore: registered new interface driver usbhid', 'usbhid: USB HID core driver', 'drop_monitor: Initializing network drop monitor service', 'Initializing XFRM netlink socket', 'NET: Registered protocol family 10', 'Segment Routing with IPv6', 'NET: Registered protocol family 17', 'mpls_gso: MPLS GSO support', 'microcode: sig=0x50657, pf=0x80, revision=0x5003302', 'microcode: Microcode Update Driver: v2.2.', 'resctrl: MB allocation detected', 'resctrl: L3 monitoring detected', 'AVX2 version of gcm_enc/dec engaged.', 'AES CTR mode by8 optimization enabled', 'usb 1-14: new high-speed USB device number 2 using xhci_hcd', 'sched_clock: Marking stable (1773731670, 0)->(1984731219, -210999549)', 'registered taskstats version 1', 'Loading compiled-in X.509 certificates', \"Loaded X.509 cert 'Red Hat Enterprise Linux kernel signing key: ee840e8093774c1d557081baf5e0744e6731097e'\", \"Loaded X.509 cert 'Red Hat Enterprise Linux Driver Update Program (key 3): bf57f3e87362bc7229d9f465321773dfd1f77a80'\", \"Loaded X.509 cert 'Red Hat Enterprise Linux kpatch signing key: 4d38fd864ebe18c5f0b72e3852e2014c3a676fc8'\", 'usb 1-14: New USB device found, idVendor=1604, idProduct=10c0, bcdDevice= 0.00', 'zswap: loaded using pool lzo/zbud', 'usb 1-14: New USB device strings: Mfr=0, Product=0, SerialNumber=0', 'page_owner is disabled', 'hub 1-14:1.0: USB hub found', 'hub 1-14:1.0: 4 ports detected', 'Key type big_key registered', 'Key type trusted registered', 'Key type encrypted registered', 'integrity: Loading X.509 certificate: UEFI:db', \"integrity: Loaded X.509 cert 'Microsoft Corporation UEFI CA 2011: 13adbf4309bd82709c8cd54f316ed522988a1bd4'\", 'integrity: Loading X.509 certificate: UEFI:db', \"integrity: Loaded X.509 cert 'Microsoft Windows Production PCA 2011: a92902398e16c49778cd90f99e4f9ae17c55af53'\", 'integrity: Loading X.509 certificate: UEFI:db', \"integrity: Loaded X.509 cert 'VMware, Inc.: 4ad8ba0472073d28127706ddc6ccb9050441bbc7'\", 'integrity: Loading X.509 certificate: UEFI:db', \"integrity: Loaded X.509 cert 'VMware, Inc.: VMware Secure Boot Signing: 04597f3e1ffb240bba0ff0f05d5eb05f3e15f6d7'\", 'integrity: Loading X.509 certificate: UEFI:MokListRT (MOKvar table)', \"integrity: Loaded X.509 cert 'Red Hat Secure Boot CA 5: cc6fa5e72868ba494e939bbd680b9144769a9f8f'\", 'ima: Allocated hash algorithm: sha256', 'ima: No architecture policies found', 'tsc: Refined TSC clocksource calibration: 3292.242 MHz', 'clocksource: tsc: mask: 0xffffffffffffffff max_cycles: 0x2f74aba1f2a, max_idle_ns: 440795263416 ns', 'evm: Initialising EVM extended attributes:', 'evm: security.selinux', 'evm: security.ima', 'evm: security.capability', 'evm: HMAC attrs: 0x1', 'clocksource: Switched to clocksource tsc', 'rtc_cmos 00:00: setting system clock to 2022-06-30 21:53:46 UTC (1656626026)', 'Freeing unused decrypted memory: 2036K', 'Freeing unused kernel memory: 2492K', 'Write protecting the kernel read-only data: 22528k', 'Freeing unused kernel memory: 2012K', 'Freeing unused kernel memory: 320K', 'Jun 30 16:53:47 localhost systemd[1]: systemd 239 (239-51.el8) running in system mode. (+PAM +AUDIT +SELINUX +IMA -APPARMOR +SMACK +SYSVINIT +UTMP +LIBCRYPTSETUP +GCRYPT +GNUTLS +ACL +XZ +LZ4 +SECCOMP +BLKID +ELFUTILS +KMOD +IDN2 -IDN +PCRE2 default-hierarchy=legacy)', 'Jun 30 16:53:47 localhost systemd[1]: Detected architecture x86-64.', 'Jun 30 16:53:47 localhost systemd[1]: Running in initial RAM disk.', 'Jun 30 16:53:47 localhost systemd[1]: Set hostname to <localhost.localdomain>.', 'Jun 30 16:53:47 localhost systemd[1]: Listening on udev Kernel Socket.', 'Jun 30 16:53:47 localhost systemd[1]: Reached target Timers.', 'Jun 30 16:53:47 localhost systemd[1]: Reached target Slices.', 'Jun 30 16:53:47 localhost systemd[1]: Reached target Local File Systems.', 'Jun 30 16:53:47 localhost systemd[1]: Listening on udev Control Socket.', 'Jun 30 16:53:47 localhost systemd[1]: Listening on Journal Socket (/dev/log).', 'usb 1-14.1: new high-speed USB device number 3 using xhci_hcd', 'Jun 30 16:53:47 localhost systemd-journald[552]: Journal started', 'Jun 30 16:53:47 localhost systemd-journald[552]: Runtime journal (/run/log/journal/aed3a221a3954fae867c82a08e87644e) is 8.0M, max 3.1G, 3.1G free.', 'Jun 30 16:53:47 localhost systemd[1]: memstrack.service: Succeeded.', 'Jun 30 16:53:47 localhost systemd[1]: Started Create Volatile Files and Directories.', \"Jun 30 16:53:47 localhost systemd-modules-load[582]: Inserted module 'fuse'\", 'fuse: init (API version 7.33)', \"Jun 30 16:53:47 localhost systemd-modules-load[582]: Module 'msr' is builtin\", 'usb 1-14.1: New USB device found, idVendor=1604, idProduct=10c0, bcdDevice= 0.00', 'usb 1-14.1: New USB device strings: Mfr=0, Product=0, SerialNumber=0', 'hub 1-14.1:1.0: USB hub found', 'Jun 30 16:53:47 localhost systemd[1]: systemd-vconsole-setup.service: Succeeded.', 'Jun 30 16:53:47 localhost systemd[1]: Started Setup Virtual Console.', 'hub 1-14.1:1.0: 4 ports detected', 'Jun 30 16:53:47 localhost systemd[1]: Started Create list of required static device nodes for the current kernel.', 'Jun 30 16:53:47 localhost systemd[1]: Started Load Kernel Modules.', 'Jun 30 16:53:47 localhost systemd[1]: Starting Apply Kernel Variables...', 'Jun 30 16:53:47 localhost systemd[1]: Starting Create Static Device Nodes in /dev...', 'Jun 30 16:53:47 localhost systemd[1]: Starting dracut cmdline hook...', 'Jun 30 16:53:47 localhost systemd[1]: Started Apply Kernel Variables.', 'Jun 30 16:53:47 localhost systemd[1]: Started Create Static Device Nodes in /dev.', 'usb 1-14.4: new high-speed USB device number 4 using xhci_hcd', 'Jun 30 16:53:47 localhost dracut-cmdline[596]: dracut-8.5 (Ootpa) dracut-049-191.git20210920.el8', 'Jun 30 16:53:47 localhost dracut-cmdline[596]: Using kernel command line parameters: BOOT_IMAGE=(hd0,gpt4)/vmlinuz-4.18.0-348.el8.x86_64 root=/dev/mapper/rhel-root ro', 'Jun 30 16:53:47 localhost systemd[1]: Started dracut cmdline hook.', 'usb 1-14.4: New USB device found, idVendor=1604, idProduct=10c0, bcdDevice= 0.00', 'usb 1-14.4: New USB device strings: Mfr=0, Product=0, SerialNumber=0', 'hub 1-14.4:1.0: USB hub found', 'hub 1-14.4:1.0: 4 ports detected', 'Jun 30 16:53:47 localhost systemd[1]: Starting dracut pre-udev hook...', 'device-mapper: uevent: version 1.0.3', 'device-mapper: ioctl: 4.43.0-ioctl (2020-10-01) initialised: dm-devel@redhat.com', 'Jun 30 16:53:47 localhost systemd[1]: Started dracut pre-udev hook.', 'Jun 30 16:53:47 localhost systemd[1]: Starting udev Kernel Device Manager...', 'Jun 30 16:53:47 localhost systemd[1]: Started udev Kernel Device Manager.', 'Jun 30 16:53:47 localhost systemd[1]: Starting udev Coldplug all Devices...', 'Jun 30 16:53:47 localhost systemd[1]: Mounting Kernel Configuration File System...', 'Jun 30 16:53:47 localhost systemd[1]: Mounted Kernel Configuration File System.', 'Jun 30 16:53:47 localhost systemd[1]: Started udev Coldplug all Devices.', 'Jun 30 16:53:47 localhost systemd[1]: Starting dracut initqueue hook...', 'Jun 30 16:53:47 localhost systemd[1]: Starting Show Plymouth Boot Screen...', 'Jun 30 16:53:47 localhost systemd[1]: Reached target System Initialization.', 'Jun 30 16:53:47 localhost systemd[1]: Received SIGRTMIN+20 from PID 737 (plymouthd).', 'Jun 30 16:53:47 localhost systemd[1]: Started Show Plymouth Boot Screen.', 'Jun 30 16:53:47 localhost systemd[1]: Started Forward Password Requests to Plymouth Directory Watch.', 'Jun 30 16:53:47 localhost systemd[1]: Reached target Paths.', 'Jun 30 16:53:47 localhost systemd[1]: Reached target Basic System.', 'Jun 30 16:53:47 localhost systemd-udevd[772]: link_config: autonegotiation is unset or enabled, the speed and duplex are not writable.', 'megasas: 07.717.02.00-rh1', 'megaraid_sas 0000:af:00.0: FW now in Ready state', 'tg3 0000:01:00.0 eth0: Tigon3 [partno(BCM95720) rev 5720000] (PCI Express) MAC address 5c:6f:69:23:03:b4', 'megaraid_sas 0000:af:00.0: 63 bit DMA mask and 63 bit consistent mask', 'tg3 0000:01:00.0 eth0: attached PHY is 5720C (10/100/1000Base-T Ethernet) (WireSpeed[1], EEE[1])', 'megaraid_sas 0000:af:00.0: firmware supports msix#011: (128)', 'tg3 0000:01:00.0 eth0: RXcsums[1] LinkChgREG[0] MIirq[0] ASF[1] TSOcap[1]', 'megaraid_sas 0000:af:00.0: requested/available msix 33/33', 'tg3 0000:01:00.0 eth0: dma_rwctrl[00000001] dma_mask[64-bit]', 'megaraid_sas 0000:af:00.0: current msix/online cpus#011: (33/32)', 'megaraid_sas 0000:af:00.0: RDPQ mode#011: (enabled)', 'megaraid_sas 0000:af:00.0: Current firmware supports maximum commands: 5101#011 LDIO threshold: 0', 'bnxt_en 0000:18:00.0 eth1: Broadcom BCM57412 NetXtreme-E 10Gb Ethernet found at mem 9da10000, node addr 5c:6f:69:23:03:b6', 'bnxt_en 0000:18:00.0: 63.008 Gb/s available PCIe bandwidth (8.0 GT/s PCIe x8 link)', 'ahci 0000:00:11.5: AHCI 0001.0301 32 slots 6 ports 6 Gbps 0x3f impl SATA mode', 'ahci 0000:00:11.5: flags: 64bit ncq sntf pm led clo only pio slum part ems deso sadm sds apst', 'fb: switching to mgag200drmfb from EFI VGA', 'tg3 0000:01:00.1 eth2: Tigon3 [partno(BCM95720) rev 5720000] (PCI Express) MAC address 5c:6f:69:23:03:b5', 'tg3 0000:01:00.1 eth2: attached PHY is 5720C (10/100/1000Base-T Ethernet) (WireSpeed[1], EEE[1])', 'tg3 0000:01:00.1 eth2: RXcsums[1] LinkChgREG[0] MIirq[0] ASF[1] TSOcap[1]', 'tg3 0000:01:00.1 eth2: dma_rwctrl[00000001] dma_mask[64-bit]', 'scsi host1: ahci', 'megaraid_sas 0000:af:00.0: Performance mode :Latency (latency index = 1)', 'scsi host2: ahci', 'megaraid_sas 0000:af:00.0: FW supports sync cache#011: Yes', 'scsi host3: ahci', 'megaraid_sas 0000:af:00.0: megasas_disable_intr_fusion is called outbound_intr_mask:0x40000009', 'Console: switching to colour dummy device 80x25', 'mgag200 0000:03:00.0: vgaarb: deactivate vga console', \"Jun 30 16:53:47 localhost systemd-udevd[784]: Using default interface naming scheme 'rhel-8.0'.\", \"Jun 30 16:53:47 localhost systemd-udevd[780]: Using default interface naming scheme 'rhel-8.0'.\", 'Jun 30 16:53:47 localhost systemd-udevd[784]: link_config: autonegotiation is unset or enabled, the speed and duplex are not writable.', 'Jun 30 16:53:47 localhost systemd-udevd[780]: link_config: autonegotiation is unset or enabled, the speed and duplex are not writable.', 'tg3 0000:01:00.0 eno3: renamed from eth0', '[drm] Initialized mgag200 1.0.0 20110418 for 0000:03:00.0 on minor 0', 'fbcon: mgag200drmfb (fb0) is primary device', 'scsi host4: ahci', 'megaraid_sas 0000:af:00.0: FW supports atomic descriptor#011: Yes', 'megaraid_sas 0000:af:00.0: FW provided supportMaxExtLDs: 1#011max_lds: 240', 'megaraid_sas 0000:af:00.0: controller type#011: MR(8192MB)', 'megaraid_sas 0000:af:00.0: Online Controller Reset(OCR)#011: Enabled', 'megaraid_sas 0000:af:00.0: Secure JBOD support#011: No', 'megaraid_sas 0000:af:00.0: NVMe passthru support#011: Yes', 'megaraid_sas 0000:af:00.0: FW provided TM TaskAbort/Reset timeout#011: 6 secs/60 secs', 'megaraid_sas 0000:af:00.0: JBOD sequence map support#011: Yes', 'megaraid_sas 0000:af:00.0: PCI Lane Margining support#011: Yes', 'megaraid_sas 0000:af:00.0: NVME page size#011: (4096)', 'megaraid_sas 0000:af:00.0: megasas_enable_intr_fusion is called outbound_intr_mask:0x40000000', 'megaraid_sas 0000:af:00.0: INIT adapter done', 'megaraid_sas 0000:af:00.0: Snap dump wait time#011: 15', 'megaraid_sas 0000:af:00.0: pci id#011#011: (0x1000)/(0x10e2)/(0x1028)/(0x2176)', 'megaraid_sas 0000:af:00.0: unevenspan support#011: yes', 'megaraid_sas 0000:af:00.0: firmware crash dump#011: no', 'megaraid_sas 0000:af:00.0: JBOD sequence map#011: enabled', 'megaraid_sas 0000:af:00.0: Max firmware commands: 5100 shared with nr_hw_queues = 32', 'scsi host0: Avago SAS based MegaRAID driver', 'scsi host5: ahci', 'scsi host6: ahci', 'ata1: SATA max UDMA/133 abar m524288@0x92a80000 port 0x92a80100 irq 74', 'ata2: SATA max UDMA/133 abar m524288@0x92a80000 port 0x92a80180 irq 74', 'ata3: SATA max UDMA/133 abar m524288@0x92a80000 port 0x92a80200 irq 74', 'ata4: SATA max UDMA/133 abar m524288@0x92a80000 port 0x92a80280 irq 74', 'ata5: SATA max UDMA/133 abar m524288@0x92a80000 port 0x92a80300 irq 74', 'ata6: SATA max UDMA/133 abar m524288@0x92a80000 port 0x92a80380 irq 74', 'tg3 0000:01:00.1 eno4: renamed from eth2', 'ahci 0000:00:17.0: AHCI 0001.0301 32 slots 8 ports 6 Gbps 0xff impl SATA mode', 'ahci 0000:00:17.0: flags: 64bit ncq sntf pm led clo only pio slum part ems deso sadm sds apst', 'Console: switching to colour frame buffer device 128x48', 'bnxt_en 0000:18:00.1 eth0: Broadcom BCM57412 NetXtreme-E 10Gb Ethernet found at mem 9da00000, node addr 5c:6f:69:23:03:b7', 'bnxt_en 0000:18:00.1: 63.008 Gb/s available PCIe bandwidth (8.0 GT/s PCIe x8 link)', 'Jun 30 16:53:48 localhost systemd-udevd[784]: link_config: autonegotiation is unset or enabled, the speed and duplex are not writable.', \"Jun 30 16:53:48 localhost systemd-udevd[712]: Using default interface naming scheme 'rhel-8.0'.\", 'bnxt_en 0000:18:00.0 eno1np0: renamed from eth1', 'mgag200 0000:03:00.0: [drm] fb0: mgag200drmfb frame buffer device', 'scsi host7: ahci', 'scsi host8: ahci', 'scsi host9: ahci', 'scsi host10: ahci', 'scsi host11: ahci', 'scsi host12: ahci', 'scsi host13: ahci', 'scsi host14: ahci', 'ata7: SATA max UDMA/133 abar m524288@0x92a00000 port 0x92a00100 irq 84', 'ata8: SATA max UDMA/133 abar m524288@0x92a00000 port 0x92a00180 irq 84', 'ata9: SATA max UDMA/133 abar m524288@0x92a00000 port 0x92a00200 irq 84', 'ata10: SATA max UDMA/133 abar m524288@0x92a00000 port 0x92a00280 irq 84', 'ata11: SATA max UDMA/133 abar m524288@0x92a00000 port 0x92a00300 irq 84', 'ata12: SATA max UDMA/133 abar m524288@0x92a00000 port 0x92a00380 irq 84', 'ata13: SATA max UDMA/133 abar m524288@0x92a00000 port 0x92a00400 irq 84', 'ata14: SATA max UDMA/133 abar m524288@0x92a00000 port 0x92a00480 irq 84', 'Jun 30 16:53:48 localhost systemd-udevd[712]: link_config: autonegotiation is unset or enabled, the speed and duplex are not writable.', 'bnxt_en 0000:18:00.1 eno2np1: renamed from eth0', 'ata5: SATA link down (SStatus 0 SControl 300)', 'ata6: SATA link down (SStatus 0 SControl 300)', 'ata3: SATA link down (SStatus 0 SControl 300)', 'ata2: SATA link down (SStatus 0 SControl 300)', 'ata4: SATA link down (SStatus 0 SControl 300)', 'ata1: SATA link down (SStatus 0 SControl 300)', 'ata8: SATA link down (SStatus 0 SControl 300)', 'ata12: SATA link down (SStatus 0 SControl 300)', 'ata13: SATA link down (SStatus 0 SControl 300)', 'ata7: SATA link down (SStatus 0 SControl 300)', 'ata14: SATA link up 1.5 Gbps (SStatus 113 SControl 300)', 'ata11: SATA link down (SStatus 0 SControl 300)', 'ata9: SATA link down (SStatus 0 SControl 300)', 'ata10: SATA link down (SStatus 0 SControl 300)', 'ata14.00: ATAPI: HL-DT-ST DVD+/-RW GU90N, A3C3, max UDMA/100', 'ata14.00: configured for UDMA/100', 'scsi 0:3:111:0: Direct-Access     DELL     PERC H750 Adp    5.16 PQ: 0 ANSI: 5', 'scsi 14:0:0:0: CD-ROM            HL-DT-ST DVD+-RW GU90N    A3C3 PQ: 0 ANSI: 5', 'scsi 0:3:111:0: Attached scsi generic sg0 type 0', 'sd 0:3:111:0: [sda] 8196980736 512-byte logical blocks: (4.20 TB/3.82 TiB)', 'sd 0:3:111:0: [sda] Write Protect is off', \"sd 0:3:111:0: [sda] Write cache: disabled, read cache: enabled, doesn't support DPO or FUA\", 'sd 0:3:111:0: [sda] Optimal transfer size 1048576 bytes', 'scsi 14:0:0:0: Attached scsi generic sg1 type 5', 'sda: sda1 sda2 sda3 sda4 sda5', 'sd 0:3:111:0: [sda] Attached SCSI disk', 'sr 14:0:0:0: [sr0] scsi3-mmc drive: 24x/24x writer dvd-ram cd/rw xa/form2 cdda tray', 'cdrom: Uniform CD-ROM driver Revision: 3.20', 'Jun 30 16:53:48 localhost dracut-initqueue[729]: Scanning devices sda5  for LVM volume groups', 'Jun 30 16:53:48 localhost dracut-initqueue[729]: Found volume group \"rhel\" using metadata type lvm2', 'Jun 30 16:53:49 localhost dracut-initqueue[729]: 3 logical volume(s) in volume group \"rhel\" now active', 'Jun 30 16:53:49 localhost systemd[1]: Found device /dev/mapper/rhel-root.', 'Jun 30 16:53:49 localhost systemd[1]: Reached target Initrd Root Device.', 'Jun 30 16:53:49 localhost systemd[1]: Started dracut initqueue hook.', 'Jun 30 16:53:49 localhost systemd[1]: Starting File System Check on /dev/mapper/rhel-root...', 'Jun 30 16:53:49 localhost systemd[1]: Reached target Remote File Systems (Pre).', 'Jun 30 16:53:49 localhost systemd[1]: Reached target Remote File Systems.', 'Jun 30 16:53:49 localhost systemd-fsck[991]: /usr/sbin/fsck.xfs: XFS file system.', 'Jun 30 16:53:49 localhost systemd[1]: Started File System Check on /dev/mapper/rhel-root.', 'Jun 30 16:53:49 localhost systemd[1]: Mounting /sysroot...', 'SGI XFS with ACLs, security attributes, quota, no debug enabled', 'XFS (dm-1): Mounting V5 Filesystem', 'XFS (dm-1): Ending clean mount', 'Jun 30 16:53:49 localhost systemd[1]: Mounted /sysroot.', 'Jun 30 16:53:49 localhost systemd[1]: Reached target Initrd Root File System.', 'Jun 30 16:53:49 localhost systemd[1]: Starting Reload Configuration from the Real Root...', 'Jun 30 16:53:49 localhost systemd[1]: Reloading.', 'Jun 30 16:53:49 localhost systemd[1]: initrd-parse-etc.service: Succeeded.', 'Jun 30 16:53:49 localhost systemd[1]: Started Reload Configuration from the Real Root.', 'Jun 30 16:53:49 localhost systemd[1]: Reached target Initrd File Systems.', 'Jun 30 16:53:49 localhost systemd[1]: Reached target Initrd Default Target.', 'Jun 30 16:53:49 localhost systemd[1]: Starting dracut pre-pivot and cleanup hook...', 'Jun 30 16:53:49 localhost systemd[1]: Started dracut pre-pivot and cleanup hook.', 'Jun 30 16:53:49 localhost systemd[1]: Starting Cleaning Up and Shutting Down Daemons...', 'Jun 30 16:53:49 localhost systemd[1]: dracut-pre-pivot.service: Succeeded.', 'Jun 30 16:53:49 localhost systemd[1]: Stopped dracut pre-pivot and cleanup hook.', 'Jun 30 16:53:49 localhost systemd[1]: Stopped target Initrd Default Target.', 'Jun 30 16:53:49 localhost systemd[1]: Stopped target Initrd Root Device.', 'Jun 30 16:53:49 localhost systemd[1]: Stopped target Remote File Systems.', 'Jun 30 16:53:49 localhost systemd[1]: Stopped target Remote File Systems (Pre).', 'Jun 30 16:53:49 localhost systemd[1]: dracut-initqueue.service: Succeeded.', 'Jun 30 16:53:49 localhost systemd[1]: Stopped dracut initqueue hook.', 'Jun 30 16:53:49 localhost systemd[1]: Starting Plymouth switch root service...', 'Jun 30 16:53:49 localhost systemd[1]: Stopped target Timers.', 'Jun 30 16:53:49 localhost systemd[1]: Stopped target Basic System.', 'Jun 30 16:53:49 localhost systemd[1]: Stopped target System Initialization.', 'Jun 30 16:53:49 localhost systemd[1]: Stopped target Swap.', 'Jun 30 16:53:49 localhost systemd[1]: Stopping udev Kernel Device Manager...', 'Jun 30 16:53:49 localhost systemd[1]: systemd-tmpfiles-setup.service: Succeeded.', 'Jun 30 16:53:49 localhost systemd[1]: Stopped Create Volatile Files and Directories.', 'Jun 30 16:53:49 localhost systemd[1]: systemd-udev-trigger.service: Succeeded.', 'Jun 30 16:53:49 localhost systemd[1]: Stopped udev Coldplug all Devices.', 'Jun 30 16:53:49 localhost systemd[1]: systemd-sysctl.service: Succeeded.', 'Jun 30 16:53:49 localhost systemd[1]: Stopped Apply Kernel Variables.', 'Jun 30 16:53:49 localhost systemd[1]: systemd-modules-load.service: Succeeded.', 'Jun 30 16:53:49 localhost systemd[1]: Stopped Load Kernel Modules.', 'Jun 30 16:53:49 localhost systemd[1]: Stopped target Local File Systems.', 'Jun 30 16:53:49 localhost systemd[1]: Stopped target Slices.', 'Jun 30 16:53:49 localhost systemd[1]: Stopped target Sockets.', 'Jun 30 16:53:49 localhost systemd[1]: Stopped target Paths.', 'Jun 30 16:53:49 localhost systemd[1]: Starting Setup Virtual Console...', 'Jun 30 16:53:49 localhost systemd[1]: initrd-cleanup.service: Succeeded.', 'Jun 30 16:53:49 localhost systemd[1]: Started Cleaning Up and Shutting Down Daemons.', 'Jun 30 16:53:49 localhost systemd[1]: systemd-vconsole-setup.service: Succeeded.', 'Jun 30 16:53:49 localhost systemd[1]: Started Setup Virtual Console.', 'Jun 30 16:53:49 localhost systemd[1]: systemd-udevd.service: Succeeded.', 'Jun 30 16:53:49 localhost systemd[1]: Stopped udev Kernel Device Manager.', 'Jun 30 16:53:49 localhost systemd[1]: systemd-tmpfiles-setup-dev.service: Succeeded.', 'Jun 30 16:53:49 localhost systemd[1]: Stopped Create Static Device Nodes in /dev.', 'Jun 30 16:53:49 localhost systemd[1]: kmod-static-nodes.service: Succeeded.', 'Jun 30 16:53:49 localhost systemd[1]: Stopped Create list of required static device nodes for the current kernel.', 'Jun 30 16:53:49 localhost systemd[1]: dracut-pre-udev.service: Succeeded.', 'Jun 30 16:53:49 localhost systemd[1]: Stopped dracut pre-udev hook.', 'Jun 30 16:53:49 localhost systemd[1]: dracut-cmdline.service: Succeeded.', 'Jun 30 16:53:49 localhost systemd[1]: Stopped dracut cmdline hook.', 'Jun 30 16:53:49 localhost systemd[1]: systemd-udevd-control.socket: Succeeded.', 'Jun 30 16:53:49 localhost systemd[1]: Closed udev Control Socket.', 'Jun 30 16:53:49 localhost systemd[1]: systemd-udevd-kernel.socket: Succeeded.', 'Jun 30 16:53:49 localhost systemd[1]: Closed udev Kernel Socket.', 'Jun 30 16:53:49 localhost systemd[1]: Starting Cleanup udevd DB...', 'Jun 30 16:53:49 localhost systemd[1]: initrd-udevadm-cleanup-db.service: Succeeded.', 'Jun 30 16:53:49 localhost systemd[1]: Started Cleanup udevd DB.', 'Jun 30 16:53:49 localhost systemd[1]: Reached target Switch Root.', 'Jun 30 16:53:50 localhost systemd[1]: Started Plymouth switch root service.', 'Jun 30 16:53:50 localhost systemd[1]: Starting Switch Root...', 'Jun 30 16:53:50 localhost systemd[1]: Switching root.', 'Jun 30 16:53:50 localhost systemd-journald[552]: Journal stopped', 'printk: systemd: 10 output lines suppressed due to ratelimiting', 'audit: type=1404 audit(1656626030.594:2): enforcing=1 old_enforcing=0 auid=4294967295 ses=4294967295 enabled=1 old-enabled=1 lsm=selinux res=1', 'SELinux:  policy capability network_peer_controls=1', 'SELinux:  policy capability open_perms=1', 'SELinux:  policy capability extended_socket_class=1', 'SELinux:  policy capability always_check_network=0', 'SELinux:  policy capability cgroup_seclabel=1', 'SELinux:  policy capability nnp_nosuid_transition=1', 'audit: type=1403 audit(1656626030.771:3): auid=4294967295 ses=4294967295 lsm=selinux res=1', 'Jun 30 21:53:52 localhost systemd[1]: Successfully loaded SELinux policy in 186.973ms.', 'Jun 30 21:53:52 localhost systemd[1]: RTC configured in localtime, applying delta of -300 minutes to system time.', 'Jun 30 21:53:52 localhost systemd[1]: Relabelled /dev, /run and /sys/fs/cgroup in 17.616ms.', 'Jun 30 21:53:52 localhost systemd[1]: systemd 239 (239-51.el8) running in system mode. (+PAM +AUDIT +SELINUX +IMA -APPARMOR +SMACK +SYSVINIT +UTMP +LIBCRYPTSETUP +GCRYPT +GNUTLS +ACL +XZ +LZ4 +SECCOMP +BLKID +ELFUTILS +KMOD +IDN2 -IDN +PCRE2 default-hierarchy=legacy)', 'Jun 30 21:53:52 localhost systemd[1]: Detected architecture x86-64.', 'Jun 30 21:53:52 localhost systemd[1]: Set hostname to <localhost.localdomain>.', 'Jun 30 21:53:52 localhost systemd[1]: Configuration file /usr/lib/systemd/system/cp-del.service is marked executable. Please remove executable permission bits. Proceeding anyway.', 'Jun 30 21:53:52 localhost systemd[1]: systemd-journald.service: Succeeded.', 'Jun 30 21:53:52 localhost systemd[1]: initrd-switch-root.service: Succeeded.', 'Jun 30 21:53:52 localhost systemd[1]: Stopped Switch Root.', 'Jun 30 21:53:52 localhost systemd[1]: systemd-journald.service: Service has no hold-off time (RestartSec=0), scheduling restart.', 'Jun 30 21:53:52 localhost systemd[1]: systemd-journald.service: Scheduled restart job, restart counter is at 1.', 'Jun 30 21:53:52 localhost systemd[1]: Stopped Journal Service.', 'Jun 30 21:53:52 localhost systemd-journald[1114]: Journal started', 'Jun 30 21:53:52 localhost systemd-journald[1114]: Runtime journal (/run/log/journal/aed3a221a3954fae867c82a08e87644e) is 8.0M, max 3.1G, 3.1G free.', 'Jun 30 21:53:52 localhost systemd[1]: Mounted Kernel Debug File System.', 'Jun 30 21:53:52 localhost systemd[1]: Mounted Huge Pages File System.', 'Jun 30 21:53:52 localhost systemd[1]: Started Create list of required static device nodes for the current kernel.', 'Jun 30 21:53:52 localhost systemd[1]: Mounted POSIX Message Queue File System.', 'Jun 30 21:53:52 localhost systemd[1]: Started Read and set NIS domainname from /etc/sysconfig/network.', 'Adding 32845820k swap on /dev/mapper/rhel-swap.  Priority:-2 extents:1 across:32845820k FS', 'Jun 30 21:53:52 localhost systemd[1]: Activated swap /dev/mapper/rhel-swap.', 'Jun 30 21:53:52 localhost systemd[1]: Reached target Swap.', 'Jun 30 21:53:52 localhost systemd[1]: Started udev Coldplug all Devices.', 'Jun 30 21:53:52 localhost systemd[1]: Starting udev Wait for Complete Device Initialization...', \"Jun 30 21:53:52 localhost systemd-modules-load[1125]: Module 'msr' is builtin\", 'Jun 30 21:53:52 localhost systemd[1]: Started Load Kernel Modules.', 'Jun 30 21:53:52 localhost systemd[1]: Starting Apply Kernel Variables...', 'Jun 30 21:53:52 localhost systemd[1]: Mounting FUSE Control File System...', 'Jun 30 21:53:52 localhost systemd[1]: Mounted FUSE Control File System.', 'Jun 30 21:53:52 localhost systemd[1]: Started Apply Kernel Variables.', 'Jun 30 21:53:53 localhost systemd[1]: Started Remount Root and Kernel File Systems.', 'Jun 30 21:53:53 localhost systemd[1]: Starting Create System Users...', 'Jun 30 21:53:53 localhost systemd[1]: Starting Load/Save Random Seed...', 'Jun 30 21:53:53 localhost systemd[1]: Starting Rebuild Hardware Database...', 'Jun 30 21:53:53 localhost systemd[1]: Starting Flush Journal to Persistent Storage...', 'Jun 30 21:53:53 localhost systemd[1]: systemd-vconsole-setup.service: Succeeded.', 'Jun 30 21:53:53 localhost systemd[1]: Started Setup Virtual Console.', 'Jun 30 21:53:53 localhost systemd[1]: Started Load/Save Random Seed.', 'Jun 30 21:53:53 localhost systemd[1]: Started Create System Users.', 'Jun 30 21:53:53 localhost systemd[1]: Starting Create Static Device Nodes in /dev...', 'Jun 30 21:53:53 localhost systemd-journald[1114]: Runtime journal (/run/log/journal/aed3a221a3954fae867c82a08e87644e) is 8.0M, max 3.1G, 3.1G free.', 'Jun 30 21:53:53 localhost systemd[1]: Started Flush Journal to Persistent Storage.', 'Jun 30 21:53:53 localhost systemd-tmpfiles[1158]: [/usr/lib/tmpfiles.d/pesign.conf:1] Line references path below legacy directory /var/run/, updating /var/run/pesign  /run/pesign; please update the tmpfiles.d/ drop-in file accordingly.', 'Jun 30 21:53:53 localhost systemd[1]: Started Create Static Device Nodes in /dev.', 'Jun 30 21:53:53 localhost systemd[1]: Started Rebuild Hardware Database.', 'Jun 30 21:53:53 localhost systemd[1]: Starting udev Kernel Device Manager...', 'Jun 30 21:53:53 localhost systemd[1]: Started udev Kernel Device Manager.', 'ACPI Error: No handler for Region [SYSI] (0000000096fdb95b) [IPMI] (20210105/evregion-135)', 'ACPI Error: Region IPMI (ID=7) has no handler (20210105/exfldio-265)', 'ACPI Error: Aborting method \\\\_SB.PMI0._GHL due to previous error (AE_NOT_EXIST) (20210105/psparse-531)', 'ACPI Error: Aborting method \\\\_SB.PMI0._PMC due to previous error (AE_NOT_EXIST) (20210105/psparse-531)', 'ACPI Error: AE_NOT_EXIST, Evaluating _PMC (20210105/power_meter-756)', 'lpc_ich 0000:00:1f.0: I/O space for ACPI uninitialized', 'wmi_bus wmi_bus-PNP0C14:00: WQBC data block query control method not found', 'lpc_ich 0000:00:1f.0: No MFD cells added', 'IPMI message handler: version 39.2', 'input: PC Speaker as /devices/platform/pcspkr/input/input1', 'ipmi device interface', 'ipmi_si: IPMI System Interface driver', 'ipmi_si dmi-ipmi-si.0: probing via SMBIOS', 'ipmi_platform: ipmi_si: SMBIOS: io 0xca8 regsize 1 spacing 4 irq 10', 'ipmi_si: Adding SMBIOS-specified kcs state machine', 'ipmi_si IPI0001:00: probing via ACPI', 'ipmi_si IPI0001:00: [io  0x0ca8] regsize 1 spacing 4 irq 10', \"Jun 30 21:53:54 localhost systemd-udevd[1232]: Using default interface naming scheme 'rhel-8.0'.\", 'Jun 30 21:53:54 localhost systemd-udevd[1232]: link_config: autonegotiation is unset or enabled, the speed and duplex are not writable.', 'Jun 30 21:53:54 localhost systemd-udevd[1232]: Could not set AlternativeName= or apply AlternativeNamesPolicy= on eno3: File exists', 'Jun 30 21:53:54 localhost systemd-udevd[1232]: Could not apply link config to eno3, ignoring: File exists', 'i801_smbus 0000:00:1f.4: SPD Write Disable is set', 'i801_smbus 0000:00:1f.4: SMBus using PCI interrupt', \"mei_me 0000:00:16.0: Device doesn't have valid ME Interface\", 'ipmi_si dmi-ipmi-si.0: Removing S