Sep 12 05:51:19 localhost journal: Runtime journal is using 8.0M (max allowed 1.5G, trying to leave 2.3G free of 15.5G available â†’ current limit 1.5G).
Sep 12 05:51:19 localhost kernel: Initializing cgroup subsys cpuset
Sep 12 05:51:19 localhost kernel: Initializing cgroup subsys cpu
Sep 12 05:51:19 localhost kernel: Initializing cgroup subsys cpuacct
Sep 12 05:51:19 localhost kernel: Linux version 3.10.0-957.el7.x86_64 (mockbuild@x86-040.build.eng.bos.redhat.com) (gcc version 4.8.5 20150623 (Red Hat 4.8.5-36) (GCC) ) #1 SMP Thu Oct 4 20:48:51 UTC 2018
Sep 12 05:51:19 localhost kernel: Command line: BOOT_IMAGE=/vmlinuz-3.10.0-957.el7.x86_64 root=UUID=bfb5cf83-9f6c-462a-ace6-ba36e2d1c3d9 ro crashkernel=auto rd.md.uuid=e5a5fe68:2e154e50:617724c7:5e571546 rd.md.uuid=62316ad8:c3a8ddb7:a0372749:de11b153 nomodeset biosdevname=0 rhgb quiet LANG=en_US.UTF-8 rd.driver.blacklist=nouveau nouveau.modeset=0
Sep 12 05:51:19 localhost kernel: e820: BIOS-provided physical RAM map:
Sep 12 05:51:19 localhost kernel: BIOS-e820: [mem 0x0000000000000000-0x0000000000092bff] usable
Sep 12 05:51:19 localhost kernel: BIOS-e820: [mem 0x0000000000092c00-0x000000000009ffff] reserved
Sep 12 05:51:19 localhost kernel: BIOS-e820: [mem 0x00000000000e0000-0x00000000000fffff] reserved
Sep 12 05:51:19 localhost kernel: BIOS-e820: [mem 0x0000000000100000-0x000000009b5c8fff] usable
Sep 12 05:51:19 localhost kernel: BIOS-e820: [mem 0x000000009b5c9000-0x000000009b5c9fff] reserved
Sep 12 05:51:19 localhost kernel: BIOS-e820: [mem 0x000000009b5ca000-0x000000009b902fff] usable
Sep 12 05:51:19 localhost kernel: BIOS-e820: [mem 0x000000009b903000-0x000000009b903fff] reserved
Sep 12 05:51:19 localhost kernel: BIOS-e820: [mem 0x000000009b904000-0x00000000cabaafff] usable
Sep 12 05:51:19 localhost kernel: BIOS-e820: [mem 0x00000000cabab000-0x00000000cb98efff] reserved
Sep 12 05:51:19 localhost kernel: BIOS-e820: [mem 0x00000000cb98f000-0x00000000cbb8efff] ACPI NVS
Sep 12 05:51:19 localhost kernel: BIOS-e820: [mem 0x00000000cbb8f000-0x00000000cbc0efff] ACPI data
Sep 12 05:51:19 localhost kernel: BIOS-e820: [mem 0x00000000cbc0f000-0x00000000cbc0ffff] usable
Sep 12 05:51:19 localhost kernel: BIOS-e820: [mem 0x00000000cbc10000-0x00000000cfffffff] reserved
Sep 12 05:51:19 localhost kernel: BIOS-e820: [mem 0x00000000f0000000-0x00000000f7ffffff] reserved
Sep 12 05:51:19 localhost kernel: BIOS-e820: [mem 0x00000000fe000000-0x00000000fe010fff] reserved
Sep 12 05:51:19 localhost kernel: BIOS-e820: [mem 0x00000000fed10000-0x00000000fed19fff] reserved
Sep 12 05:51:19 localhost kernel: BIOS-e820: [mem 0x00000000fed84000-0x00000000fed84fff] reserved
Sep 12 05:51:19 localhost kernel: BIOS-e820: [mem 0x00000000fedb0000-0x00000000fedbffff] reserved
Sep 12 05:51:19 localhost kernel: BIOS-e820: [mem 0x00000000fee00000-0x00000000fee00fff] reserved
Sep 12 05:51:19 localhost kernel: BIOS-e820: [mem 0x00000000ff000000-0x00000000ffffffff] reserved
Sep 12 05:51:19 localhost kernel: BIOS-e820: [mem 0x0000000100000000-0x000000082bffffff] usable
Sep 12 05:51:19 localhost kernel: NX (Execute Disable) protection: active
Sep 12 05:51:19 localhost kernel: SMBIOS 3.1 present.
Sep 12 05:51:19 localhost kernel: DMI: HP HP Z2 Tower G4 Workstation/8455, BIOS Q50 Ver. 01.04.01 10/23/2018
Sep 12 05:51:19 localhost kernel: e820: last_pfn = 0x82c000 max_arch_pfn = 0x400000000
Sep 12 05:51:19 localhost kernel: PAT configuration [0-7]: WB  WC  UC- UC  WB  WP  UC- UC  
Sep 12 05:51:19 localhost kernel: e820: last_pfn = 0xcbc10 max_arch_pfn = 0x400000000
Sep 12 05:51:19 localhost kernel: Using GB pages for direct mapping
Sep 12 05:51:19 localhost kernel: RAMDISK: [mem 0x344e6000-0x3626afff]
Sep 12 05:51:19 localhost kernel: Early table checksum verification disabled
Sep 12 05:51:19 localhost kernel: ACPI: RSDP 00000000000fbe00 00024 (v02 HPQOEM)
Sep 12 05:51:19 localhost kernel: ACPI: XSDT 00000000cbbbf188 000EC (v01 HPQOEM SLIC-BPC 00000000 INTL 20160422)
Sep 12 05:51:19 localhost kernel: ACPI: FACP 00000000cbc08000 00114 (v06 HPQOEM SLIC-BPC 00000000 HP   00000001)
Sep 12 05:51:19 localhost kernel: ACPI: DSDT 00000000cbbe5000 1EC67 (v02 HPQOEM 8455     00000000 INTL 20160527)
Sep 12 05:51:19 localhost kernel: ACPI: FACS 00000000cbb16000 00040
Sep 12 05:51:19 localhost kernel: ACPI: SSDT 00000000cbc0c000 0012A (v02 HP     ShmTable 00000001 INTL 20160527)
Sep 12 05:51:19 localhost kernel: ACPI: SSDT 00000000cbc0a000 01B1C (v02 CpuRef  CpuSsdt 00003000 INTL 20160527)
Sep 12 05:51:19 localhost kernel: ACPI: SSDT 00000000cbc09000 009CF (v02  CtdpB    CtdpB 00001000 INTL 20160527)
Sep 12 05:51:19 localhost kernel: ACPI: HPET 00000000cbc07000 00038 (v01 HPQOEM 8455     00000001 HP   00000001)
Sep 12 05:51:19 localhost kernel: ACPI: APIC 00000000cbc06000 0012C (v03 HPQOEM 8455     00000001 HP   00000001)
Sep 12 05:51:19 localhost kernel: ACPI: MCFG 00000000cbc05000 0003C (v01 HPQOEM 8455     00000001 HP   00000001)
Sep 12 05:51:19 localhost kernel: ACPI: WSMT 00000000cbc04000 00028 (v01 HPQOEM 8455     00000001 HP   00000001)
Sep 12 05:51:19 localhost kernel: ACPI: SSDT 00000000cbbe4000 00734 (v01 HPQOEM PtidDevc 00001000 INTL 20160527)
Sep 12 05:51:19 localhost kernel: ACPI: SSDT 00000000cbbe2000 015D2 (v02 HPQOEM HP_XHC_P 00000000 INTL 20160527)
Sep 12 05:51:19 localhost kernel: ACPI: SSDT 00000000cbbde000 030ED (v02 SaSsdt  SaSsdt  00003000 INTL 20160527)
Sep 12 05:51:19 localhost kernel: ACPI: SSDT 00000000cbbdb000 0254F (v02 PegSsd  PegSsdt 00001000 INTL 20160527)
Sep 12 05:51:19 localhost kernel: ACPI: LPIT 00000000cbbda000 0005C (v01 INTEL       CFL 20170001 INTL 20160422)
Sep 12 05:51:19 localhost kernel: ACPI: WSMT 00000000cbbd9000 00028 (v01 INTEL       CFL 20170001 INTL 20160422)
Sep 12 05:51:19 localhost kernel: ACPI: SSDT 00000000cbbd8000 0044C (v02 INTEL      Wwan 00000001 INTL 20160527)
Sep 12 05:51:19 localhost kernel: ACPI: SSDT 00000000cbbd7000 003CE (v02 INTEL  Tpm2Tabl 00001000 INTL 20160527)
Sep 12 05:51:19 localhost kernel: ACPI: TPM2 00000000cbbd6000 00034 (v04 INTEL       CFL 20170001 INTL 20160422)
Sep 12 05:51:19 localhost kernel: ACPI: UEFI 00000000cbb0f000 00042 (v01 INTEL       CFL 20170001 INTL 20160422)
Sep 12 05:51:19 localhost kernel: ACPI: CELI 00000000cbbd5000 00028 (v03 INTEL       CFL 20170001 INTL 20160422)
Sep 12 05:51:19 localhost kernel: ACPI: DMAR 00000000cbbd4000 00070 (v01 INTEL  CFL      00000002      01000013)
Sep 12 05:51:19 localhost kernel: ACPI: SSDT 00000000cbbc0000 13333 (v01     HP HPINDTWL 00001000 INTL 20160527)
Sep 12 05:51:19 localhost kernel: ACPI: SSDT 00000000cbc0d000 00032 (v01     HP HPCONDEV 00001000 INTL 20160527)
Sep 12 05:51:19 localhost kernel: ACPI: ASF! 00000000cbbbe000 000A0 (v32 HPQOEM      UYA 20170001 INTL 20160422)
Sep 12 05:51:19 localhost kernel: ACPI: FPDT 00000000cbbbd000 00044 (v01 INTEL       CFL 20170001 INTL 20160422)
Sep 12 05:51:19 localhost kernel: ACPI: BGRT 00000000cbbbc000 00038 (v01 INTEL       CFL 20170001 INTL 20160422)
Sep 12 05:51:19 localhost kernel: No NUMA configuration found
Sep 12 05:51:19 localhost kernel: Faking a node at [mem 0x0000000000000000-0x000000082bffffff]
Sep 12 05:51:19 localhost kernel: NODE_DATA(0) allocated [mem 0x82bfd9000-0x82bffffff]
Sep 12 05:51:19 localhost kernel: Reserving 162MB of memory at 672MB for crashkernel (System RAM: 32619MB)
Sep 12 05:51:19 localhost kernel: Zone ranges:
Sep 12 05:51:19 localhost kernel:  DMA      [mem 0x00001000-0x00ffffff]
Sep 12 05:51:19 localhost kernel:  DMA32    [mem 0x01000000-0xffffffff]
Sep 12 05:51:19 localhost kernel:  Normal   [mem 0x100000000-0x82bffffff]
Sep 12 05:51:19 localhost kernel: Movable zone start for each node
Sep 12 05:51:19 localhost kernel: Early memory node ranges
Sep 12 05:51:19 localhost kernel:  node   0: [mem 0x00001000-0x00091fff]
Sep 12 05:51:19 localhost kernel:  node   0: [mem 0x00100000-0x9b5c8fff]
Sep 12 05:51:19 localhost kernel:  node   0: [mem 0x9b5ca000-0x9b902fff]
Sep 12 05:51:19 localhost kernel:  node   0: [mem 0x9b904000-0xcabaafff]
Sep 12 05:51:19 localhost kernel:  node   0: [mem 0xcbc0f000-0xcbc0ffff]
Sep 12 05:51:19 localhost kernel:  node   0: [mem 0x100000000-0x82bffffff]
Sep 12 05:51:19 localhost kernel: Initmem setup node 0 [mem 0x00001000-0x82bffffff]
Sep 12 05:51:19 localhost kernel: ACPI: PM-Timer IO Port: 0x1808
Sep 12 05:51:19 localhost kernel: ACPI: LAPIC (acpi_id[0x01] lapic_id[0x00] enabled)
Sep 12 05:51:19 localhost kernel: ACPI: LAPIC (acpi_id[0x02] lapic_id[0x02] enabled)
Sep 12 05:51:19 localhost kernel: ACPI: LAPIC (acpi_id[0x03] lapic_id[0x04] enabled)
Sep 12 05:51:19 localhost kernel: ACPI: LAPIC (acpi_id[0x04] lapic_id[0x06] enabled)
Sep 12 05:51:19 localhost kernel: ACPI: LAPIC (acpi_id[0x05] lapic_id[0x08] enabled)
Sep 12 05:51:19 localhost kernel: ACPI: LAPIC (acpi_id[0x06] lapic_id[0x0a] enabled)
Sep 12 05:51:19 localhost kernel: ACPI: LAPIC (acpi_id[0x07] lapic_id[0x01] enabled)
Sep 12 05:51:19 localhost kernel: ACPI: LAPIC (acpi_id[0x08] lapic_id[0x03] enabled)
Sep 12 05:51:19 localhost kernel: ACPI: LAPIC (acpi_id[0x09] lapic_id[0x05] enabled)
Sep 12 05:51:19 localhost kernel: ACPI: LAPIC (acpi_id[0x0a] lapic_id[0x07] enabled)
Sep 12 05:51:19 localhost kernel: ACPI: LAPIC (acpi_id[0x0b] lapic_id[0x09] enabled)
Sep 12 05:51:19 localhost kernel: ACPI: LAPIC (acpi_id[0x0c] lapic_id[0x0b] enabled)
Sep 12 05:51:19 localhost kernel: ACPI: LAPIC (acpi_id[0x0d] lapic_id[0xff] disabled)
Sep 12 05:51:19 localhost kernel: ACPI: LAPIC (acpi_id[0x0e] lapic_id[0xff] disabled)
Sep 12 05:51:19 localhost kernel: ACPI: LAPIC (acpi_id[0x0f] lapic_id[0xff] disabled)
Sep 12 05:51:19 localhost kernel: ACPI: LAPIC (acpi_id[0x10] lapic_id[0xff] disabled)
Sep 12 05:51:19 localhost kernel: ACPI: LAPIC_NMI (acpi_id[0x01] high edge lint[0x1])
Sep 12 05:51:19 localhost kernel: ACPI: LAPIC_NMI (acpi_id[0x02] high edge lint[0x1])
Sep 12 05:51:19 localhost kernel: ACPI: LAPIC_NMI (acpi_id[0x03] high edge lint[0x1])
Sep 12 05:51:19 localhost kernel: ACPI: LAPIC_NMI (acpi_id[0x04] high edge lint[0x1])
Sep 12 05:51:19 localhost kernel: ACPI: LAPIC_NMI (acpi_id[0x05] high edge lint[0x1])
Sep 12 05:51:19 localhost kernel: ACPI: LAPIC_NMI (acpi_id[0x06] high edge lint[0x1])
Sep 12 05:51:19 localhost kernel: ACPI: LAPIC_NMI (acpi_id[0x07] high edge lint[0x1])
Sep 12 05:51:19 localhost kernel: ACPI: LAPIC_NMI (acpi_id[0x08] high edge lint[0x1])
Sep 12 05:51:19 localhost kernel: ACPI: LAPIC_NMI (acpi_id[0x09] high edge lint[0x1])
Sep 12 05:51:19 localhost kernel: ACPI: LAPIC_NMI (acpi_id[0x0a] high edge lint[0x1])
Sep 12 05:51:19 localhost kernel: ACPI: LAPIC_NMI (acpi_id[0x0b] high edge lint[0x1])
Sep 12 05:51:19 localhost kernel: ACPI: LAPIC_NMI (acpi_id[0x0c] high edge lint[0x1])
Sep 12 05:51:19 localhost kernel: ACPI: LAPIC_NMI (acpi_id[0x0d] high edge lint[0x1])
Sep 12 05:51:19 localhost kernel: ACPI: LAPIC_NMI (acpi_id[0x0e] high edge lint[0x1])
Sep 12 05:51:19 localhost kernel: ACPI: LAPIC_NMI (acpi_id[0x0f] high edge lint[0x1])
Sep 12 05:51:19 localhost kernel: ACPI: LAPIC_NMI (acpi_id[0x10] high edge lint[0x1])
Sep 12 05:51:19 localhost kernel: ACPI: IOAPIC (id[0x02] address[0xfec00000] gsi_base[0])
Sep 12 05:51:19 localhost kernel: IOAPIC[0]: apic_id 2, version 32, address 0xfec00000, GSI 0-119
Sep 12 05:51:19 localhost kernel: ACPI: INT_SRC_OVR (bus 0 bus_irq 0 global_irq 2 dfl dfl)
Sep 12 05:51:19 localhost kernel: ACPI: INT_SRC_OVR (bus 0 bus_irq 9 global_irq 9 high level)
Sep 12 05:51:19 localhost kernel: Using ACPI (MADT) for SMP configuration information
Sep 12 05:51:19 localhost kernel: ACPI: HPET id: 0x8086a201 base: 0xfed00000
Sep 12 05:51:19 localhost kernel: smpboot: Allowing 16 CPUs, 4 hotplug CPUs
Sep 12 05:51:19 localhost kernel: PM: Registered nosave memory: [mem 0x00092000-0x00092fff]
Sep 12 05:51:19 localhost kernel: PM: Registered nosave memory: [mem 0x00093000-0x0009ffff]
Sep 12 05:51:19 localhost kernel: PM: Registered nosave memory: [mem 0x000a0000-0x000dffff]
Sep 12 05:51:19 localhost kernel: PM: Registered nosave memory: [mem 0x000e0000-0x000fffff]
Sep 12 05:51:19 localhost kernel: PM: Registered nosave memory: [mem 0x9b5c9000-0x9b5c9fff]
Sep 12 05:51:19 localhost kernel: PM: Registered nosave memory: [mem 0x9b903000-0x9b903fff]
Sep 12 05:51:19 localhost kernel: PM: Registered nosave memory: [mem 0xcabab000-0xcb98efff]
Sep 12 05:51:19 localhost kernel: PM: Registered nosave memory: [mem 0xcb98f000-0xcbb8efff]
Sep 12 05:51:19 localhost kernel: PM: Registered nosave memory: [mem 0xcbb8f000-0xcbc0efff]
Sep 12 05:51:19 localhost kernel: PM: Registered nosave memory: [mem 0xcbc10000-0xcfffffff]
Sep 12 05:51:19 localhost kernel: PM: Registered nosave memory: [mem 0xd0000000-0xefffffff]
Sep 12 05:51:19 localhost kernel: PM: Registered nosave memory: [mem 0xf0000000-0xf7ffffff]
Sep 12 05:51:19 localhost kernel: PM: Registered nosave memory: [mem 0xf8000000-0xfdffffff]
Sep 12 05:51:19 localhost kernel: PM: Registered nosave memory: [mem 0xfe000000-0xfe010fff]
Sep 12 05:51:19 localhost kernel: PM: Registered nosave memory: [mem 0xfe011000-0xfed0ffff]
Sep 12 05:51:19 localhost kernel: PM: Registered nosave memory: [mem 0xfed10000-0xfed19fff]
Sep 12 05:51:19 localhost kernel: PM: Registered nosave memory: [mem 0xfed1a000-0xfed83fff]
Sep 12 05:51:19 localhost kernel: PM: Registered nosave memory: [mem 0xfed84000-0xfed84fff]
Sep 12 05:51:19 localhost kernel: PM: Registered nosave memory: [mem 0xfed85000-0xfedaffff]
Sep 12 05:51:19 localhost kernel: PM: Registered nosave memory: [mem 0xfedb0000-0xfedbffff]
Sep 12 05:51:19 localhost kernel: PM: Registered nosave memory: [mem 0xfedc0000-0xfedfffff]
Sep 12 05:51:19 localhost kernel: PM: Registered nosave memory: [mem 0xfee00000-0xfee00fff]
Sep 12 05:51:19 localhost kernel: PM: Registered nosave memory: [mem 0xfee01000-0xfeffffff]
Sep 12 05:51:19 localhost kernel: PM: Registered nosave memory: [mem 0xff000000-0xffffffff]
Sep 12 05:51:19 localhost kernel: e820: [mem 0xd0000000-0xefffffff] available for PCI devices
Sep 12 05:51:19 localhost kernel: Booting paravirtualized kernel on bare hardware
Sep 12 05:51:19 localhost kernel: setup_percpu: NR_CPUS:5120 nr_cpumask_bits:16 nr_cpu_ids:16 nr_node_ids:1
Sep 12 05:51:19 localhost kernel: PERCPU: Embedded 38 pages/cpu @ffff8a12cb200000 s118784 r8192 d28672 u262144
Sep 12 05:51:19 localhost kernel: Built 1 zonelists in Zone order, mobility grouping on.  Total pages: 8220023
Sep 12 05:51:19 localhost kernel: Policy zone: Normal
Sep 12 05:51:19 localhost kernel: Kernel command line: BOOT_IMAGE=/vmlinuz-3.10.0-957.el7.x86_64 root=UUID=bfb5cf83-9f6c-462a-ace6-ba36e2d1c3d9 ro crashkernel=auto rd.md.uuid=e5a5fe68:2e154e50:617724c7:5e571546 rd.md.uuid=62316ad8:c3a8ddb7:a0372749:de11b153 nomodeset biosdevname=0 rhgb quiet LANG=en_US.UTF-8 rd.driver.blacklist=nouveau nouveau.modeset=0
Sep 12 05:51:19 localhost kernel: PID hash table entries: 4096 (order: 3, 32768 bytes)
Sep 12 05:51:19 localhost kernel: x86/fpu: xstate_offset[2]: 0240, xstate_sizes[2]: 0100
Sep 12 05:51:19 localhost kernel: x86/fpu: xstate_offset[3]: 03c0, xstate_sizes[3]: 0040
Sep 12 05:51:19 localhost kernel: x86/fpu: xstate_offset[4]: 0400, xstate_sizes[4]: 0040
Sep 12 05:51:19 localhost kernel: xsave: enabled xstate_bv 0x1f, cntxt size 0x440 using standard form
Sep 12 05:51:19 localhost kernel: Memory: 5156452k/34275328k available (7664k kernel code, 873236k absent, 808204k reserved, 6055k data, 1876k init)
Sep 12 05:51:19 localhost kernel: SLUB: HWalign=64, Order=0-3, MinObjects=0, CPUs=16, Nodes=1
Sep 12 05:51:19 localhost kernel: x86/pti: Unmapping kernel while in userspace
Sep 12 05:51:19 localhost kernel: Hierarchical RCU implementation.
Sep 12 05:51:19 localhost kernel: #011RCU restricting CPUs from NR_CPUS=5120 to nr_cpu_ids=16.
Sep 12 05:51:19 localhost kernel: NR_IRQS:327936 nr_irqs:2184 0
Sep 12 05:51:19 localhost kernel: Console: colour VGA+ 80x25
Sep 12 05:51:19 localhost kernel: console [tty0] enabled
Sep 12 05:51:19 localhost kernel: allocated 134217728 bytes of page_cgroup
Sep 12 05:51:19 localhost kernel: please try 'cgroup_disable=memory' option if you don't want memory cgroups
Sep 12 05:51:19 localhost kernel: tsc: Detected 3700.000 MHz processor
Sep 12 05:51:19 localhost kernel: tsc: Detected 3696.000 MHz TSC
Sep 12 05:51:19 localhost kernel: Calibrating delay loop (skipped), value calculated using timer frequency.. 
Sep 12 05:51:19 localhost kernel: 7392.00 BogoMIPS (lpj=3696000)
Sep 12 05:51:19 localhost kernel: pid_max: default: 32768 minimum: 301
Sep 12 05:51:19 localhost kernel: Security Framework initialized
Sep 12 05:51:19 localhost kernel: SELinux:  Initializing.
Sep 12 05:51:19 localhost kernel: Yama: becoming mindful.
Sep 12 05:51:19 localhost kernel: Dentry cache hash table entries: 4194304 (order: 13, 33554432 bytes)
Sep 12 05:51:19 localhost kernel: Inode-cache hash table entries: 2097152 (order: 12, 16777216 bytes)
Sep 12 05:51:19 localhost kernel: Mount-cache hash table entries: 65536 (order: 7, 524288 bytes)
Sep 12 05:51:19 localhost kernel: Mountpoint-cache hash table entries: 65536 (order: 7, 524288 bytes)
Sep 12 05:51:19 localhost kernel: Initializing cgroup subsys memory
Sep 12 05:51:19 localhost kernel: Initializing cgroup subsys devices
Sep 12 05:51:19 localhost kernel: Initializing cgroup subsys freezer
Sep 12 05:51:19 localhost kernel: Initializing cgroup subsys net_cls
Sep 12 05:51:19 localhost kernel: Initializing cgroup subsys blkio
Sep 12 05:51:19 localhost kernel: Initializing cgroup subsys perf_event
Sep 12 05:51:19 localhost kernel: Initializing cgroup subsys hugetlb
Sep 12 05:51:19 localhost kernel: Initializing cgroup subsys pids
Sep 12 05:51:19 localhost kernel: Initializing cgroup subsys net_prio
Sep 12 05:51:19 localhost kernel: ENERGY_PERF_BIAS: Set to 'normal', was 'performance'
Sep 12 05:51:19 localhost kernel: ENERGY_PERF_BIAS: View and update with x86_energy_perf_policy(8)
Sep 12 05:51:19 localhost kernel: mce: CPU supports 12 MCE banks
Sep 12 05:51:19 localhost kernel: CPU0: Thermal monitoring enabled (TM1)
Sep 12 05:51:19 localhost kernel: Last level iTLB entries: 4KB 0, 2MB 0, 4MB 0
Sep 12 05:51:19 localhost kernel: Last level dTLB entries: 4KB 64, 2MB 0, 4MB 0
Sep 12 05:51:19 localhost kernel: tlb_flushall_shift: 6
Sep 12 05:51:19 localhost kernel: Speculative Store Bypass: Mitigation: Speculative Store Bypass disabled via prctl and seccomp
Sep 12 05:51:19 localhost kernel: FEATURE SPEC_CTRL Present
Sep 12 05:51:19 localhost kernel: FEATURE IBPB_SUPPORT Present
Sep 12 05:51:19 localhost kernel: Spectre V2 : Mitigation: IBRS (kernel)
Sep 12 05:51:19 localhost kernel: Freeing SMP alternatives: 28k freed
Sep 12 05:51:19 localhost kernel: ACPI: Core revision 20130517
Sep 12 05:51:19 localhost kernel: ACPI Error: [\_SB_.PCI0.XHC_.RHUB.HS11] Namespace lookup failure, AE_NOT_FOUND (20130517/dswload-194)
Sep 12 05:51:19 localhost kernel: ACPI Exception: AE_NOT_FOUND, During name lookup/catalog (20130517/psobject-222)
Sep 12 05:51:19 localhost kernel: ACPI: All ACPI Tables successfully acquired
Sep 12 05:51:19 localhost kernel: ftrace: allocating 29185 entries in 115 pages
Sep 12 05:51:19 localhost kernel: DMAR: Host address width 39
Sep 12 05:51:19 localhost kernel: DMAR: DRHD base: 0x000000fed91000 flags: 0x1
Sep 12 05:51:19 localhost kernel: DMAR: dmar0: reg_base_addr fed91000 ver 1:0 cap d2008c40660462 ecap f050da
Sep 12 05:51:19 localhost kernel: DMAR: RMRR base: 0x000000cb89e000 end: 0x000000cb8bdfff
Sep 12 05:51:19 localhost kernel: DMAR-IR: IOAPIC id 2 under DRHD base  0xfed91000 IOMMU 0
Sep 12 05:51:19 localhost kernel: DMAR-IR: HPET id 0 under DRHD base 0xfed91000
Sep 12 05:51:19 localhost kernel: DMAR-IR: Queued invalidation will be enabled to support x2apic and Intr-remapping.
Sep 12 05:51:19 localhost kernel: DMAR-IR: Enabled IRQ remapping in x2apic mode
Sep 12 05:51:19 localhost kernel: Enabling x2apic
Sep 12 05:51:19 localhost kernel: Enabled x2apic
Sep 12 05:51:19 localhost kernel: Switched APIC routing to cluster x2apic.
Sep 12 05:51:19 localhost kernel: ..TIMER: vector=0x30 apic1=0 pin1=2 apic2=-1 pin2=-1
Sep 12 05:51:19 localhost kernel: smpboot: CPU0: Intel(R) Xeon(R) E-2176G CPU @ 3.70GHz (fam: 06, model: 9e, stepping: 0a)
Sep 12 05:51:19 localhost kernel: Performance Events: PEBS fmt3+, Skylake events, 32-deep LBR, full-width counters, Intel PMU driver.
Sep 12 05:51:19 localhost kernel: ... version:                4
Sep 12 05:51:19 localhost kernel: ... bit width:              48
Sep 12 05:51:19 localhost kernel: ... generic registers:      4
Sep 12 05:51:19 localhost kernel: ... value mask:             0000ffffffffffff
Sep 12 05:51:19 localhost kernel: ... max period:             00007fffffffffff
Sep 12 05:51:19 localhost kernel: ... fixed-purpose events:   3
Sep 12 05:51:19 localhost kernel: ... event mask:             000000070000000f
Sep 12 05:51:19 localhost kernel: NMI watchdog: enabled on all CPUs, permanently consumes one hw-PMU counter.
Sep 12 05:51:19 localhost kernel: smpboot: Booting Node   0, Processors  #1 #2 #3 #4 #5 #6 #7 #8 #9 #10 #11
Sep 12 05:51:19 localhost kernel: Brought up 12 CPUs
Sep 12 05:51:19 localhost kernel: smpboot: Max logical packages: 2
Sep 12 05:51:19 localhost kernel: smpboot: Total of 12 processors activated (88704.00 BogoMIPS)
Sep 12 05:51:19 localhost kernel: node 0 initialised, 6859359 pages in 140ms
Sep 12 05:51:19 localhost kernel: devtmpfs: initialized
Sep 12 05:51:19 localhost kernel: EVM: security.selinux
Sep 12 05:51:19 localhost kernel: EVM: security.ima
Sep 12 05:51:19 localhost kernel: EVM: security.capability
Sep 12 05:51:19 localhost kernel: PM: Registering ACPI NVS region [mem 0xcb98f000-0xcbb8efff] (2097152 bytes)
Sep 12 05:51:19 localhost kernel: atomic64 test passed for x86-64 platform with CX8 and with SSE
Sep 12 05:51:19 localhost kernel: pinctrl core: initialized pinctrl subsystem
Sep 12 05:51:19 localhost kernel: RTC time:  5:51:19, date: 09/12/19
Sep 12 05:51:19 localhost kernel: NET: Registered protocol family 16
Sep 12 05:51:19 localhost kernel: ACPI: bus type PCI registered
Sep 12 05:51:19 localhost kernel: acpiphp: ACPI Hot Plug PCI Controller Driver version: 0.5
Sep 12 05:51:19 localhost kernel: PCI: MMCONFIG for domain 0000 [bus 00-7f] at [mem 0xf0000000-0xf7ffffff] (base 0xf0000000)
Sep 12 05:51:19 localhost kernel: PCI: MMCONFIG at [mem 0xf0000000-0xf7ffffff] reserved in E820
Sep 12 05:51:19 localhost kernel: PCI: Using configuration type 1 for base access
Sep 12 05:51:19 localhost kernel: ACPI: Added _OSI(Module Device)
Sep 12 05:51:19 localhost kernel: ACPI: Added _OSI(Processor Device)
Sep 12 05:51:19 localhost kernel: ACPI: Added _OSI(3.0 _SCP Extensions)
Sep 12 05:51:19 localhost kernel: ACPI: Added _OSI(Processor Aggregator Device)
Sep 12 05:51:19 localhost kernel: ACPI: Added _OSI(Linux-Dell-Video)
Sep 12 05:51:19 localhost kernel: ACPI Exception: AE_BAD_PARAMETER, Could not install PciConfig handler for Root Bridge PCI0 (20130517/evrgnini-244)
Sep 12 05:51:19 localhost kernel: ACPI: Executed 31 blocks of module-level executable AML code
Sep 12 05:51:19 localhost kernel: ACPI: [Firmware Bug]: BIOS _OSI(Linux) query ignored
Sep 12 05:51:19 localhost kernel: ACPI: Dynamic OEM Table Load:
Sep 12 05:51:19 localhost kernel: ACPI: SSDT ffff8a12ebe4e700 000F4 (v02  PmRef  Cpu0Psd 00003000 INTL 20160527)
Sep 12 05:51:19 localhost kernel: ACPI: Executed 1 blocks of module-level executable AML code
Sep 12 05:51:19 localhost kernel: ACPI: \_SB_.PR00: _OSC native thermal LVT Acked
Sep 12 05:51:19 localhost kernel: ACPI Error: Field [CAP1] at 96 exceeds Buffer [NULL] size 64 (bits) (20130517/dsopcode-236)
Sep 12 05:51:19 localhost kernel: ACPI Error: Method parse/execution failed [\_SB_._OSC] (Node ffff8a0c34b04f00), AE_AML_BUFFER_LIMIT (20130517/psparse-536)
Sep 12 05:51:19 localhost kernel: ACPI: Dynamic OEM Table Load:
Sep 12 05:51:19 localhost kernel: ACPI: SSDT ffff8a12cb37dc00 00400 (v02  PmRef  Cpu0Cst 00003001 INTL 20160527)
Sep 12 05:51:19 localhost kernel: ACPI: Executed 1 blocks of module-level executable AML code
Sep 12 05:51:19 localhost kernel: ACPI: Dynamic OEM Table Load:
Sep 12 05:51:19 localhost kernel: ACPI: SSDT ffff8a12cb23a800 006EC (v02  PmRef  Cpu0Ist 00003000 INTL 20160527)
Sep 12 05:51:19 localhost kernel: ACPI: Executed 1 blocks of module-level executable AML code
Sep 12 05:51:19 localhost kernel: ACPI: Dynamic OEM Table Load:
Sep 12 05:51:19 localhost kernel: ACPI: SSDT ffff8a12cb23b000 005FC (v02  PmRef    ApIst 00003000 INTL 20160527)
Sep 12 05:51:19 localhost kernel: ACPI: Executed 1 blocks of module-level executable AML code
Sep 12 05:51:19 localhost kernel: ACPI: Dynamic OEM Table Load:
Sep 12 05:51:19 localhost kernel: ACPI: SSDT ffff8a0c34221000 00AB0 (v02  PmRef    ApPsd 00003000 INTL 20160527)
Sep 12 05:51:19 localhost kernel: ACPI: Executed 1 blocks of module-level executable AML code
Sep 12 05:51:19 localhost kernel: ACPI: Dynamic OEM Table Load:
Sep 12 05:51:19 localhost kernel: ACPI: SSDT ffff8a12cb37e400 0030A (v02  PmRef    ApCst 00003000 INTL 20160527)
Sep 12 05:51:19 localhost kernel: ACPI: Executed 1 blocks of module-level executable AML code
Sep 12 05:51:19 localhost kernel: ACPI: Interpreter enabled
Sep 12 05:51:19 localhost kernel: ACPI: (supports S0 S3 S4 S5)
Sep 12 05:51:19 localhost kernel: ACPI: Using IOAPIC for interrupt routing
Sep 12 05:51:19 localhost kernel: PCI: Using host bridge windows from ACPI; if necessary, use "pci=nocrs" and report a bug
Sep 12 05:51:19 localhost kernel: ACPI: Enabled 4 GPEs in block 00 to 7F
Sep 12 05:51:19 localhost kernel: ACPI: Power Resource [PG01] (on)
Sep 12 05:51:19 localhost kernel: ACPI: Power Resource [PG02] (on)
Sep 12 05:51:19 localhost kernel: ACPI: Power Resource [PG00] (on)
Sep 12 05:51:19 localhost kernel: ACPI: Power Resource [USBC] (on)
Sep 12 05:51:19 localhost kernel: ACPI: Power Resource [WRST] (on)
Sep 12 05:51:19 localhost kernel: ACPI: Power Resource [WRST] (on)
Sep 12 05:51:19 localhost kernel: ACPI: Power Resource [WRST] (on)
Sep 12 05:51:19 localhost kernel: ACPI: Power Resource [WRST] (on)
Sep 12 05:51:19 localhost kernel: ACPI: Power Resource [WRST] (on)
Sep 12 05:51:19 localhost kernel: ACPI: Power Resource [WRST] (on)
Sep 12 05:51:19 localhost kernel: ACPI: Power Resource [WRST] (on)
Sep 12 05:51:19 localhost kernel: ACPI: Power Resource [WRST] (on)
Sep 12 05:51:19 localhost kernel: ACPI: Power Resource [WRST] (on)
Sep 12 05:51:19 localhost kernel: ACPI: Power Resource [WRST] (on)
Sep 12 05:51:19 localhost kernel: ACPI: Power Resource [WRST] (on)
Sep 12 05:51:19 localhost kernel: ACPI: Power Resource [WRST] (on)
Sep 12 05:51:19 localhost kernel: ACPI: Power Resource [WRST] (on)
Sep 12 05:51:19 localhost kernel: ACPI: Power Resource [WRST] (on)
Sep 12 05:51:19 localhost kernel: ACPI: Power Resource [WRST] (on)
Sep 12 05:51:19 localhost kernel: ACPI: Power Resource [WRST] (on)
Sep 12 05:51:19 localhost kernel: ACPI: Power Resource [WRST] (on)
Sep 12 05:51:19 localhost kernel: ACPI: Power Resource [WRST] (on)
Sep 12 05:51:19 localhost kernel: ACPI: Power Resource [WRST] (on)
Sep 12 05:51:19 localhost kernel: ACPI: Power Resource [WRST] (on)
Sep 12 05:51:19 localhost kernel: ACPI: Power Resource [V0PR] (on)
Sep 12 05:51:19 localhost kernel: ACPI: Power Resource [V1PR] (on)
Sep 12 05:51:19 localhost kernel: ACPI: Power Resource [V2PR] (on)
Sep 12 05:51:19 localhost kernel: ACPI: Power Resource [WRST] (on)
Sep 12 05:51:19 localhost kernel: ACPI: PCI Root Bridge [PCI0] (domain 0000 [bus 00-7e])
Sep 12 05:51:19 localhost kernel: acpi PNP0A08:00: _OSC: OS supports [ExtendedConfig ASPM ClockPM Segments MSI]
Sep 12 05:51:19 localhost kernel: acpi PNP0A08:00: _OSC: OS now controls [PCIeHotplug SHPCHotplug PME AER PCIeCapability]
Sep 12 05:51:19 localhost kernel: PCI host bridge to bus 0000:00
Sep 12 05:51:19 localhost kernel: pci_bus 0000:00: root bus resource [io  0x0000-0x0cf7 window]
Sep 12 05:51:19 localhost kernel: pci_bus 0000:00: root bus resource [io  0x0d00-0xffff window]
Sep 12 05:51:19 localhost kernel: pci_bus 0000:00: root bus resource [mem 0x000a0000-0x000bffff window]
Sep 12 05:51:19 localhost kernel: pci_bus 0000:00: root bus resource [mem 0xd0000000-0xefffffff window]
Sep 12 05:51:19 localhost kernel: pci_bus 0000:00: root bus resource [mem 0x4000000000-0x7fffffffff window]
Sep 12 05:51:19 localhost kernel: pci_bus 0000:00: root bus resource [mem 0xfc800000-0xfe7fffff window]
Sep 12 05:51:19 localhost kernel: pci_bus 0000:00: root bus resource [bus 00-7e]
Sep 12 05:51:19 localhost kernel: pci 0000:00:01.0: System wakeup disabled by ACPI
Sep 12 05:51:19 localhost kernel: pci 0000:00:14.0: System wakeup disabled by ACPI
Sep 12 05:51:19 localhost kernel: pci 0000:00:1c.0: System wakeup disabled by ACPI
Sep 12 05:51:19 localhost kernel: pci 0000:00:1f.3: System wakeup disabled by ACPI
Sep 12 05:51:19 localhost kernel: pci 0000:00:1f.6: System wakeup disabled by ACPI
Sep 12 05:51:19 localhost kernel: pci 0000:01:00.0: System wakeup disabled by ACPI
Sep 12 05:51:19 localhost kernel: pci 0000:00:01.0: PCI bridge to [bus 01]
Sep 12 05:51:19 localhost kernel: pci 0000:02:00.0: VF(n) BAR0 space: [mem 0x00000000-0x0001ffff 64bit pref] (contains BAR0 for 8 VFs)
Sep 12 05:51:19 localhost kernel: pci 0000:02:00.0: VF(n) BAR3 space: [mem 0x00000000-0x0001ffff 64bit pref] (contains BAR3 for 8 VFs)
Sep 12 05:51:19 localhost kernel: pci 0000:02:00.0: System wakeup disabled by ACPI
Sep 12 05:51:19 localhost kernel: pci 0000:02:00.1: VF(n) BAR0 space: [mem 0x00000000-0x0001ffff 64bit pref] (contains BAR0 for 8 VFs)
Sep 12 05:51:19 localhost kernel: pci 0000:02:00.1: VF(n) BAR3 space: [mem 0x00000000-0x0001ffff 64bit pref] (contains BAR3 for 8 VFs)
Sep 12 05:51:19 localhost kernel: pci 0000:00:1c.0: PCI bridge to [bus 02]
Sep 12 05:51:19 localhost kernel: ACPI: EC: GPE = 0x6e, I/O: command/status = 0x66, data = 0x62
Sep 12 05:51:19 localhost kernel: vgaarb: device added: PCI:0000:01:00.0,decodes=io+mem,owns=io+mem,locks=none
Sep 12 05:51:19 localhost kernel: vgaarb: loaded
Sep 12 05:51:19 localhost kernel: vgaarb: bridge control possible 0000:01:00.0
Sep 12 05:51:19 localhost kernel: SCSI subsystem initialized
Sep 12 05:51:19 localhost kernel: ACPI: bus type USB registered
Sep 12 05:51:19 localhost kernel: usbcore: registered new interface driver usbfs
Sep 12 05:51:19 localhost kernel: usbcore: registered new interface driver hub
Sep 12 05:51:19 localhost kernel: usbcore: registered new device driver usb
Sep 12 05:51:19 localhost kernel: EDAC MC: Ver: 3.0.0
Sep 12 05:51:19 localhost kernel: PCI: Using ACPI for IRQ routing
Sep 12 05:51:19 localhost kernel: NetLabel: Initializing
Sep 12 05:51:19 localhost kernel: NetLabel:  domain hash size = 128
Sep 12 05:51:19 localhost kernel: NetLabel:  protocols = UNLABELED CIPSOv4
Sep 12 05:51:19 localhost kernel: NetLabel:  unlabeled traffic allowed by default
Sep 12 05:51:19 localhost kernel: hpet0: at MMIO 0xfed00000, IRQs 2, 8, 0, 0, 0, 0, 0, 0
Sep 12 05:51:19 localhost kernel: hpet0: 8 comparators, 64-bit 24.000000 MHz counter
Sep 12 05:51:19 localhost kernel: amd_nb: Cannot enumerate AMD northbridges
Sep 12 05:51:19 localhost kernel: Switched to clocksource hpet
Sep 12 05:51:19 localhost kernel: pnp: PnP ACPI init
Sep 12 05:51:19 localhost kernel: ACPI: bus type PNP registered
Sep 12 05:51:19 localhost kernel: system 00:00: [io  0x1800-0x18fe] could not be reserved
Sep 12 05:51:19 localhost kernel: system 00:00: [mem 0xfd000000-0xfd69ffff] has been reserved
Sep 12 05:51:19 localhost kernel: system 00:00: [mem 0xfd6c0000-0xfd6cffff] has been reserved
Sep 12 05:51:19 localhost kernel: system 00:00: [mem 0xfd6f0000-0xfdffffff] has been reserved
Sep 12 05:51:19 localhost kernel: system 00:00: [mem 0xfe000000-0xfe01ffff] could not be reserved
Sep 12 05:51:19 localhost kernel: system 00:00: [mem 0xfe200000-0xfe7fffff] has been reserved
Sep 12 05:51:19 localhost kernel: system 00:00: [mem 0xff000000-0xffffffff] has been reserved
Sep 12 05:51:19 localhost kernel: system 00:01: [io  0x2000-0x20fe] has been reserved
Sep 12 05:51:19 localhost kernel: system 00:02: [io  0x0680-0x069f] has been reserved
Sep 12 05:51:19 localhost kernel: system 00:02: [io  0x164e-0x164f] has been reserved
Sep 12 05:51:19 localhost kernel: system 00:04: [io  0x1854-0x1857] has been reserved
Sep 12 05:51:19 localhost kernel: system 00:07: [io  0x0200-0x023f] has been reserved
Sep 12 05:51:19 localhost kernel: system 00:07: [mem 0xfedb0000-0xfedbffff] has been reserved
Sep 12 05:51:19 localhost kernel: system 00:08: [mem 0xfd6e0000-0xfd6effff] has been reserved
Sep 12 05:51:19 localhost kernel: system 00:08: [mem 0xfd6d0000-0xfd6dffff] has been reserved
Sep 12 05:51:19 localhost kernel: system 00:08: [mem 0xfd6b0000-0xfd6bffff] has been reserved
Sep 12 05:51:19 localhost kernel: system 00:08: [mem 0xfd6a0000-0xfd6affff] has been reserved
Sep 12 05:51:19 localhost kernel: system 00:09: [mem 0xfed10000-0xfed17fff] has been reserved
Sep 12 05:51:19 localhost kernel: system 00:09: [mem 0xfed18000-0xfed18fff] has been reserved
Sep 12 05:51:19 localhost kernel: system 00:09: [mem 0xfed19000-0xfed19fff] has been reserved
Sep 12 05:51:19 localhost kernel: system 00:09: [mem 0xf0000000-0xf7ffffff] has been reserved
Sep 12 05:51:19 localhost kernel: system 00:09: [mem 0xfed20000-0xfed3ffff] has been reserved
Sep 12 05:51:19 localhost kernel: system 00:09: [mem 0xfed90000-0xfed93fff] could not be reserved
Sep 12 05:51:19 localhost kernel: system 00:09: [mem 0xfed45000-0xfed8ffff] could not be reserved
Sep 12 05:51:19 localhost kernel: system 00:09: [mem 0xfee00000-0xfeefffff] could not be reserved
Sep 12 05:51:19 localhost kernel: system 00:0a: [mem 0x40000000-0x403fffff] could not be reserved
Sep 12 05:51:19 localhost kernel: pnp: PnP ACPI: found 11 devices
Sep 12 05:51:19 localhost kernel: ACPI: bus type PNP unregistered
Sep 12 05:51:19 localhost kernel: pci 0000:01:00.0: can't claim BAR 6 [mem 0xfff80000-0xffffffff pref]: no compatible bridge window
Sep 12 05:51:19 localhost kernel: pci 0000:02:00.0: can't claim BAR 6 [mem 0xfff80000-0xffffffff pref]: no compatible bridge window
Sep 12 05:51:19 localhost kernel: pci 0000:00:1c.0: BAR 15: assigned [mem 0x4000200000-0x40002fffff 64bit pref]
Sep 12 05:51:19 localhost kernel: pci 0000:01:00.0: BAR 6: assigned [mem 0xe3080000-0xe30fffff pref]
Sep 12 05:51:19 localhost kernel: pci 0000:00:01.0: PCI bridge to [bus 01]
Sep 12 05:51:19 localhost kernel: pci 0000:00:01.0:   bridge window [io  0x3000-0x3fff]
Sep 12 05:51:19 localhost kernel: pci 0000:00:01.0:   bridge window [mem 0xe2000000-0xe30fffff]
Sep 12 05:51:19 localhost kernel: pci 0000:00:01.0:   bridge window [mem 0xd0000000-0xe1ffffff 64bit pref]
Sep 12 05:51:19 localhost kernel: pci 0000:02:00.0: BAR 6: assigned [mem 0xe3380000-0xe33fffff pref]
Sep 12 05:51:19 localhost kernel: pci 0000:02:00.0: BAR 7: assigned [mem 0x4000200000-0x400021ffff 64bit pref]
Sep 12 05:51:19 localhost kernel: pci 0000:02:00.0: BAR 10: assigned [mem 0x4000220000-0x400023ffff 64bit pref]
Sep 12 05:51:19 localhost kernel: pci 0000:02:00.1: BAR 7: assigned [mem 0x4000240000-0x400025ffff 64bit pref]
Sep 12 05:51:19 localhost kernel: pci 0000:02:00.1: BAR 10: assigned [mem 0x4000260000-0x400027ffff 64bit pref]
Sep 12 05:51:19 localhost kernel: pci 0000:00:1c.0: PCI bridge to [bus 02]
Sep 12 05:51:19 localhost kernel: pci 0000:00:1c.0:   bridge window [mem 0xe3100000-0xe33fffff]
Sep 12 05:51:19 localhost kernel: pci 0000:00:1c.0:   bridge window [mem 0x4000200000-0x40002fffff 64bit pref]
Sep 12 05:51:19 localhost kernel: NET: Registered protocol family 2
Sep 12 05:51:19 localhost kernel: TCP established hash table entries: 262144 (order: 9, 2097152 bytes)
Sep 12 05:51:19 localhost kernel: TCP bind hash table entries: 65536 (order: 8, 1048576 bytes)
Sep 12 05:51:19 localhost kernel: TCP: Hash tables configured (established 262144 bind 65536)
Sep 12 05:51:19 localhost kernel: TCP: reno registered
Sep 12 05:51:19 localhost kernel: UDP hash table entries: 16384 (order: 7, 524288 bytes)
Sep 12 05:51:19 localhost kernel: UDP-Lite hash table entries: 16384 (order: 7, 524288 bytes)
Sep 12 05:51:19 localhost kernel: NET: Registered protocol family 1
Sep 12 05:51:19 localhost kernel: Unpacking initramfs...
Sep 12 05:51:19 localhost kernel: Freeing initrd memory: 30228k freed
Sep 12 05:51:19 localhost kernel: PCI-DMA: Using software bounce buffering for IO (SWIOTLB)
Sep 12 05:51:19 localhost kernel: software IO TLB [mem 0xc6bab000-0xcabab000] (64MB) mapped at [ffff8a0b86bab000-ffff8a0b8abaafff]
Sep 12 05:51:19 localhost kernel: RAPL PMU: API unit is 2^-32 Joules, 5 fixed counters, 655360 ms ovfl timer
Sep 12 05:51:19 localhost kernel: RAPL PMU: hw unit of domain pp0-core 2^-14 Joules
Sep 12 05:51:19 localhost kernel: RAPL PMU: hw unit of domain package 2^-14 Joules
Sep 12 05:51:19 localhost kernel: RAPL PMU: hw unit of domain dram 2^-14 Joules
Sep 12 05:51:19 localhost kernel: RAPL PMU: hw unit of domain pp1-gpu 2^-14 Joules
Sep 12 05:51:19 localhost kernel: RAPL PMU: hw unit of domain psys 2^-14 Joules
Sep 12 05:51:19 localhost kernel: sha1_ssse3: Using AVX2 optimized SHA-1 implementation
Sep 12 05:51:19 localhost kernel: sha256_ssse3: Using AVX2 optimized SHA-256 implementation
Sep 12 05:51:19 localhost kernel: futex hash table entries: 4096 (order: 6, 262144 bytes)
Sep 12 05:51:19 localhost kernel: Initialise system trusted keyring
Sep 12 05:51:19 localhost kernel: audit: initializing netlink socket (disabled)
Sep 12 05:51:19 localhost kernel: type=2000 audit(1568267479.603:1): initialized
Sep 12 05:51:19 localhost kernel: HugeTLB registered 1 GB page size, pre-allocated 0 pages
Sep 12 05:51:19 localhost kernel: HugeTLB registered 2 MB page size, pre-allocated 0 pages
Sep 12 05:51:19 localhost kernel: zpool: loaded
Sep 12 05:51:19 localhost kernel: zbud: loaded
Sep 12 05:51:19 localhost kernel: VFS: Disk quotas dquot_6.5.2
Sep 12 05:51:19 localhost kernel: Dquot-cache hash table entries: 512 (order 0, 4096 bytes)
Sep 12 05:51:19 localhost kernel: msgmni has been set to 32768
Sep 12 05:51:19 localhost kernel: Key type big_key registered
Sep 12 05:51:19 localhost kernel: NET: Registered protocol family 38
Sep 12 05:51:19 localhost kernel: Key type asymmetric registered
Sep 12 05:51:19 localhost kernel: Asymmetric key parser 'x509' registered
Sep 12 05:51:19 localhost kernel: Block layer SCSI generic (bsg) driver version 0.4 loaded (major 248)
Sep 12 05:51:19 localhost kernel: io scheduler noop registered
Sep 12 05:51:19 localhost kernel: io scheduler deadline registered (default)
Sep 12 05:51:19 localhost kernel: io scheduler cfq registered
Sep 12 05:51:19 localhost kernel: io scheduler mq-deadline registered
Sep 12 05:51:19 localhost kernel: io scheduler kyber registered
Sep 12 05:51:19 localhost kernel: pcieport 0000:00:01.0: Signaling PME through PCIe PME interrupt
Sep 12 05:51:19 localhost kernel: pci 0000:01:00.0: Signaling PME through PCIe PME interrupt
Sep 12 05:51:19 localhost kernel: pci 0000:01:00.1: Signaling PME through PCIe PME interrupt
Sep 12 05:51:19 localhost kernel: pcieport 0000:00:1c.0: Signaling PME through PCIe PME interrupt
Sep 12 05:51:19 localhost kernel: pci 0000:02:00.0: Signaling PME through PCIe PME interrupt
Sep 12 05:51:19 localhost kernel: pci 0000:02:00.1: Signaling PME through PCIe PME interrupt
Sep 12 05:51:19 localhost kernel: pci_hotplug: PCI Hot Plug PCI Core version: 0.5
Sep 12 05:51:19 localhost kernel: pciehp: PCI Express Hot Plug Controller Driver version: 0.4
Sep 12 05:51:19 localhost kernel: shpchp: Standard Hot Plug PCI Controller Driver version: 0.4
Sep 12 05:51:19 localhost kernel: input: Sleep Button as /devices/LNXSYSTM:00/device:00/PNP0C0E:00/input/input0
Sep 12 05:51:19 localhost kernel: ACPI: Sleep Button [SLPB]
Sep 12 05:51:19 localhost kernel: input: Power Button as /devices/LNXSYSTM:00/device:00/PNP0C0C:00/input/input1
Sep 12 05:51:19 localhost kernel: ACPI: Power Button [PWRB]
Sep 12 05:51:19 localhost kernel: input: Power Button as /devices/LNXSYSTM:00/LNXPWRBN:00/input/input2
Sep 12 05:51:19 localhost kernel: ACPI: Power Button [PWRF]
Sep 12 05:51:19 localhost kernel: ACPI: Requesting acpi_cpufreq
Sep 12 05:51:19 localhost kernel: thermal LNXTHERM:00: registered as thermal_zone0
Sep 12 05:51:19 localhost kernel: ACPI: Thermal Zone [HEPZ] (30 C)
Sep 12 05:51:19 localhost kernel: GHES: HEST is not enabled!
Sep 12 05:51:19 localhost kernel: Serial: 8250/16550 driver, 4 ports, IRQ sharing enabled
Sep 12 05:51:19 localhost kernel: Non-volatile memory driver v1.3
Sep 12 05:51:19 localhost kernel: Linux agpgart interface v0.103
Sep 12 05:51:19 localhost kernel: tpm_tis IFX0783:00: 2.0 TPM (device-id 0x1B, rev-id 22)
Sep 12 05:51:19 localhost kernel: crash memory driver: version 1.1
Sep 12 05:51:19 localhost kernel: rdac: device handler registered
Sep 12 05:51:19 localhost kernel: hp_sw: device handler registered
Sep 12 05:51:19 localhost kernel: emc: device handler registered
Sep 12 05:51:19 localhost kernel: alua: device handler registered
Sep 12 05:51:19 localhost kernel: libphy: Fixed MDIO Bus: probed
Sep 12 05:51:19 localhost kernel: ehci_hcd: USB 2.0 'Enhanced' Host Controller (EHCI) Driver
Sep 12 05:51:19 localhost kernel: ehci-pci: EHCI PCI platform driver
Sep 12 05:51:19 localhost kernel: ohci_hcd: USB 1.1 'Open' Host Controller (OHCI) Driver
Sep 12 05:51:19 localhost kernel: ohci-pci: OHCI PCI platform driver
Sep 12 05:51:19 localhost kernel: uhci_hcd: USB Universal Host Controller Interface driver
Sep 12 05:51:19 localhost kernel: xhci_hcd 0000:00:14.0: xHCI Host Controller
Sep 12 05:51:19 localhost kernel: xhci_hcd 0000:00:14.0: new USB bus registered, assigned bus number 1
Sep 12 05:51:19 localhost kernel: xhci_hcd 0000:00:14.0: hcc params 0x200077c1 hci version 0x110 quirks 0x00009810
Sep 12 05:51:19 localhost kernel: usb usb1: New USB device found, idVendor=1d6b, idProduct=0002
Sep 12 05:51:19 localhost kernel: usb usb1: New USB device strings: Mfr=3, Product=2, SerialNumber=1
Sep 12 05:51:19 localhost kernel: usb usb1: Product: xHCI Host Controller
Sep 12 05:51:19 localhost kernel: usb usb1: Manufacturer: Linux 3.10.0-957.el7.x86_64 xhci-hcd
Sep 12 05:51:19 localhost kernel: usb usb1: SerialNumber: 0000:00:14.0
Sep 12 05:51:19 localhost kernel: hub 1-0:1.0: USB hub found
Sep 12 05:51:19 localhost kernel: hub 1-0:1.0: 16 ports detected
Sep 12 05:51:19 localhost kernel: xhci_hcd 0000:00:14.0: xHCI Host Controller
Sep 12 05:51:19 localhost kernel: xhci_hcd 0000:00:14.0: new USB bus registered, assigned bus number 2
Sep 12 05:51:19 localhost kernel: xhci_hcd 0000:00:14.0: Host supports USB 3.1 Enhanced SuperSpeed
Sep 12 05:51:19 localhost kernel: usb usb2: New USB device found, idVendor=1d6b, idProduct=0003
Sep 12 05:51:19 localhost kernel: usb usb2: New USB device strings: Mfr=3, Product=2, SerialNumber=1
Sep 12 05:51:19 localhost kernel: usb usb2: Product: xHCI Host Controller
Sep 12 05:51:19 localhost kernel: usb usb2: Manufacturer: Linux 3.10.0-957.el7.x86_64 xhci-hcd
Sep 12 05:51:19 localhost kernel: usb usb2: SerialNumber: 0000:00:14.0
Sep 12 05:51:19 localhost kernel: hub 2-0:1.0: USB hub found
Sep 12 05:51:19 localhost kernel: hub 2-0:1.0: 10 ports detected
Sep 12 05:51:19 localhost kernel: usbcore: registered new interface driver usbserial_generic
Sep 12 05:51:19 localhost kernel: usbserial: USB Serial support registered for generic
Sep 12 05:51:19 localhost kernel: i8042: PNP: PS/2 Controller [PNP0303:PS2K,PNP0f13:PS2M] at 0x60,0x64 irq 1,12
Sep 12 05:51:19 localhost kernel: serio: i8042 KBD port at 0x60,0x64 irq 1
Sep 12 05:51:19 localhost kernel: serio: i8042 AUX port at 0x60,0x64 irq 12
Sep 12 05:51:19 localhost kernel: mousedev: PS/2 mouse device common for all mice
Sep 12 05:51:19 localhost kernel: rtc_cmos 00:03: RTC can wake from S4
Sep 12 05:51:19 localhost kernel: rtc_cmos 00:03: rtc core: registered rtc_cmos as rtc0
Sep 12 05:51:19 localhost kernel: rtc_cmos 00:03: alarms up to one month, y3k, 242 bytes nvram, hpet irqs
Sep 12 05:51:19 localhost kernel: intel_pstate: Intel P-state driver initializing
Sep 12 05:51:19 localhost kernel: intel_pstate: Disabling energy efficiency optimization
Sep 12 05:51:19 localhost kernel: intel_pstate: HWP enabled
Sep 12 05:51:19 localhost kernel: cpuidle: using governor menu
Sep 12 05:51:19 localhost kernel: hidraw: raw HID events driver (C) Jiri Kosina
Sep 12 05:51:19 localhost kernel: usbcore: registered new interface driver usbhid
Sep 12 05:51:19 localhost kernel: usbhid: USB HID core driver
Sep 12 05:51:19 localhost kernel: drop_monitor: Initializing network drop monitor service
Sep 12 05:51:19 localhost kernel: TCP: cubic registered
Sep 12 05:51:19 localhost kernel: Initializing XFRM netlink socket
Sep 12 05:51:19 localhost kernel: NET: Registered protocol family 10
Sep 12 05:51:19 localhost kernel: NET: Registered protocol family 17
Sep 12 05:51:19 localhost kernel: mpls_gso: MPLS GSO support
Sep 12 05:51:19 localhost kernel: microcode: sig=0x906ea, pf=0x2, revision=0x9a
Sep 12 05:51:19 localhost kernel: microcode: Microcode Update Driver: v2.01 <tigran@aivazian.fsnet.co.uk>, Peter Oruba
Sep 12 05:51:19 localhost kernel: Loading compiled-in X.509 certificates
Sep 12 05:51:19 localhost kernel: Loaded X.509 cert 'Red Hat Enterprise Linux Driver Update Program (key 3): bf57f3e87362bc7229d9f465321773dfd1f77a80'
Sep 12 05:51:19 localhost kernel: Loaded X.509 cert 'Red Hat Enterprise Linux kpatch signing key: 4d38fd864ebe18c5f0b72e3852e2014c3a676fc8'
Sep 12 05:51:19 localhost kernel: Loaded X.509 cert 'Red Hat Enterprise Linux kernel signing key: 7e560e30261e0bb395b8945e39a3b010e2b87465'
Sep 12 05:51:19 localhost kernel: registered taskstats version 1
Sep 12 05:51:19 localhost kernel: Key type trusted registered
Sep 12 05:51:19 localhost kernel: Key type encrypted registered
Sep 12 05:51:19 localhost kernel:  Magic number: 3:786:870
Sep 12 05:51:19 localhost kernel: rtc_cmos 00:03: setting system clock to 2019-09-12 05:51:19 UTC (1568267479)
Sep 12 05:51:19 localhost kernel: Freeing unused kernel memory: 1876k freed
Sep 12 05:51:19 localhost kernel: Write protecting the kernel read-only data: 12288k
Sep 12 05:51:19 localhost kernel: Freeing unused kernel memory: 516k freed
Sep 12 05:51:19 localhost kernel: Freeing unused kernel memory: 600k freed
Sep 12 05:51:19 localhost kernel: random: systemd: uninitialized urandom read (16 bytes read)
Sep 12 05:51:19 localhost kernel: random: systemd: uninitialized urandom read (16 bytes read)
Sep 12 05:51:19 localhost kernel: random: systemd: uninitialized urandom read (16 bytes read)
Sep 12 05:51:19 localhost systemd[1]: systemd 219 running in system mode. (+PAM +AUDIT +SELINUX +IMA -APPARMOR +SMACK +SYSVINIT +UTMP +LIBCRYPTSETUP +GCRYPT +GNUTLS +ACL +XZ +LZ4 -SECCOMP +BLKID +ELFUTILS +KMOD +IDN)
Sep 12 05:51:19 localhost systemd[1]: Detected architecture x86-64.
Sep 12 05:51:19 localhost systemd[1]: Running in initial RAM disk.
Sep 12 05:51:19 localhost systemd[1]: Set hostname to <localhost.localdomain>.
Sep 12 05:51:19 localhost kernel: random: systemd: uninitialized urandom read (16 bytes read)
Sep 12 05:51:19 localhost kernel: random: systemd: uninitialized urandom read (16 bytes read)
Sep 12 05:51:19 localhost kernel: random: systemd: uninitialized urandom read (16 bytes read)
Sep 12 05:51:19 localhost kernel: random: systemd: uninitialized urandom read (16 bytes read)
Sep 12 05:51:19 localhost kernel: random: systemd: uninitialized urandom read (16 bytes read)
Sep 12 05:51:19 localhost kernel: random: systemd: uninitialized urandom read (16 bytes read)
Sep 12 05:51:19 localhost kernel: random: systemd: uninitialized urandom read (16 bytes read)
Sep 12 05:51:19 localhost systemd[1]: Reached target Local File Systems.
Sep 12 05:51:19 localhost systemd[1]: Created slice Root Slice.
Sep 12 05:51:19 localhost systemd[1]: Listening on udev Kernel Socket.
Sep 12 05:51:19 localhost systemd[1]: Listening on Journal Socket.
Sep 12 05:51:19 localhost systemd[1]: Created slice System Slice.
Sep 12 05:51:19 localhost systemd[1]: Starting Setup Virtual Console...
Sep 12 05:51:19 localhost systemd[1]: Starting Apply Kernel Variables...
Sep 12 05:51:19 localhost systemd[1]: Starting Create list of required static device nodes for the current kernel...
Sep 12 05:51:19 localhost systemd[1]: Starting Journal Service...
Sep 12 05:51:19 localhost systemd[1]: Reached target Slices.
Sep 12 05:51:19 localhost systemd[1]: Listening on udev Control Socket.
Sep 12 05:51:19 localhost systemd[1]: Reached target Sockets.
Sep 12 05:51:19 localhost systemd[1]: Starting dracut cmdline hook...
Sep 12 05:51:19 localhost systemd[1]: Reached target Swap.
Sep 12 05:51:19 localhost systemd[1]: Reached target Timers.
Sep 12 05:51:19 localhost systemd[1]: Started Apply Kernel Variables.
Sep 12 05:51:19 localhost systemd[1]: Started Create list of required static device nodes for the current kernel.
Sep 12 05:51:19 localhost systemd[1]: Starting Create Static Device Nodes in /dev...
Sep 12 05:51:19 localhost systemd[1]: Started Create Static Device Nodes in /dev.
Sep 12 05:51:19 localhost systemd[1]: Started Setup Virtual Console.
Sep 12 05:51:19 localhost systemd[1]: Started dracut cmdline hook.
Sep 12 05:51:19 localhost systemd[1]: Starting dracut pre-udev hook...
Sep 12 05:51:19 localhost journal: Journal started
Sep 12 05:51:19 localhost systemd[1]: Started Journal Service.
Sep 12 05:51:19 localhost systemd: Started dracut pre-udev hook.
Sep 12 05:51:19 localhost systemd: Starting udev Kernel Device Manager...
Sep 12 05:51:19 localhost systemd-udevd: starting version 219
Sep 12 05:51:19 localhost systemd: Started udev Kernel Device Manager.
Sep 12 05:51:19 localhost systemd: Starting dracut pre-trigger hook...
Sep 12 05:51:19 localhost systemd: Started dracut pre-trigger hook.
Sep 12 05:51:19 localhost systemd: Starting udev Coldplug all Devices...
Sep 12 05:51:19 localhost systemd: Started udev Coldplug all Devices.
Sep 12 05:51:19 localhost systemd: Reached target System Initialization.
Sep 12 05:51:19 localhost systemd: Starting Show Plymouth Boot Screen...
Sep 12 05:51:19 localhost systemd: Starting dracut initqueue hook...
Sep 12 05:51:19 localhost systemd: Mounting Configuration File System...
Sep 12 05:51:19 localhost kernel: usb 1-11: new low-speed USB device number 2 using xhci_hcd
Sep 12 05:51:19 localhost systemd: Mounted Configuration File System.
Sep 12 05:51:19 localhost systemd: Started Show Plymouth Boot Screen.
Sep 12 05:51:19 localhost systemd: Started Forward Password Requests to Plymouth Directory Watch.
Sep 12 05:51:19 localhost systemd: Reached target Paths.
Sep 12 05:51:19 localhost systemd: Reached target Basic System.
Sep 12 05:51:19 localhost systemd: Reloading.
Sep 12 05:51:19 localhost kernel: acpi PNP0C14:01: duplicate WMI GUID 05901221-D566-11D1-B2F0-00A0C9062910 (first instance was on PNP0C14:00)
Sep 12 05:51:19 localhost kernel: acpi PNP0C14:02: duplicate WMI GUID 2B814318-4BE8-4707-9D84-A190A859B5D0 (first instance was on PNP0C14:00)
Sep 12 05:51:19 localhost kernel: acpi PNP0C14:02: duplicate WMI GUID 41227C2D-80E1-423F-8B8E-87E32755A0EB (first instance was on PNP0C14:00)
Sep 12 05:51:19 localhost kernel: acpi PNP0C14:02: duplicate WMI GUID 05901221-D566-11D1-B2F0-00A0C9062910 (first instance was on PNP0C14:00)
Sep 12 05:51:19 localhost kernel: pps_core: LinuxPPS API ver. 1 registered
Sep 12 05:51:19 localhost kernel: pps_core: Software ver. 5.3.6 - Copyright 2005-2007 Rodolfo Giometti <giometti@linux.it>
Sep 12 05:51:19 localhost kernel: PTP clock support registered
Sep 12 05:51:19 localhost kernel: dca service started, version 1.12.1
Sep 12 05:51:19 localhost kernel: igb: Intel(R) Gigabit Ethernet Network Driver - version 5.4.0-k
Sep 12 05:51:19 localhost kernel: igb: Copyright (c) 2007-2014 Intel Corporation.
Sep 12 05:51:19 localhost kernel: e1000e: Intel(R) PRO/1000 Network Driver - 3.2.6-k
Sep 12 05:51:19 localhost kernel: e1000e: Copyright(c) 1999 - 2015 Intel Corporation.
Sep 12 05:51:19 localhost kernel: e1000e 0000:00:1f.6: Interrupt Throttling Rate (ints/sec) set to dynamic conservative mode
Sep 12 05:51:19 localhost kernel: usb 1-11: New USB device found, idVendor=03f0, idProduct=134a
Sep 12 05:51:19 localhost kernel: usb 1-11: New USB device strings: Mfr=1, Product=2, SerialNumber=0
Sep 12 05:51:19 localhost kernel: usb 1-11: Product: HP USB Optical Mouse
Sep 12 05:51:19 localhost kernel: usb 1-11: Manufacturer: PixArt
Sep 12 05:51:19 localhost kernel: input: PixArt HP USB Optical Mouse as /devices/pci0000:00/0000:00:14.0/usb1/1-11/1-11:1.0/input/input3
Sep 12 05:51:19 localhost kernel: hid-generic 0003:03F0:134A.0001: input,hidraw0: USB HID v1.11 Mouse [PixArt HP USB Optical Mouse] on usb-0000:00:14.0-11/input0
Sep 12 05:51:19 localhost kernel: igb 0000:02:00.0: added PHC on eth0
Sep 12 05:51:19 localhost kernel: igb 0000:02:00.0: Intel(R) Gigabit Ethernet Network Connection
Sep 12 05:51:19 localhost kernel: igb 0000:02:00.0: eth0: (PCIe:5.0Gb/s:Width x1) 00:1b:21:e1:e3:d0
Sep 12 05:51:19 localhost kernel: igb 0000:02:00.0: eth0: PBA No: J26382-002
Sep 12 05:51:19 localhost kernel: igb 0000:02:00.0: Using MSI-X interrupts. 8 rx queue(s), 8 tx queue(s)
Sep 12 05:51:19 localhost kernel: e1000e 0000:00:1f.6 (unregistered net_device) (uninitialized): registered PHC clock
Sep 12 05:51:19 localhost kernel: igb 0000:02:00.1: added PHC on eth1
Sep 12 05:51:19 localhost kernel: igb 0000:02:00.1: Intel(R) Gigabit Ethernet Network Connection
Sep 12 05:51:19 localhost kernel: igb 0000:02:00.1: eth1: (PCIe:5.0Gb/s:Width x1) 00:1b:21:e1:e3:d1
Sep 12 05:51:19 localhost kernel: igb 0000:02:00.1: eth1: PBA No: J26382-002
Sep 12 05:51:19 localhost kernel: igb 0000:02:00.1: Using MSI-X interrupts. 8 rx queue(s), 8 tx queue(s)
Sep 12 05:51:19 localhost kernel: usb 1-12: new low-speed USB device number 3 using xhci_hcd
Sep 12 05:51:19 localhost kernel: e1000e 0000:00:1f.6 eth0: (PCI Express:2.5GT/s:Width x1) c8:d9:d2:30:96:1a
Sep 12 05:51:19 localhost kernel: e1000e 0000:00:1f.6 eth0: Intel(R) PRO/1000 Network Connection
Sep 12 05:51:19 localhost kernel: e1000e 0000:00:1f.6 eth0: MAC: 13, PHY: 12, PBA No: FFFFFF-0FF
Sep 12 05:51:19 localhost kernel: ahci 0000:00:17.0: controller can't do SNTF, turning off CAP_SNTF
Sep 12 05:51:19 localhost kernel: ahci 0000:00:17.0: AHCI 0001.0301 32 slots 4 ports 6 Gbps 0xf impl RAID mode
Sep 12 05:51:19 localhost kernel: ahci 0000:00:17.0: flags: 64bit ncq pm clo only pio slum part ems deso sadm sds apst 
Sep 12 05:51:19 localhost kernel: scsi host0: ahci
Sep 12 05:51:19 localhost kernel: scsi host1: ahci
Sep 12 05:51:19 localhost kernel: scsi host2: ahci
Sep 12 05:51:19 localhost kernel: scsi host3: ahci
Sep 12 05:51:19 localhost kernel: ata1: SATA max UDMA/133 abar m2048@0xe3435000 port 0xe3435100 irq 143
Sep 12 05:51:19 localhost kernel: ata2: SATA max UDMA/133 abar m2048@0xe3435000 port 0xe3435180 irq 143
Sep 12 05:51:19 localhost kernel: ata3: SATA max UDMA/133 abar m2048@0xe3435000 port 0xe3435200 irq 143
Sep 12 05:51:19 localhost kernel: ata4: SATA max UDMA/133 abar m2048@0xe3435000 port 0xe3435280 irq 143
Sep 12 05:51:20 localhost kernel: usb 1-12: New USB device found, idVendor=03f0, idProduct=2a4a
Sep 12 05:51:20 localhost kernel: usb 1-12: New USB device strings: Mfr=1, Product=2, SerialNumber=0
Sep 12 05:51:20 localhost kernel: usb 1-12: Product: HP USB Slim Keyboard - Skylab
Sep 12 05:51:20 localhost kernel: usb 1-12: Manufacturer: Lite-On Technology Corp
Sep 12 05:51:20 localhost kernel: input: Lite-On Technology Corp HP USB Slim Keyboard - Skylab as /devices/pci0000:00/0000:00:14.0/usb1/1-12/1-12:1.0/input/input4
Sep 12 05:51:20 localhost kernel: hid-generic 0003:03F0:2A4A.0002: input,hidraw1: USB HID v1.10 Keyboard [Lite-On Technology Corp HP USB Slim Keyboard - Skylab] on usb-0000:00:14.0-12/input0
Sep 12 05:51:20 localhost kernel: input: Lite-On Technology Corp HP USB Slim Keyboard - Skylab as /devices/pci0000:00/0000:00:14.0/usb1/1-12/1-12:1.1/input/input5
Sep 12 05:51:20 localhost kernel: hid-generic 0003:03F0:2A4A.0003: input,hiddev0,hidraw2: USB HID v1.10 Device [Lite-On Technology Corp HP USB Slim Keyboard - Skylab] on usb-0000:00:14.0-12/input1
Sep 12 05:51:20 localhost kernel: ata2: SATA link up 6.0 Gbps (SStatus 133 SControl 300)
Sep 12 05:51:20 localhost kernel: ata3: SATA link down (SStatus 4 SControl 300)
Sep 12 05:51:20 localhost kernel: ata4: SATA link up 1.5 Gbps (SStatus 113 SControl 300)
Sep 12 05:51:20 localhost kernel: ata1: SATA link up 6.0 Gbps (SStatus 133 SControl 300)
Sep 12 05:51:20 localhost kernel: ata1.00: ACPI cmd f5/00:00:00:00:00:e0 (SECURITY FREEZE LOCK) filtered out
Sep 12 05:51:20 localhost kernel: ata2.00: ACPI cmd f5/00:00:00:00:00:e0 (SECURITY FREEZE LOCK) filtered out
Sep 12 05:51:20 localhost kernel: ata1.00: ATA-10: MTFDDAK1T0TBN-1AR1ZABHA,  HPC0014, max UDMA/100
Sep 12 05:51:20 localhost kernel: ata1.00: 2000409264 sectors, multi 16: LBA48 NCQ (depth 31/32), AA
Sep 12 05:51:20 localhost kernel: ata2.00: ATA-10: MTFDDAK1T0TBN-1AR1ZABHA,  HPC0014, max UDMA/100
Sep 12 05:51:20 localhost kernel: ata2.00: 2000409264 sectors, multi 16: LBA48 NCQ (depth 31/32), AA
Sep 12 05:51:20 localhost kernel: ata1.00: ACPI cmd f5/00:00:00:00:00:e0 (SECURITY FREEZE LOCK) filtered out
Sep 12 05:51:20 localhost kernel: ata2.00: ACPI cmd f5/00:00:00:00:00:e0 (SECURITY FREEZE LOCK) filtered out
Sep 12 05:51:20 localhost kernel: ata4.00: ATAPI: hp HLDS  DVDRW  GUD1N, LD04, max UDMA/100
Sep 12 05:51:20 localhost kernel: ata1.00: configured for UDMA/100
Sep 12 05:51:20 localhost kernel: ata2.00: configured for UDMA/100
Sep 12 05:51:20 localhost kernel: scsi 0:0:0:0: Direct-Access     ATA      MTFDDAK1T0TBN-1A 0014 PQ: 0 ANSI: 5
Sep 12 05:51:20 localhost kernel: ata4.00: configured for UDMA/100
Sep 12 05:51:20 localhost kernel: tsc: Refined TSC clocksource calibration: 3695.971 MHz
Sep 12 05:51:20 localhost kernel: Switched to clocksource tsc
Sep 12 05:51:20 localhost kernel: scsi 1:0:0:0: Direct-Access     ATA      MTFDDAK1T0TBN-1A 0014 PQ: 0 ANSI: 5
Sep 12 05:51:20 localhost kernel: scsi 3:0:0:0: CD-ROM            hp HLDS  DVDRW  GUD1N     LD04 PQ: 0 ANSI: 5
Sep 12 05:51:20 localhost kernel: sd 1:0:0:0: [sdb] 2000409264 512-byte logical blocks: (1.02 TB/953 GiB)
Sep 12 05:51:20 localhost kernel: sd 1:0:0:0: [sdb] 4096-byte physical blocks
Sep 12 05:51:20 localhost kernel: sd 0:0:0:0: [sda] 2000409264 512-byte logical blocks: (1.02 TB/953 GiB)
Sep 12 05:51:20 localhost kernel: sd 0:0:0:0: [sda] 4096-byte physical blocks
Sep 12 05:51:20 localhost kernel: sd 1:0:0:0: [sdb] Write Protect is off
Sep 12 05:51:20 localhost kernel: sd 0:0:0:0: [sda] Write Protect is off
Sep 12 05:51:20 localhost kernel: sd 1:0:0:0: [sdb] Write cache: enabled, read cache: enabled, doesn't support DPO or FUA
Sep 12 05:51:20 localhost kernel: sd 0:0:0:0: [sda] Write cache: enabled, read cache: enabled, doesn't support DPO or FUA
Sep 12 05:51:20 localhost kernel: sda: sda1 sda2 sda3 sda4 < sda5 sda6 sda7 sda8 >
Sep 12 05:51:20 localhost kernel: sdb: sdb1 sdb2 sdb3 sdb4 < sdb5 sdb6 sdb7 sdb8 >
Sep 12 05:51:20 localhost kernel: sd 0:0:0:0: [sda] Attached SCSI disk
Sep 12 05:51:20 localhost kernel: sd 1:0:0:0: [sdb] Attached SCSI disk
Sep 12 05:51:20 localhost kernel: sr 3:0:0:0: [sr0] scsi3-mmc drive: 24x/24x writer dvd-ram cd/rw xa/form2 cdda tray
Sep 12 05:51:20 localhost kernel: cdrom: Uniform CD-ROM driver Revision: 3.20
Sep 12 05:51:20 localhost systemd-udevd: inotify_add_watch(6, /dev/sdb3, 10) failed: No such file or directory
Sep 12 05:51:20 localhost systemd-udevd: inotify_add_watch(6, /dev/sdb1, 10) failed: No such file or directory
Sep 12 05:51:20 localhost systemd-udevd: inotify_add_watch(6, /dev/sdb4, 10) failed: No such file or directory
Sep 12 05:51:20 localhost systemd-udevd: inotify_add_watch(6, /dev/sdb8, 10) failed: No such file or directory
Sep 12 05:51:20 localhost systemd-udevd: inotify_add_watch(6, /dev/sdb5, 10) failed: No such file or directory
Sep 12 05:51:20 localhost systemd-udevd: inotify_add_watch(6, /dev/sdb7, 10) failed: No such file or directory
Sep 12 05:51:20 localhost systemd-udevd: inotify_add_watch(6, /dev/sdb2, 10) failed: No such file or directory
Sep 12 05:51:20 localhost systemd-udevd: inotify_add_watch(6, /dev/sdb6, 10) failed: No such file or directory
Sep 12 05:51:20 localhost kernel: md/raid1:md126: not clean -- starting background reconstruction
Sep 12 05:51:20 localhost kernel: md/raid1:md126: active with 2 out of 2 mirrors
Sep 12 05:51:20 localhost kernel: md126: detected capacity change from 0 to 1024207093760
Sep 12 05:51:20 localhost kernel: md126: p1 p2 p3 p4 < p5 p6 p7 p8 >
Sep 12 05:51:20 localhost systemd: Created slice system-mdmon.slice.
Sep 12 05:51:20 localhost systemd: Starting MD Metadata Monitor on /dev/md127...
Sep 12 05:51:20 localhost systemd: Started MD Metadata Monitor on /dev/md127.
Sep 12 05:51:20 localhost kernel: md: resync of RAID array md126
Sep 12 05:51:20 localhost systemd-udevd: inotify_add_watch(6, /dev/sda1, 10) failed: No such file or directory
Sep 12 05:51:20 localhost systemd-udevd: inotify_add_watch(6, /dev/sda7, 10) failed: No such file or directory
Sep 12 05:51:20 localhost systemd-udevd: inotify_add_watch(6, /dev/sda3, 10) failed: No such file or directory
Sep 12 05:51:20 localhost systemd-udevd: inotify_add_watch(6, /dev/sda2, 10) failed: No such file or directory
Sep 12 05:51:20 localhost systemd-udevd: inotify_add_watch(6, /dev/sda4, 10) failed: No such file or directory
Sep 12 05:51:20 localhost systemd-udevd: inotify_add_watch(6, /dev/sda8, 10) failed: No such file or directory
Sep 12 05:51:20 localhost systemd-udevd: inotify_add_watch(6, /dev/sda6, 10) failed: No such file or directory
Sep 12 05:51:20 localhost systemd-udevd: inotify_add_watch(6, /dev/sda5, 10) failed: No such file or directory
Sep 12 05:51:20 localhost kernel: random: fast init done
Sep 12 05:51:20 localhost systemd: Found device /dev/disk/by-uuid/bfb5cf83-9f6c-462a-ace6-ba36e2d1c3d9.
Sep 12 05:51:20 localhost systemd: Starting File System Check on /dev/disk/by-uuid/bfb5cf83-9f6c-462a-ace6-ba36e2d1c3d9...
Sep 12 05:51:20 localhost systemd: Started dracut initqueue hook.
Sep 12 05:51:20 localhost systemd: Reached target Remote File Systems (Pre).
Sep 12 05:51:20 localhost systemd: Reached target Remote File Systems.
Sep 12 05:51:20 localhost systemd-fsck: /sbin/fsck.xfs: XFS file system.
Sep 12 05:51:20 localhost systemd: Starting dracut pre-mount hook...
Sep 12 05:51:20 localhost systemd: Started File System Check on /dev/disk/by-uuid/bfb5cf83-9f6c-462a-ace6-ba36e2d1c3d9.
Sep 12 05:51:20 localhost systemd: Started dracut pre-mount hook.
Sep 12 05:51:20 localhost systemd: Mounting /sysroot...
Sep 12 05:51:20 localhost kernel: SGI XFS with ACLs, security attributes, no debug enabled
Sep 12 05:51:20 localhost kernel: XFS (md126p5): Mounting V5 Filesystem
Sep 12 05:51:20 localhost kernel: XFS (md126p5): Ending clean mount
Sep 12 05:51:20 localhost systemd: Mounted /sysroot.
Sep 12 05:51:20 localhost systemd: Reached target Initrd Root File System.
Sep 12 05:51:20 localhost systemd: Starting Reload Configuration from the Real Root...
Sep 12 05:51:20 localhost systemd: Reloading.
Sep 12 05:51:20 localhost systemd: Cannot add dependency job for unit mdmonitor.service, ignoring: Unit not found.
Sep 12 05:51:20 localhost systemd: Cannot add dependency job for unit mdmonitor.service, ignoring: Unit not found.
Sep 12 05:51:20 localhost systemd: Mounting /sysroot/usr...
Sep 12 05:51:20 localhost kernel: XFS (md126p6): Mounting V5 Filesystem
Sep 12 05:51:20 localhost systemd: Started Reload Configuration from the Real Root.
Sep 12 05:51:21 localhost kernel: XFS (md126p6): Ending clean mount
Sep 12 05:51:21 localhost systemd: Mounted /sysroot/usr.
Sep 12 05:51:21 localhost systemd: Reached target Initrd File Systems.
Sep 12 05:51:21 localhost systemd: Reached target Initrd Default Target.
Sep 12 05:51:21 localhost systemd: Starting dracut pre-pivot and cleanup hook...
Sep 12 05:51:21 localhost systemd: Started dracut pre-pivot and cleanup hook.
Sep 12 05:51:21 localhost systemd: Starting Cleaning Up and Shutting Down Daemons...
Sep 12 05:51:21 localhost systemd: Cannot add dependency job for unit mdmonitor.service, ignoring: Unit not found.
Sep 12 05:51:21 localhost systemd: Cannot add dependency job for unit mdmonitor.service, ignoring: Unit not found.
Sep 12 05:51:21 localhost systemd: Starting Plymouth switch root service...
Sep 12 05:51:21 localhost systemd: Stopped target Timers.
Sep 12 05:51:21 localhost systemd: Stopped Cleaning Up and Shutting Down Daemons.
Sep 12 05:51:21 localhost systemd: Stopped dracut pre-pivot and cleanup hook.
Sep 12 05:51:21 localhost systemd: Stopped target Remote File Systems.
Sep 12 05:51:21 localhost systemd: Stopped target Remote File Systems (Pre).
Sep 12 05:51:21 localhost systemd: Stopped dracut pre-mount hook.
Sep 12 05:51:21 localhost systemd: Stopped dracut initqueue hook.
Sep 12 05:51:21 localhost systemd: Stopped target Initrd Default Target.
Sep 12 05:51:21 localhost systemd: Stopped target Basic System.
Sep 12 05:51:21 localhost systemd: Stopped target Paths.
Sep 12 05:51:21 localhost systemd: Stopped target System Initialization.
Sep 12 05:51:21 localhost systemd: Stopped udev Coldplug all Devices.
Sep 12 05:51:21 localhost systemd: Stopped dracut pre-trigger hook.
Sep 12 05:51:21 localhost systemd: Stopped target Swap.
Sep 12 05:51:21 localhost systemd: Stopped Apply Kernel Variables.
Sep 12 05:51:21 localhost systemd: Stopping udev Kernel Device Manager...
Sep 12 05:51:21 localhost systemd: Stopped target Local File Systems.
Sep 12 05:51:21 localhost systemd: Stopped target Sockets.
Sep 12 05:51:21 localhost systemd: Stopped target Slices.
Sep 12 05:51:21 localhost systemd: Stopped udev Kernel Device Manager.
Sep 12 05:51:21 localhost systemd: Stopped dracut pre-udev hook.
Sep 12 05:51:21 localhost systemd: Stopped dracut cmdline hook.
Sep 12 05:51:21 localhost systemd: Stopped Create Static Device Nodes in /dev.
Sep 12 05:51:21 localhost systemd: Stopped Create list of required static device nodes for the current kernel.
Sep 12 05:51:21 localhost systemd: Closed udev Kernel Socket.
Sep 12 05:51:21 localhost systemd: Closed udev Control Socket.
Sep 12 05:51:21 localhost systemd: Starting Cleanup udevd DB...
Sep 12 05:51:21 localhost systemd: Started Cleanup udevd DB.
Sep 12 05:51:21 localhost systemd: Reached target Switch Root.
Sep 12 05:51:21 localhost systemd: Started Plymouth switch root service.
Sep 12 05:51:21 localhost systemd: Starting Switch Root...
Sep 12 05:51:21 localhost systemd: Switching root.
Sep 12 05:51:21 localhost journal: Journal stopped
Sep 12 05:51:21 localhost journal: Runtime journal is using 8.0M (max allowed 1.5G, trying to leave 2.3G free of 15.5G available â†’ current limit 1.5G).
Sep 12 05:51:21 localhost systemd-journald[149]: Received SIGTERM from PID 1 (systemd).
Sep 12 05:51:21 localhost kernel: SELinux:  Disabled at runtime.
Sep 12 05:51:21 localhost kernel: type=1404 audit(1568267481.353:2): selinux=0 auid=4294967295 ses=4294967295
Sep 12 05:51:21 localhost kernel: ip_tables: (C) 2000-2006 Netfilter Core Team
Sep 12 05:51:21 localhost systemd[1]: Inserted module 'ip_tables'
Sep 12 05:51:21 localhost journal: Journal started
Sep 12 05:51:21 localhost systemd: systemd 219 running in system mode. (+PAM +AUDIT +SELINUX +IMA -APPARMOR +SMACK +SYSVINIT +UTMP +LIBCRYPTSETUP +GCRYPT +GNUTLS +ACL +XZ +LZ4 -SECCOMP +BLKID +ELFUTILS +KMOD +IDN)
Sep 12 05:51:21 localhost systemd: Detected architecture x86-64.
Sep 12 05:51:21 localhost systemd: Set hostname to <localhost.localdomain>.
Sep 12 05:51:21 localhost systemd: Started Collect Read-Ahead Data.
Sep 12 05:51:21 localhost systemd: Started Read and set NIS domainname from /etc/sysconfig/network.
Sep 12 05:51:21 localhost systemd: Started Create list of required static device nodes for the current kernel.
Sep 12 05:51:21 localhost systemd: Starting Apply Kernel Variables...
Sep 12 05:51:21 localhost systemd: Starting Remount Root and Kernel File Systems...
Sep 12 05:51:21 localhost systemd: Starting Create Static Device Nodes in /dev...
Sep 12 05:51:21 localhost systemd: Started LVM2 metadata daemon.
Sep 12 05:51:21 localhost systemd: Started Apply Kernel Variables.
Sep 12 05:51:21 localhost systemd: Started Remount Root and Kernel File Systems.
Sep 12 05:51:21 localhost systemd: Starting Configure read-only root support...
Sep 12 05:51:21 localhost systemd: Starting Rebuild Hardware Database...
Sep 12 05:51:21 localhost systemd: Started Monitoring of LVM2 mirrors, snapshots etc. using dmeventd or progress polling.
Sep 12 05:51:21 localhost systemd: Started Create Static Device Nodes in /dev.
Sep 12 05:51:21 localhost systemd: Starting udev Kernel Device Manager...
Sep 12 05:51:21 localhost systemd: Reached target Local File Systems (Pre).
Sep 12 05:51:21 localhost systemd: Started Configure read-only root support.
Sep 12 05:51:21 localhost systemd-udevd: starting version 219
Sep 12 05:51:21 localhost kernel: random: crng init done
Sep 12 05:51:21 localhost systemd: Started udev Kernel Device Manager.
Sep 12 05:51:22 localhost systemd: Started Rebuild Hardware Database.
Sep 12 05:51:22 localhost systemd: Starting udev Coldplug all Devices...
Sep 12 05:51:22 localhost systemd: Started udev Coldplug all Devices.
Sep 12 05:51:22 localhost systemd: Starting udev Wait for Complete Device Initialization...
Sep 12 05:51:22 localhost kernel: sd 0:0:0:0: Attached scsi generic sg0 type 0
Sep 12 05:51:22 localhost kernel: sd 1:0:0:0: Attached scsi generic sg1 type 0
Sep 12 05:51:22 localhost kernel: sr 3:0:0:0: Attached scsi generic sg2 type 5
Sep 12 05:51:22 localhost kernel: input: PC Speaker as /devices/platform/pcspkr/input/input6
Sep 12 05:51:22 localhost kernel: i801_smbus 0000:00:1f.4: SMBus using PCI interrupt
Sep 12 05:51:22 localhost mtp-probe: checking bus 1, device 3: "/sys/devices/pci0000:00/0000:00:14.0/usb1/1-12"
Sep 12 05:51:22 localhost mtp-probe: bus: 1, device: 3 was not an MTP device
Sep 12 05:51:22 localhost mtp-probe: checking bus 1, device 2: "/sys/devices/pci0000:00/0000:00:14.0/usb1/1-11"
Sep 12 05:51:22 localhost mtp-probe: bus: 1, device: 2 was not an MTP device
Sep 12 05:51:22 localhost kernel: hp_wmi: query 0x4 returned error 0x5
Sep 12 05:51:22 localhost kernel: hp_wmi: query 0x4 returned error 0x5
Sep 12 05:51:22 localhost kernel: input: HP WMI hotkeys as /devices/virtual/input/input7
Sep 12 05:51:22 localhost kernel: cryptd: max_cpu_qlen set to 1000
Sep 12 05:51:22 localhost kernel: snd_hda_intel 0000:01:00.1: Disabling MSI
Sep 12 05:51:22 localhost kernel: snd_hda_intel 0000:01:00.1: Handle vga_switcheroo audio client
Sep 12 05:51:22 localhost kernel: AVX2 version of gcm_enc/dec engaged.
Sep 12 05:51:22 localhost kernel: AES CTR mode by8 optimization enabled
Sep 12 05:51:22 localhost kernel: alg: No test for __gcm-aes-aesni (__driver-gcm-aes-aesni)
Sep 12 05:51:22 localhost kernel: alg: No test for __generic-gcm-aes-aesni (__driver-generic-gcm-aes-aesni)
Sep 12 05:51:22 localhost kernel: snd_hda_codec_conexant hdaudioC0D0: CX20632: BIOS auto-probing.
Sep 12 05:51:22 localhost kernel: snd_hda_codec_conexant hdaudioC0D0: autoconfig for CX20632: line_outs=1 (0x18/0x0/0x0/0x0/0x0) type:line
Sep 12 05:51:22 localhost kernel: snd_hda_codec_conexant hdaudioC0D0:    speaker_outs=1 (0x1f/0x0/0x0/0x0/0x0)
Sep 12 05:51:22 localhost kernel: snd_hda_codec_conexant hdaudioC0D0:    hp_outs=1 (0x19/0x0/0x0/0x0/0x0)
Sep 12 05:51:22 localhost kernel: snd_hda_codec_conexant hdaudioC0D0:    mono: mono_out=0x0
Sep 12 05:51:22 localhost kernel: snd_hda_codec_conexant hdaudioC0D0:    inputs:
Sep 12 05:51:22 localhost kernel: snd_hda_codec_conexant hdaudioC0D0:      Mic=0x1a
Sep 12 05:51:22 localhost kernel: snd_hda_codec_conexant hdaudioC0D0:      Line=0x1d
Sep 12 05:51:22 localhost kernel: snd_hda_codec_conexant hdaudioC0D0: Enable sync_write for stable communication
Sep 12 05:51:22 localhost kernel: input: HDA Intel PCH Mic as /devices/pci0000:00/0000:00:1f.3/sound/card0/input8
Sep 12 05:51:22 localhost kernel: input: HDA Intel PCH Line as /devices/pci0000:00/0000:00:1f.3/sound/card0/input9
Sep 12 05:51:22 localhost kernel: input: HDA Intel PCH Line Out as /devices/pci0000:00/0000:00:1f.3/sound/card0/input10
Sep 12 05:51:22 localhost kernel: input: HDA Intel PCH Front Headphone as /devices/pci0000:00/0000:00:1f.3/sound/card0/input11
Sep 12 05:51:22 localhost kernel: intel_rapl: Found RAPL domain package
Sep 12 05:51:22 localhost kernel: intel_rapl: Found RAPL domain core
Sep 12 05:51:22 localhost kernel: intel_rapl: Found RAPL domain dram
Sep 12 05:51:22 localhost kernel: intel_pmc_core:  initialized
Sep 12 05:51:22 localhost kernel: ppdev: user-space parallel port driver
Sep 12 05:51:22 localhost kernel: iTCO_vendor_support: vendor-support=0
Sep 12 05:51:22 localhost kernel: iTCO_wdt: Intel TCO WatchDog Timer Driver v1.11
Sep 12 05:51:22 localhost kernel: iTCO_wdt: probe of iTCO_wdt failed with error -16
Sep 12 05:51:22 localhost systemd: dev-virtio\x2dports-com.redhat.spice.0.device is not active.
Sep 12 05:51:22 localhost systemd: Dependency failed for Activation socket for spice guest agent daemon.
Sep 12 05:51:22 localhost systemd: Job spice-vdagentd.socket/start failed with result 'dependency'.
Sep 12 05:51:22 localhost systemd: dev-virtio\x2dports-com.redhat.spice.0.device is not active.
Sep 12 05:51:22 localhost systemd: Dependency failed for Activation socket for spice guest agent daemon.
Sep 12 05:51:22 localhost systemd: Job spice-vdagentd.socket/start failed with result 'dependency'.
Sep 12 05:51:22 localhost systemd: Created slice system-mdmon.slice.
Sep 12 05:51:22 localhost systemd: Starting MD Metadata Monitor on /dev/md127...
Sep 12 05:51:22 localhost systemd: dev-virtio\x2dports-com.redhat.spice.0.device is not active.
Sep 12 05:51:22 localhost systemd: Dependency failed for Activation socket for spice guest agent daemon.
Sep 12 05:51:22 localhost systemd: Job spice-vdagentd.socket/start failed with result 'dependency'.
Sep 12 05:51:22 localhost systemd: Started MD Metadata Monitor on /dev/md127.
Sep 12 05:51:22 localhost systemd: Found device /dev/disk/by-uuid/09a17366-035a-4daa-acbb-98422ff062ca.
Sep 12 05:51:22 localhost systemd: dev-virtio\x2dports-com.redhat.spice.0.device is not active.
Sep 12 05:51:22 localhost systemd: Dependency failed for Activation socket for spice guest agent daemon.
Sep 12 05:51:22 localhost systemd: Job spice-vdagentd.socket/start failed with result 'dependency'.
Sep 12 05:51:22 localhost systemd: Mounting /tmp...
Sep 12 05:51:22 localhost systemd: Found device /dev/disk/by-uuid/23eb5836-2bb4-4769-b349-a375b2c1bba3.
Sep 12 05:51:22 localhost kernel: XFS (md126p8): Mounting V5 Filesystem
Sep 12 05:51:22 localhost systemd: Found device /dev/disk/by-uuid/4fa51a56-a4af-48bd-bedd-9320c76de9a6.
Sep 12 05:51:22 localhost systemd: dev-virtio\x2dports-com.redhat.spice.0.device is not active.
Sep 12 05:51:22 localhost systemd: Dependency failed for Activation socket for spice guest agent daemon.
Sep 12 05:51:22 localhost systemd: Job spice-vdagentd.socket/start failed with result 'dependency'.
Sep 12 05:51:22 localhost systemd: Mounting /var...
Sep 12 05:51:22 localhost systemd: Found device /dev/disk/by-uuid/b6672805-60d3-4c8a-a3bb-babee13ff070.
Sep 12 05:51:22 localhost systemd: dev-virtio\x2dports-com.redhat.spice.0.device is not active.
Sep 12 05:51:22 localhost systemd: Dependency failed for Activation socket for spice guest agent daemon.
Sep 12 05:51:22 localhost systemd: Job spice-vdagentd.socket/start failed with result 'dependency'.
Sep 12 05:51:22 localhost systemd: Mounting /boot...
Sep 12 05:51:22 localhost kernel: XFS (md126p3): Mounting V5 Filesystem
Sep 12 05:51:22 localhost kernel: XFS (md126p1): Mounting V5 Filesystem
Sep 12 05:51:22 localhost systemd: Found device /dev/disk/by-uuid/361b636b-6d9c-41e7-8ceb-be8b6a345212.
Sep 12 05:51:22 localhost systemd: dev-virtio\x2dports-com.redhat.spice.0.device is not active.
Sep 12 05:51:22 localhost systemd: Dependency failed for Activation socket for spice guest agent daemon.
Sep 12 05:51:22 localhost systemd: Job spice-vdagentd.socket/start failed with result 'dependency'.
Sep 12 05:51:22 localhost systemd: Mounting /opt...
Sep 12 05:51:22 localhost systemd: Found device /dev/disk/by-uuid/dbb8080f-575f-48a7-a2b1-96b17370a695.
Sep 12 05:51:22 localhost systemd: dev-virtio\x2dports-com.redhat.spice.0.device is not active.
Sep 12 05:51:22 localhost systemd: Dependency failed for Activation socket for spice guest agent daemon.
Sep 12 05:51:22 localhost systemd: Job spice-vdagentd.socket/start failed with result 'dependency'.
Sep 12 05:51:22 localhost systemd: Mounting /home...
Sep 12 05:51:22 localhost systemd: Mounted /tmp.
Sep 12 05:51:22 localhost kernel: XFS (md126p8): Ending clean mount
Sep 12 05:51:22 localhost kernel: XFS (md126p2): Mounting V5 Filesystem
Sep 12 05:51:22 localhost kernel: XFS (md126p7): Mounting V5 Filesystem
Sep 12 05:51:22 localhost systemd: Mounted /boot.
Sep 12 05:51:22 localhost kernel: XFS (md126p1): Ending clean mount
Sep 12 05:51:22 localhost kernel: input: HDA NVidia HDMI/DP,pcm=3 as /devices/pci0000:00/0000:00:01.0/0000:01:00.1/sound/card1/input12
Sep 12 05:51:22 localhost kernel: input: HDA NVidia HDMI/DP,pcm=7 as /devices/pci0000:00/0000:00:01.0/0000:01:00.1/sound/card1/input13
Sep 12 05:51:22 localhost kernel: input: HDA NVidia HDMI/DP,pcm=8 as /devices/pci0000:00/0000:00:01.0/0000:01:00.1/sound/card1/input14
Sep 12 05:51:22 localhost systemd: dev-virtio\x2dports-com.redhat.spice.0.device is not active.
Sep 12 05:51:22 localhost systemd: Dependency failed for Activation socket for spice guest agent daemon.
Sep 12 05:51:22 localhost systemd: Job spice-vdagentd.socket/start failed with result 'dependency'.
Sep 12 05:51:22 localhost kernel: XFS (md126p2): Ending clean mount
Sep 12 05:51:22 localhost kernel: XFS (md126p7): Ending clean mount
Sep 12 05:51:22 localhost systemd: Mounted /home.
Sep 12 05:51:22 localhost systemd: Mounted /opt.
Sep 12 05:51:22 localhost kernel: XFS (md126p3): Ending clean mount
Sep 12 05:51:22 localhost systemd: Mounted /var.
Sep 12 05:51:22 localhost systemd: Starting Flush Journal to Persistent Storage...
Sep 12 05:51:22 localhost systemd: Starting Load/Save Random Seed...
Sep 12 05:51:22 localhost systemd: dev-virtio\x2dports-com.redhat.spice.0.device is not active.
Sep 12 05:51:22 localhost systemd: Dependency failed for Activation socket for spice guest agent daemon.
Sep 12 05:51:22 localhost systemd: Job spice-vdagentd.socket/start failed with result 'dependency'.
Sep 12 05:51:22 localhost systemd: Started Load/Save Random Seed.
Sep 12 05:51:22 localhost systemd: Started udev Wait for Complete Device Initialization.
Sep 12 05:51:22 localhost systemd: Started Flush Journal to Persistent Storage.
Sep 12 05:51:22 localhost systemd: Starting Activation of DM RAID sets...
Sep 12 05:51:22 localhost kernel: device-mapper: uevent: version 1.0.3
Sep 12 05:51:22 localhost kernel: device-mapper: ioctl: 4.37.1-ioctl (2018-04-03) initialised: dm-devel@redhat.com
Sep 12 05:51:22 localhost systemd: Started Activation of DM RAID sets.
Sep 12 05:51:22 localhost systemd: Reached target Local Encrypted Volumes.
Sep 12 05:51:22 localhost systemd: Reached target Local File Systems.
Sep 12 05:51:22 localhost systemd: Starting Rebuild Journal Catalog...
Sep 12 05:51:22 localhost systemd: Starting Import network configuration from initramfs...
Sep 12 05:51:22 localhost systemd: Starting Tell Plymouth To Write Out Runtime Data...
Sep 12 05:51:22 localhost systemd: Starting Mark the need to relabel after reboot...
Sep 12 05:51:22 localhost systemd: Starting Preprocess NFS configuration...
Sep 12 05:51:22 localhost systemd: Started Mark the need to relabel after reboot.
Sep 12 05:51:22 localhost systemd: Started Preprocess NFS configuration.
Sep 12 05:51:22 localhost systemd: Started Rebuild Journal Catalog.
Sep 12 05:51:22 localhost systemd: Starting Update is Completed...
Sep 12 05:51:22 localhost systemd: Started Update is Completed.
Sep 12 05:51:22 localhost systemd: Started Tell Plymouth To Write Out Runtime Data.
Sep 12 05:51:22 localhost systemd: Started Import network configuration from initramfs.
Sep 12 05:51:22 localhost systemd: Starting Create Volatile Files and Directories...
Sep 12 05:51:22 localhost systemd: Started Create Volatile Files and Directories.
Sep 12 05:51:22 localhost systemd: Mounting RPC Pipe File System...
Sep 12 05:51:22 localhost systemd: Starting Security Auditing Service...
Sep 12 05:51:22 localhost kernel: RPC: Registered named UNIX socket transport module.
Sep 12 05:51:22 localhost kernel: RPC: Registered udp transport module.
Sep 12 05:51:22 localhost kernel: RPC: Registered tcp transport module.
Sep 12 05:51:22 localhost kernel: RPC: Registered tcp NFSv4.1 backchannel transport module.
Sep 12 05:51:22 localhost systemd: Mounted RPC Pipe File System.
Sep 12 05:51:22 localhost systemd: Reached target rpc_pipefs.target.
Sep 12 05:51:22 localhost auditd[5611]: Started dispatcher: /sbin/audispd pid: 5613
Sep 12 05:51:22 localhost kernel: type=1305 audit(1568267482.718:3): audit_pid=5611 old=0 auid=4294967295 ses=4294967295 res=1
Sep 12 05:51:22 localhost audispd: audispd initialized with q_depth=250 and 1 active plugins
Sep 12 05:51:22 localhost auditd[5611]: Init complete, auditd 2.8.4 listening for events (startup state enable)
Sep 12 05:51:22 localhost augenrules: No rules
Sep 12 05:51:22 localhost augenrules: enabled 1
Sep 12 05:51:22 localhost augenrules: failure 1
Sep 12 05:51:22 localhost augenrules: pid 5611
Sep 12 05:51:22 localhost augenrules: rate_limit 0
Sep 12 05:51:22 localhost augenrules: backlog_limit 8192
Sep 12 05:51:22 localhost augenrules: lost 0
Sep 12 05:51:22 localhost augenrules: backlog 1
Sep 12 05:51:22 localhost augenrules: enabled 1
Sep 12 05:51:22 localhost augenrules: failure 1
Sep 12 05:51:22 localhost augenrules: pid 5611
Sep 12 05:51:22 localhost augenrules: rate_limit 0
Sep 12 05:51:22 localhost augenrules: backlog_limit 8192
Sep 12 05:51:22 localhost augenrules: lost 0
Sep 12 05:51:22 localhost augenrules: backlog 1
Sep 12 05:51:22 localhost systemd: Started Security Auditing Service.
Sep 12 05:51:22 localhost systemd: Starting Update UTMP about System Boot/Shutdown...
Sep 12 05:51:22 localhost systemd: Started Update UTMP about System Boot/Shutdown.
Sep 12 05:51:22 localhost systemd: Reached target System Initialization.
Sep 12 05:51:22 localhost systemd: Started Daily Cleanup of Temporary Directories.
Sep 12 05:51:22 localhost systemd: Listening on PC/SC Smart Card Daemon Activation Socket.
Sep 12 05:51:22 localhost systemd: Started Flexible branding.
Sep 12 05:51:22 localhost systemd: Listening on RPCbind Server Activation Socket.
Sep 12 05:51:22 localhost systemd: Starting RPC bind service...
Sep 12 05:51:22 localhost systemd: Listening on CUPS Printing Service Sockets.
Sep 12 05:51:22 localhost systemd: Listening on Open-iSCSI iscsid Socket.
Sep 12 05:51:22 localhost systemd: Listening on Open-iSCSI iscsiuio Socket.
Sep 12 05:51:22 localhost systemd: Listening on Virtual machine log manager socket.
Sep 12 05:51:22 localhost systemd: Listening on D-Bus System Message Bus Socket.
Sep 12 05:51:22 localhost systemd: Listening on Avahi mDNS/DNS-SD Stack Activation Socket.
Sep 12 05:51:22 localhost systemd: Listening on Virtual machine lock manager socket.
Sep 12 05:51:22 localhost systemd: Reached target Sockets.
Sep 12 05:51:22 localhost systemd: Started daily update of the root trust anchor for DNSSEC.
Sep 12 05:51:22 localhost systemd: Reached target Timers.
Sep 12 05:51:22 localhost systemd: Started CUPS Printer Service Spool.
Sep 12 05:51:22 localhost systemd: Reached target Paths.
Sep 12 05:51:22 localhost systemd: Reached target Basic System.
Sep 12 05:51:22 localhost systemd: Started D-Bus System Message Bus.
Sep 12 05:51:23 localhost systemd: Started irqbalance daemon.
Sep 12 05:51:23 localhost systemd: Started ABRT Automated Bug Reporting Tool.
Sep 12 05:51:23 localhost systemd: Started Self Monitoring and Reporting Technology (SMART) Daemon.
Sep 12 05:51:23 localhost systemd: Starting GSSAPI Proxy Daemon...
Sep 12 05:51:23 localhost systemd: Starting Install ABRT coredump hook...
Sep 12 05:51:23 localhost systemd: Starting Software RAID monitoring and management...
Sep 12 05:51:23 localhost systemd: Starting RealtimeKit Scheduling Policy Service...
Sep 12 05:51:23 localhost systemd: Started ABRT kernel log watcher.
Sep 12 05:51:23 localhost systemd: Started libstoragemgmt plug-in server daemon.
Sep 12 05:51:23 localhost systemd: Started Hardware RNG Entropy Gatherer Daemon.
Sep 12 05:51:23 localhost systemd: Starting VDO volume services...
Sep 12 05:51:23 localhost systemd: Starting Virtual Machine and Container Registration Service...
Sep 12 05:51:23 localhost systemd: Starting Disk Manager...
Sep 12 05:51:23 localhost systemd: Starting Dump dmesg to /var/log/dmesg...
Sep 12 05:51:23 localhost systemd: Starting Modem Manager...
Sep 12 05:51:23 localhost systemd: Starting Login Service...
Sep 12 05:51:23 localhost systemd: Starting Load CPU microcode update...
Sep 12 05:51:23 localhost systemd: Starting Avahi mDNS/DNS-SD Stack...
Sep 12 05:51:23 localhost systemd: Starting Authorization Manager...
Sep 12 05:51:23 localhost systemd: Starting Network Manager...
Sep 12 05:51:23 localhost systemd: Starting Resets System Activity Logs...
Sep 12 05:51:23 localhost systemd: Starting Kernel Samepage Merging...
Sep 12 05:51:23 localhost systemd: Starting NTP client/server...
Sep 12 05:51:23 localhost systemd: Starting nVIDIA driver install on Linux First Boot...
Sep 12 05:51:23 localhost systemd: Started Manage Sound Card State (restore and store).
Sep 12 05:51:23 localhost systemd: Reached target Sound Card.
Sep 12 05:51:23 localhost systemd: Starting OpenSSH Server Key Generation...
Sep 12 05:51:23 localhost systemd: Starting Accounts Service...
Sep 12 05:51:23 localhost alsactl[5689]: alsactl 1.1.6 daemon started
Sep 12 05:51:23 localhost alsactl[5689]: /usr/sbin/alsactl: load_state:1683Cannot open /var/lib/alsa/asound.state for reading: No such file or directory
Sep 12 05:51:23 localhost alsactl: Found hardware: "HDA-Intel" "Conexant CX20632" "HDA:14f15098,103c8455,00100100" "0x103c" "0x8455"
Sep 12 05:51:23 localhost alsactl: Hardware is initialized using a generic method
Sep 12 05:51:23 localhost systemd: Starting Initial Setup configuration program...
Sep 12 05:51:23 localhost alsactl: Found hardware: "HDA-Intel" "Nvidia GPU 80 HDMI/DP" "HDA:10de0080,103c11be,00100100" "0x103c" "0x11be"
Sep 12 05:51:23 localhost alsactl: Hardware is initialized using a generic method
Sep 12 05:51:23 localhost systemd: Started RPC bind service.
Sep 12 05:51:23 localhost systemd: Started Software RAID monitoring and management.
Sep 12 05:51:23 localhost systemd: Started Dump dmesg to /var/log/dmesg.
Sep 12 05:51:23 localhost systemd: Started Kernel Samepage Merging.
Sep 12 05:51:23 localhost systemd: Started RealtimeKit Scheduling Policy Service.
Sep 12 05:51:23 localhost systemd: Starting Kernel Samepage Merging (KSM) Tuning Daemon...
Sep 12 05:51:23 localhost systemd: Received SIGRTMIN+21 from PID 5692 (kill).
Sep 12 05:51:23 localhost systemd: Started Kernel Samepage Merging (KSM) Tuning Daemon.
Sep 12 05:51:23 localhost systemd: Started Load CPU microcode update.
Sep 12 05:51:23 localhost avahi-daemon[5666]: Found user 'avahi' (UID 70) and group 'avahi' (GID 70).
Sep 12 05:51:23 localhost avahi-daemon[5666]: Successfully dropped root privileges.
Sep 12 05:51:23 localhost systemd: Started Resets System Activity Logs.
Sep 12 05:51:23 localhost avahi-daemon[5666]: avahi-daemon 0.6.31 starting up.
Sep 12 05:51:23 localhost avahi-daemon[5666]: WARNING: No NSS support for mDNS detected, consider installing nss-mdns!
Sep 12 05:51:23 localhost systemd: Received SIGRTMIN+21 from PID 605 (plymouthd).
Sep 12 05:51:23 localhost avahi-daemon[5666]: Successfully called chroot().
Sep 12 05:51:23 localhost avahi-daemon[5666]: Successfully dropped remaining capabilities.
Sep 12 05:51:23 localhost avahi-daemon[5666]: No service file found in /etc/avahi/services.
Sep 12 05:51:23 localhost smartd[5644]: smartd 6.5 2016-05-07 r4318 [x86_64-linux-3.10.0-957.el7.x86_64] (local build)
Sep 12 05:51:23 localhost smartd[5644]: Copyright (C) 2002-16, Bruce Allen, Christian Franke, www.smartmontools.org
Sep 12 05:51:23 localhost systemd: Started Avahi mDNS/DNS-SD Stack.
Sep 12 05:51:23 localhost smartd[5644]: Opened configuration file /etc/smartmontools/smartd.conf
Sep 12 05:51:23 localhost systemd: Started Login Service.
Sep 12 05:51:23 localhost avahi-daemon[5666]: System host name is set to 'localhost'. This is not a suitable mDNS host name, looking for alternatives.
Sep 12 05:51:23 localhost smartd[5644]: Configuration file /etc/smartmontools/smartd.conf was parsed, found DEVICESCAN, scanning devices
Sep 12 05:51:23 localhost systemd-logind: Watching system buttons on /dev/input/event2 (Power Button)
Sep 12 05:51:23 localhost systemd-logind: Watching system buttons on /dev/input/event1 (Power Button)
Sep 12 05:51:23 localhost systemd-logind: Watching system buttons on /dev/input/event0 (Sleep Button)
Sep 12 05:51:23 localhost systemd-logind: New seat seat0.
Sep 12 05:51:23 localhost smartd[5644]: Device: /dev/sda, type changed from 'scsi' to 'sat'
Sep 12 05:51:23 localhost smartd[5644]: Device: /dev/sda [SAT], opened
Sep 12 05:51:23 localhost smartd[5644]: Device: /dev/sda [SAT], MTFDDAK1T0TBN-1AR1ZABHA, S/N:UGXVN01N4BXUC7, WWN:5-00a075-120afc198, FW:HPC0014, 1.02 TB
Sep 12 05:51:23 localhost avahi-daemon[5666]: Network interface enumeration completed.
Sep 12 05:51:23 localhost avahi-daemon[5666]: Registering HINFO record with values 'X86_64'/'LINUX'.
Sep 12 05:51:23 localhost avahi-daemon[5666]: Server startup complete. Host name is linux.local. Local service cookie is 2142305226.
Sep 12 05:51:23 localhost smartd[5644]: Device: /dev/sda [SAT], not found in smartd database.
Sep 12 05:51:23 localhost systemd: Started Virtual Machine and Container Registration Service.
Sep 12 05:51:23 localhost chronyd[5752]: chronyd version 3.2 starting (+CMDMON +NTP +REFCLOCK +RTC +PRIVDROP +SCFILTER +SECHASH +SIGND +ASYNCDNS +IPV6 +DEBUG)
Sep 12 05:51:23 localhost initial-setup: Starting Initial Setup GUI
Sep 12 05:51:23 localhost smartd[5644]: Device: /dev/sda [SAT], can't monitor Current_Pending_Sector count - no Attribute 197
Sep 12 05:51:23 localhost smartd[5644]: Device: /dev/sda [SAT], is SMART capable. Adding to "monitor" list.
Sep 12 05:51:23 localhost smartd[5644]: Device: /dev/sdb, type changed from 'scsi' to 'sat'
Sep 12 05:51:23 localhost smartd[5644]: Device: /dev/sdb [SAT], opened
Sep 12 05:51:23 localhost smartd[5644]: Device: /dev/sdb [SAT], MTFDDAK1T0TBN-1AR1ZABHA, S/N:UGXVN01N4BXUCJ, WWN:5-00a075-120afc380, FW:HPC0014, 1.02 TB
Sep 12 05:51:23 localhost systemd: Started GSSAPI Proxy Daemon.
Sep 12 05:51:23 localhost systemd: Reached target NFS client services.
Sep 12 05:51:23 localhost journal: udisks daemon version 2.7.3 starting
Sep 12 05:51:23 localhost smartd[5644]: Device: /dev/sdb [SAT], not found in smartd database.
Sep 12 05:51:23 localhost polkitd[5667]: Started polkitd version 0.112
Sep 12 05:51:23 localhost rngd: Initalizing available sources
Sep 12 05:51:23 localhost smartd[5644]: Device: /dev/sdb [SAT], can't monitor Current_Pending_Sector count - no Attribute 197
Sep 12 05:51:23 localhost smartd[5644]: Device: /dev/sdb [SAT], is SMART capable. Adding to "monitor" list.
Sep 12 05:51:23 localhost smartd[5644]: Monitoring 2 ATA/SATA, 0 SCSI/SAS and 0 NVMe devices
Sep 12 05:51:23 localhost systemd: Started NTP client/server.
Sep 12 05:51:23 localhost rngd: Enabling RDSEED rng support
Sep 12 05:51:23 localhost dbus[5640]: [system] Activating via systemd: service name='org.freedesktop.PolicyKit1' unit='polkit.service'
Sep 12 05:51:23 localhost NetworkManager[5668]: <info>  [1568267483.1442] NetworkManager (version 1.12.0-6.el7) is starting... (for the first time)
Sep 12 05:51:23 localhost NetworkManager[5668]: <info>  [1568267483.1443] Read config: /etc/NetworkManager/NetworkManager.conf (lib: 10-slaves-order.conf)
Sep 12 05:51:23 localhost ModemManager[5662]: <info>  ModemManager (version 1.6.10-1.el7) starting in system bus...
Sep 12 05:51:23 localhost systemd: Started Network Manager.
Sep 12 05:51:23 localhost NetworkManager[5668]: <info>  [1568267483.1568] bus-manager: acquired D-Bus service "org.freedesktop.NetworkManager"
Sep 12 05:51:23 localhost systemd: Starting Network Manager Wait Online...
Sep 12 05:51:23 localhost NetworkManager[5668]: <info>  [1568267483.1605] manager[0x55bacad630b0]: monitoring kernel firmware directory '/lib/firmware'.
Sep 12 05:51:23 localhost dbus[5640]: [system] Activating via systemd: service name='org.freedesktop.hostname1' unit='dbus-org.freedesktop.hostname1.service'
Sep 12 05:51:23 localhost systemd: Starting Hostname Service...
Sep 12 05:51:23 localhost systemd: Started Modem Manager.
Sep 12 05:51:23 localhost dbus[5640]: [system] Successfully activated service 'org.freedesktop.hostname1'
Sep 12 05:51:23 localhost systemd: Started Hostname Service.
Sep 12 05:51:23 localhost NetworkManager[5668]: <info>  [1568267483.1998] hostname: hostname: using hostnamed
Sep 12 05:51:23 localhost NetworkManager[5668]: <info>  [1568267483.1998] hostname: hostname changed from (none) to "localhost.localdomain"
Sep 12 05:51:23 localhost NetworkManager[5668]: <info>  [1568267483.2017] dns-mgr[0x55bacad70930]: init: dns=default, rc-manager=file
Sep 12 05:51:23 localhost NetworkManager[5668]: <info>  [1568267483.2019] manager[0x55bacad630b0]: rfkill: WiFi hardware radio set enabled
Sep 12 05:51:23 localhost NetworkManager[5668]: <info>  [1568267483.2019] manager[0x55bacad630b0]: rfkill: WWAN hardware radio set enabled
Sep 12 05:51:23 localhost dbus[5640]: [system] Activating via systemd: service name='org.freedesktop.nm_dispatcher' unit='dbus-org.freedesktop.nm-dispatcher.service'
Sep 12 05:51:23 localhost systemd: Starting Network Manager Script Dispatcher Service...
Sep 12 05:51:23 localhost dbus[5640]: [system] Successfully activated service 'org.freedesktop.PolicyKit1'
Sep 12 05:51:23 localhost systemd: Started Authorization Manager.
Sep 12 05:51:23 localhost accounts-daemon[5691]: started daemon version 0.6.50
Sep 12 05:51:23 localhost systemd: Started Accounts Service.
Sep 12 05:51:23 localhost dbus[5640]: [system] Successfully activated service 'org.freedesktop.nm_dispatcher'
Sep 12 05:51:23 localhost systemd: Started Network Manager Script Dispatcher Service.
Sep 12 05:51:23 localhost NetworkManager[5668]: <info>  [1568267483.2248] settings: Loaded settings plugin: SettingsPluginIfcfg (/usr/lib64/NetworkManager/1.12.0-6.el7/libnm-settings-plugin-ifcfg-rh.so)
Sep 12 05:51:23 localhost abrtd: Init complete, entering main loop
Sep 12 05:51:23 localhost NetworkManager[5668]: <info>  [1568267483.2259] settings: Loaded settings plugin: NMSIbftPlugin (/usr/lib64/NetworkManager/1.12.0-6.el7/libnm-settings-plugin-ibft.so)
Sep 12 05:51:23 localhost NetworkManager[5668]: <info>  [1568267483.2262] settings: Loaded settings plugin: NMSKeyfilePlugin (internal)
Sep 12 05:51:23 localhost sshd-keygen: Generating SSH2 RSA host key: [  OK  ]
Sep 12 05:51:23 localhost systemd: Started Install ABRT coredump hook.
Sep 12 05:51:23 localhost NetworkManager[5668]: <info>  [1568267483.2331] ifcfg-rh: new connection /etc/sysconfig/network-scripts/ifcfg-eno1 (d92005e4-3cef-4250-a9d4-bcdd70c30dc2,"eno1")
Sep 12 05:51:23 localhost NetworkManager[5668]: <info>  [1568267483.2343] ifcfg-rh: new connection /etc/sysconfig/network-scripts/ifcfg-enp2s0f0 (f51376ee-a6ba-431e-ba20-c6a6f7f44ccc,"enp2s0f0")
Sep 12 05:51:23 localhost NetworkManager[5668]: <info>  [1568267483.2349] ifcfg-rh: new connection /etc/sysconfig/network-scripts/ifcfg-enp2s0f1 (989d6644-3e28-4cb4-bd45-ea8b700ee3ed,"enp2s0f1")
Sep 12 05:51:23 localhost sshd-keygen: Generating SSH2 ECDSA host key: [  OK  ]
Sep 12 05:51:23 localhost NetworkManager[5668]: <info>  [1568267483.2533] manager: rfkill: WiFi enabled by radio killswitch; enabled by state file
Sep 12 05:51:23 localhost NetworkManager[5668]: <info>  [1568267483.2533] manager: rfkill: WWAN enabled by radio killswitch; enabled by state file
Sep 12 05:51:23 localhost NetworkManager[5668]: <info>  [1568267483.2534] manager: Networking is enabled by state file
Sep 12 05:51:23 localhost nm-dispatcher: req:1 'hostname': new request (4 scripts)
Sep 12 05:51:23 localhost nm-dispatcher: req:1 'hostname': start running ordered scripts...
Sep 12 05:51:23 localhost NetworkManager[5668]: <info>  [1568267483.2550] dhcp-init: Using DHCP client 'dhclient'
Sep 12 05:51:23 localhost NetworkManager[5668]: <info>  [1568267483.2607] Loaded device plugin: NMAtmManager (/usr/lib64/NetworkManager/1.12.0-6.el7/libnm-device-plugin-adsl.so)
Sep 12 05:51:23 localhost nvconfig2: Configuring NVIDIA accelerated driver, please wait...
Sep 12 05:51:23 localhost nvconfig2: >>> Process takes a few minutes with no console output <<<
Sep 12 05:51:23 localhost nvconfig2: >>> May require multiple Xorg restarts to fully utilize installed driver <<<
Sep 12 05:51:23 localhost sshd-keygen: Generating SSH2 ED25519 host key: [  OK  ]
Sep 12 05:51:23 localhost systemd: Started OpenSSH Server Key Generation.
Sep 12 05:51:23 localhost NetworkManager[5668]: <info>  [1568267483.2754] Loaded device plugin: NMBluezManager (/usr/lib64/NetworkManager/1.12.0-6.el7/libnm-device-plugin-bluetooth.so)
Sep 12 05:51:23 localhost NetworkManager[5668]: <info>  [1568267483.2771] Loaded device plugin: NMWifiFactory (/usr/lib64/NetworkManager/1.12.0-6.el7/libnm-device-plugin-wifi.so)
Sep 12 05:51:23 localhost NetworkManager[5668]: <info>  [1568267483.2823] Loaded device plugin: NMTeamFactory (/usr/lib64/NetworkManager/1.12.0-6.el7/libnm-device-plugin-team.so)
Sep 12 05:51:23 localhost systemd: Started Disk Manager.
Sep 12 05:51:23 localhost NetworkManager[5668]: <info>  [1568267483.2835] Loaded device plugin: NMWwanFactory (/usr/lib64/NetworkManager/1.12.0-6.el7/libnm-device-plugin-wwan.so)
Sep 12 05:51:23 localhost journal: Acquired the name org.freedesktop.UDisks2 on the system message bus
Sep 12 05:51:23 localhost NetworkManager[5668]: <info>  [1568267483.2946] device (lo): carrier: link connected
Sep 12 05:51:23 localhost NetworkManager[5668]: <info>  [1568267483.2952] manager: (lo): new Generic device (/org/freedesktop/NetworkManager/Devices/1)
Sep 12 05:51:23 localhost NetworkManager[5668]: <info>  [1568267483.2982] manager: (enp2s0f0): new Ethernet device (/org/freedesktop/NetworkManager/Devices/2)
Sep 12 05:51:23 localhost NetworkManager[5668]: <info>  [1568267483.3041] device (enp2s0f0): state change: unmanaged -> unavailable (reason 'managed', sys-iface-state: 'external')
Sep 12 05:51:23 localhost kernel: IPv6: ADDRCONF(NETDEV_UP): enp2s0f0: link is not ready
Sep 12 05:51:23 localhost systemd: Started VDO volume services.
Sep 12 05:51:23 localhost kernel: IPv6: ADDRCONF(NETDEV_UP): enp2s0f0: link is not ready
Sep 12 05:51:23 localhost nm-dispatcher: req:2 'connectivity-change': new request (4 scripts)
Sep 12 05:51:23 localhost nm-dispatcher: req:2 'connectivity-change': start running ordered scripts...
Sep 12 05:51:23 localhost NetworkManager[5668]: <info>  [1568267483.4270] manager: (enp2s0f1): new Ethernet device (/org/freedesktop/NetworkManager/Devices/3)
Sep 12 05:51:23 localhost NetworkManager[5668]: <info>  [1568267483.4275] device (enp2s0f1): state change: unmanaged -> unavailable (reason 'managed', sys-iface-state: 'external')
Sep 12 05:51:23 localhost kernel: IPv6: ADDRCONF(NETDEV_UP): enp2s0f1: link is not ready
Sep 12 05:51:23 localhost kernel: IPv6: ADDRCONF(NETDEV_UP): enp2s0f1: link is not ready
Sep 12 05:51:23 localhost NetworkManager[5668]: <info>  [1568267483.5393] manager: (eno1): new Ethernet device (/org/freedesktop/NetworkManager/Devices/4)
